Component: ARM Compiler 5.06 update 6 (build 750) Tool: armlink [4d35ed]

==============================================================================

Section Cross References

    startup_stm32f10x_md.o(RESET) refers to startup_stm32f10x_md.o(STACK) for __initial_sp
    startup_stm32f10x_md.o(RESET) refers to startup_stm32f10x_md.o(.text) for Reset_Handler
    startup_stm32f10x_md.o(RESET) refers to stm32f10x_it.o(i.NMI_Handler) for NMI_Handler
    startup_stm32f10x_md.o(RESET) refers to stm32f10x_it.o(i.HardFault_Handler) for HardFault_Handler
    startup_stm32f10x_md.o(RESET) refers to stm32f10x_it.o(i.MemManage_Handler) for MemManage_Handler
    startup_stm32f10x_md.o(RESET) refers to stm32f10x_it.o(i.BusFault_Handler) for BusFault_Handler
    startup_stm32f10x_md.o(RESET) refers to stm32f10x_it.o(i.UsageFault_Handler) for UsageFault_Handler
    startup_stm32f10x_md.o(RESET) refers to stm32f10x_it.o(i.SVC_Handler) for SVC_Handler
    startup_stm32f10x_md.o(RESET) refers to stm32f10x_it.o(i.DebugMon_Handler) for DebugMon_Handler
    startup_stm32f10x_md.o(RESET) refers to stm32f10x_it.o(i.PendSV_Handler) for PendSV_Handler
    startup_stm32f10x_md.o(RESET) refers to delay.o(i.SysTick_Handler) for SysTick_Handler
    startup_stm32f10x_md.o(RESET) refers to serial.o(i.USART1_IRQHandler) for USART1_IRQHandler
    startup_stm32f10x_md.o(.text) refers to system_stm32f10x.o(i.SystemInit) for SystemInit
    startup_stm32f10x_md.o(.text) refers to entry.o(.ARM.Collect$$$$00000000) for __main
    stm32f10x_adc.o(i.ADC_DeInit) refers to stm32f10x_rcc.o(i.RCC_APB2PeriphResetCmd) for RCC_APB2PeriphResetCmd
    stm32f10x_gpio.o(i.GPIO_AFIODeInit) refers to stm32f10x_rcc.o(i.RCC_APB2PeriphResetCmd) for RCC_APB2PeriphResetCmd
    stm32f10x_gpio.o(i.GPIO_DeInit) refers to stm32f10x_rcc.o(i.RCC_APB2PeriphResetCmd) for RCC_APB2PeriphResetCmd
    stm32f10x_rcc.o(i.RCC_GetClocksFreq) refers to stm32f10x_rcc.o(.data) for APBAHBPrescTable
    stm32f10x_rcc.o(i.RCC_WaitForHSEStartUp) refers to stm32f10x_rcc.o(i.RCC_GetFlagStatus) for RCC_GetFlagStatus
    stm32f10x_usart.o(i.USART_DeInit) refers to stm32f10x_rcc.o(i.RCC_APB2PeriphResetCmd) for RCC_APB2PeriphResetCmd
    stm32f10x_usart.o(i.USART_DeInit) refers to stm32f10x_rcc.o(i.RCC_APB1PeriphResetCmd) for RCC_APB1PeriphResetCmd
    stm32f10x_usart.o(i.USART_Init) refers to stm32f10x_rcc.o(i.RCC_GetClocksFreq) for RCC_GetClocksFreq
    stm32f10x_flash.o(i.FLASH_EnableWriteProtection) refers to stm32f10x_flash.o(i.FLASH_WaitForLastOperation) for FLASH_WaitForLastOperation
    stm32f10x_flash.o(i.FLASH_EraseAllBank1Pages) refers to stm32f10x_flash.o(i.FLASH_WaitForLastBank1Operation) for FLASH_WaitForLastBank1Operation
    stm32f10x_flash.o(i.FLASH_EraseAllPages) refers to stm32f10x_flash.o(i.FLASH_WaitForLastOperation) for FLASH_WaitForLastOperation
    stm32f10x_flash.o(i.FLASH_EraseOptionBytes) refers to stm32f10x_flash.o(i.FLASH_GetReadOutProtectionStatus) for FLASH_GetReadOutProtectionStatus
    stm32f10x_flash.o(i.FLASH_EraseOptionBytes) refers to stm32f10x_flash.o(i.FLASH_WaitForLastOperation) for FLASH_WaitForLastOperation
    stm32f10x_flash.o(i.FLASH_ErasePage) refers to stm32f10x_flash.o(i.FLASH_WaitForLastOperation) for FLASH_WaitForLastOperation
    stm32f10x_flash.o(i.FLASH_ProgramHalfWord) refers to stm32f10x_flash.o(i.FLASH_WaitForLastOperation) for FLASH_WaitForLastOperation
    stm32f10x_flash.o(i.FLASH_ProgramOptionByteData) refers to stm32f10x_flash.o(i.FLASH_WaitForLastOperation) for FLASH_WaitForLastOperation
    stm32f10x_flash.o(i.FLASH_ProgramWord) refers to stm32f10x_flash.o(i.FLASH_WaitForLastOperation) for FLASH_WaitForLastOperation
    stm32f10x_flash.o(i.FLASH_ReadOutProtection) refers to stm32f10x_flash.o(i.FLASH_WaitForLastOperation) for FLASH_WaitForLastOperation
    stm32f10x_flash.o(i.FLASH_UserOptionByteConfig) refers to stm32f10x_flash.o(i.FLASH_WaitForLastOperation) for FLASH_WaitForLastOperation
    stm32f10x_flash.o(i.FLASH_WaitForLastBank1Operation) refers to stm32f10x_flash.o(i.FLASH_GetBank1Status) for FLASH_GetBank1Status
    stm32f10x_flash.o(i.FLASH_WaitForLastOperation) refers to stm32f10x_flash.o(i.FLASH_GetBank1Status) for FLASH_GetBank1Status
    main.o(i.Flash_WriteData) refers to stm32f10x_flash.o(i.FLASH_Unlock) for FLASH_Unlock
    main.o(i.Flash_WriteData) refers to stm32f10x_flash.o(i.FLASH_ErasePage) for FLASH_ErasePage
    main.o(i.Flash_WriteData) refers to stm32f10x_flash.o(i.FLASH_ProgramWord) for FLASH_ProgramWord
    main.o(i.Flash_WriteData) refers to stm32f10x_flash.o(i.FLASH_Lock) for FLASH_Lock
    main.o(i.Led_Config) refers to stm32f10x_rcc.o(i.RCC_APB2PeriphClockCmd) for RCC_APB2PeriphClockCmd
    main.o(i.Led_Config) refers to stm32f10x_gpio.o(i.GPIO_Init) for GPIO_Init
    main.o(i.main) refers to delay.o(i.SysTick_Init) for SysTick_Init
    main.o(i.main) refers to serial.o(i.Serial_Begin) for Serial_Begin
    main.o(i.main) refers to main.o(i.Led_Config) for Led_Config
    main.o(i.main) refers to stm32f10x_gpio.o(i.GPIO_WriteBit) for GPIO_WriteBit
    main.o(i.main) refers to main.o(i.Flash_ReadData) for Flash_ReadData
    main.o(i.main) refers to serial.o(i.Serial_Printf) for Serial_Printf
    main.o(i.main) refers to main.o(i.Flash_WriteData) for Flash_WriteData
    main.o(i.main) refers to delay.o(i.delay_ms) for delay_ms
    main.o(i.main) refers to main.o(.data) for readData
    system_stm32f10x.o(i.SetSysClock) refers to system_stm32f10x.o(i.SetSysClockTo72) for SetSysClockTo72
    system_stm32f10x.o(i.SystemCoreClockUpdate) refers to system_stm32f10x.o(.data) for SystemCoreClock
    system_stm32f10x.o(i.SystemInit) refers to system_stm32f10x.o(i.SetSysClock) for SetSysClock
    delay.o(i.SysTick32) refers to delay.o(.data) for SysTickCounter
    delay.o(i.SysTick64) refers to delay.o(.data) for SysTickCounter
    delay.o(i.SysTick_Handler) refers to delay.o(.data) for SysTickCounter
    delay.o(i.SysTick_Micros) refers to delay.o(i.SysTick64) for SysTick64
    delay.o(i.SysTick_Micros) refers to uldiv.o(.text) for __aeabi_uldivmod
    delay.o(i.SysTick_Millis) refers to delay.o(i.SysTick64) for SysTick64
    delay.o(i.SysTick_Millis) refers to uldiv.o(.text) for __aeabi_uldivmod
    delay.o(i.delay_ms) refers to delay.o(i.delay_us) for delay_us
    delay.o(i.delay_us) refers to delay.o(i.SysTick32) for SysTick32
    button.o(i.Button_Config) refers to stm32f10x_rcc.o(i.RCC_APB2PeriphClockCmd) for RCC_APB2PeriphClockCmd
    button.o(i.Button_Config) refers to stm32f10x_gpio.o(i.GPIO_Init) for GPIO_Init
    button.o(i.Button_OnHold) refers to button.o(i.Button_Update) for Button_Update
    button.o(i.Button_OnPress) refers to button.o(i.Button_Update) for Button_Update
    button.o(i.Button_Update) refers to delay.o(i.SysTick_Millis) for SysTick_Millis
    button.o(i.Button_Update) refers to stm32f10x_gpio.o(i.GPIO_ReadInputDataBit) for GPIO_ReadInputDataBit
    serial.o(i.Serial_Available) refers to ringbuffer.o(i.RB_Available) for RB_Available
    serial.o(i.Serial_Available) refers to serial.o(.data) for ring_buffer
    serial.o(i.Serial_Begin) refers to ringbuffer.o(i.RB_Init) for RB_Init
    serial.o(i.Serial_Begin) refers to stm32f10x_rcc.o(i.RCC_APB2PeriphClockCmd) for RCC_APB2PeriphClockCmd
    serial.o(i.Serial_Begin) refers to stm32f10x_gpio.o(i.GPIO_Init) for GPIO_Init
    serial.o(i.Serial_Begin) refers to stm32f10x_usart.o(i.USART_Init) for USART_Init
    serial.o(i.Serial_Begin) refers to stm32f10x_usart.o(i.USART_Cmd) for USART_Cmd
    serial.o(i.Serial_Begin) refers to stm32f10x_usart.o(i.USART_ITConfig) for USART_ITConfig
    serial.o(i.Serial_Begin) refers to misc.o(i.NVIC_PriorityGroupConfig) for NVIC_PriorityGroupConfig
    serial.o(i.Serial_Begin) refers to misc.o(i.NVIC_Init) for NVIC_Init
    serial.o(i.Serial_Begin) refers to serial.o(.bss) for Rx_BufArr
    serial.o(i.Serial_Begin) refers to serial.o(.data) for ring_buffer
    serial.o(i.Serial_Printf) refers to printfa.o(i.__0vsprintf) for vsprintf
    serial.o(i.Serial_Printf) refers to serial.o(i.UART_SendString) for UART_SendString
    serial.o(i.Serial_Read) refers to ringbuffer.o(i.RB_Pop) for RB_Pop
    serial.o(i.Serial_Read) refers to serial.o(.data) for ring_buffer
    serial.o(i.UART_SendChar) refers to stm32f10x_usart.o(i.USART_SendData) for USART_SendData
    serial.o(i.UART_SendChar) refers to stm32f10x_usart.o(i.USART_GetFlagStatus) for USART_GetFlagStatus
    serial.o(i.UART_SendString) refers to serial.o(i.UART_SendChar) for UART_SendChar
    serial.o(i.USART1_IRQHandler) refers to serial.o(i.USART_GetChar) for USART_GetChar
    serial.o(i.USART1_IRQHandler) refers to ringbuffer.o(i.RB_Push) for RB_Push
    serial.o(i.USART1_IRQHandler) refers to serial.o(.data) for ring_buffer
    serial.o(i.USART_GetChar) refers to stm32f10x_usart.o(i.USART_GetFlagStatus) for USART_GetFlagStatus
    entry.o(.ARM.Collect$$$$00000000) refers (Special) to entry10a.o(.ARM.Collect$$$$0000000D) for __rt_final_cpp
    entry.o(.ARM.Collect$$$$00000000) refers (Special) to entry11a.o(.ARM.Collect$$$$0000000F) for __rt_final_exit
    entry.o(.ARM.Collect$$$$00000000) refers (Special) to entry7b.o(.ARM.Collect$$$$00000008) for _main_clock
    entry.o(.ARM.Collect$$$$00000000) refers (Special) to entry8b.o(.ARM.Collect$$$$0000000A) for _main_cpp_init
    entry.o(.ARM.Collect$$$$00000000) refers (Special) to entry9a.o(.ARM.Collect$$$$0000000B) for _main_init
    entry.o(.ARM.Collect$$$$00000000) refers (Special) to entry5.o(.ARM.Collect$$$$00000004) for _main_scatterload
    entry.o(.ARM.Collect$$$$00000000) refers (Special) to entry2.o(.ARM.Collect$$$$00000001) for _main_stk
    uldiv.o(.text) refers to llushr.o(.text) for __aeabi_llsr
    uldiv.o(.text) refers to llshl.o(.text) for __aeabi_llsl
    printfa.o(i.__0fprintf) refers (Special) to iusefp.o(.text) for __I$use$fp
    printfa.o(i.__0fprintf) refers to printfa.o(i._printf_core) for _printf_core
    printfa.o(i.__0fprintf) refers to fputc.o(i.fputc) for fputc
    printfa.o(i.__0printf) refers (Special) to iusefp.o(.text) for __I$use$fp
    printfa.o(i.__0printf) refers to printfa.o(i._printf_core) for _printf_core
    printfa.o(i.__0printf) refers to fputc.o(i.fputc) for fputc
    printfa.o(i.__0printf) refers to stdout.o(.data) for __stdout
    printfa.o(i.__0snprintf) refers (Special) to iusefp.o(.text) for __I$use$fp
    printfa.o(i.__0snprintf) refers to printfa.o(i._printf_core) for _printf_core
    printfa.o(i.__0snprintf) refers to printfa.o(i._snputc) for _snputc
    printfa.o(i.__0sprintf) refers (Special) to iusefp.o(.text) for __I$use$fp
    printfa.o(i.__0sprintf) refers to printfa.o(i._printf_core) for _printf_core
    printfa.o(i.__0sprintf) refers to printfa.o(i._sputc) for _sputc
    printfa.o(i.__0vfprintf) refers (Special) to iusefp.o(.text) for __I$use$fp
    printfa.o(i.__0vfprintf) refers to printfa.o(i._printf_core) for _printf_core
    printfa.o(i.__0vfprintf) refers to fputc.o(i.fputc) for fputc
    printfa.o(i.__0vprintf) refers (Special) to iusefp.o(.text) for __I$use$fp
    printfa.o(i.__0vprintf) refers to printfa.o(i._printf_core) for _printf_core
    printfa.o(i.__0vprintf) refers to fputc.o(i.fputc) for fputc
    printfa.o(i.__0vprintf) refers to stdout.o(.data) for __stdout
    printfa.o(i.__0vsnprintf) refers (Special) to iusefp.o(.text) for __I$use$fp
    printfa.o(i.__0vsnprintf) refers to printfa.o(i._printf_core) for _printf_core
    printfa.o(i.__0vsnprintf) refers to printfa.o(i._snputc) for _snputc
    printfa.o(i.__0vsprintf) refers (Special) to iusefp.o(.text) for __I$use$fp
    printfa.o(i.__0vsprintf) refers to printfa.o(i._printf_core) for _printf_core
    printfa.o(i.__0vsprintf) refers to printfa.o(i._sputc) for _sputc
    printfa.o(i._fp_digits) refers (Special) to iusefp.o(.text) for __I$use$fp
    printfa.o(i._fp_digits) refers to dmul.o(.text) for __aeabi_dmul
    printfa.o(i._fp_digits) refers to ddiv.o(.text) for __aeabi_ddiv
    printfa.o(i._fp_digits) refers to cdrcmple.o(.text) for __aeabi_cdrcmple
    printfa.o(i._fp_digits) refers to dadd.o(.text) for __aeabi_dadd
    printfa.o(i._fp_digits) refers to dfixul.o(.text) for __aeabi_d2ulz
    printfa.o(i._fp_digits) refers to uldiv.o(.text) for __aeabi_uldivmod
    printfa.o(i._printf_core) refers (Special) to iusefp.o(.text) for __I$use$fp
    printfa.o(i._printf_core) refers to printfa.o(i._printf_pre_padding) for _printf_pre_padding
    printfa.o(i._printf_core) refers to uldiv.o(.text) for __aeabi_uldivmod
    printfa.o(i._printf_core) refers to printfa.o(i._printf_post_padding) for _printf_post_padding
    printfa.o(i._printf_core) refers to printfa.o(i._fp_digits) for _fp_digits
    printfa.o(i._printf_core) refers to uidiv.o(.text) for __aeabi_uidivmod
    printfa.o(i._printf_post_padding) refers (Special) to iusefp.o(.text) for __I$use$fp
    printfa.o(i._printf_pre_padding) refers (Special) to iusefp.o(.text) for __I$use$fp
    printfa.o(i._snputc) refers (Special) to iusefp.o(.text) for __I$use$fp
    printfa.o(i._sputc) refers (Special) to iusefp.o(.text) for __I$use$fp
    entry2.o(.ARM.Collect$$$$00000001) refers to entry2.o(.ARM.Collect$$$$00002712) for __lit__00000000
    entry2.o(.ARM.Collect$$$$00002712) refers to startup_stm32f10x_md.o(STACK) for __initial_sp
    entry2.o(__vectab_stack_and_reset_area) refers to startup_stm32f10x_md.o(STACK) for __initial_sp
    entry2.o(__vectab_stack_and_reset_area) refers to entry.o(.ARM.Collect$$$$00000000) for __main
    entry5.o(.ARM.Collect$$$$00000004) refers to init.o(.text) for __scatterload
    entry9a.o(.ARM.Collect$$$$0000000B) refers to main.o(i.main) for main
    entry9b.o(.ARM.Collect$$$$0000000C) refers to main.o(i.main) for main
    fputc.o(i.fputc) refers (Special) to iusesemip.o(.text) for __I$use$semihosting$fputc
    fputc.o(i.fputc) refers (Special) to semi.o(.text) for __semihosting_library_function
    dadd.o(.text) refers to llshl.o(.text) for __aeabi_llsl
    dadd.o(.text) refers to llsshr.o(.text) for __aeabi_lasr
    dadd.o(.text) refers to depilogue.o(.text) for _double_epilogue
    dmul.o(.text) refers to depilogue.o(.text) for _double_epilogue
    ddiv.o(.text) refers to depilogue.o(.text) for _double_round
    dfixul.o(.text) refers to llushr.o(.text) for __aeabi_llsr
    dfixul.o(.text) refers to llshl.o(.text) for __aeabi_llsl
    init.o(.text) refers to entry5.o(.ARM.Collect$$$$00000004) for __main_after_scatterload
    depilogue.o(.text) refers to llshl.o(.text) for __aeabi_llsl
    depilogue.o(.text) refers to llushr.o(.text) for __aeabi_llsr


==============================================================================

Removing Unused input sections from the image.

    Removing core_cm3.o(.emb_text), (32 bytes).
    Removing startup_stm32f10x_md.o(HEAP), (512 bytes).
    Removing misc.o(i.NVIC_SetVectorTable), (20 bytes).
    Removing misc.o(i.NVIC_SystemLPConfig), (32 bytes).
    Removing misc.o(i.SysTick_CLKSourceConfig), (40 bytes).
    Removing stm32f10x_adc.o(i.ADC_AnalogWatchdogCmd), (20 bytes).
    Removing stm32f10x_adc.o(i.ADC_AnalogWatchdogSingleChannelConfig), (16 bytes).
    Removing stm32f10x_adc.o(i.ADC_AnalogWatchdogThresholdsConfig), (6 bytes).
    Removing stm32f10x_adc.o(i.ADC_AutoInjectedConvCmd), (22 bytes).
    Removing stm32f10x_adc.o(i.ADC_ClearFlag), (6 bytes).
    Removing stm32f10x_adc.o(i.ADC_ClearITPendingBit), (10 bytes).
    Removing stm32f10x_adc.o(i.ADC_Cmd), (22 bytes).
    Removing stm32f10x_adc.o(i.ADC_DMACmd), (22 bytes).
    Removing stm32f10x_adc.o(i.ADC_DeInit), (92 bytes).
    Removing stm32f10x_adc.o(i.ADC_DiscModeChannelCountConfig), (24 bytes).
    Removing stm32f10x_adc.o(i.ADC_DiscModeCmd), (22 bytes).
    Removing stm32f10x_adc.o(i.ADC_ExternalTrigConvCmd), (22 bytes).
    Removing stm32f10x_adc.o(i.ADC_ExternalTrigInjectedConvCmd), (22 bytes).
    Removing stm32f10x_adc.o(i.ADC_ExternalTrigInjectedConvConfig), (16 bytes).
    Removing stm32f10x_adc.o(i.ADC_GetCalibrationStatus), (20 bytes).
    Removing stm32f10x_adc.o(i.ADC_GetConversionValue), (8 bytes).
    Removing stm32f10x_adc.o(i.ADC_GetDualModeConversionValue), (12 bytes).
    Removing stm32f10x_adc.o(i.ADC_GetFlagStatus), (18 bytes).
    Removing stm32f10x_adc.o(i.ADC_GetITStatus), (36 bytes).
    Removing stm32f10x_adc.o(i.ADC_GetInjectedConversionValue), (28 bytes).
    Removing stm32f10x_adc.o(i.ADC_GetResetCalibrationStatus), (20 bytes).
    Removing stm32f10x_adc.o(i.ADC_GetSoftwareStartConvStatus), (20 bytes).
    Removing stm32f10x_adc.o(i.ADC_GetSoftwareStartInjectedConvCmdStatus), (20 bytes).
    Removing stm32f10x_adc.o(i.ADC_ITConfig), (24 bytes).
    Removing stm32f10x_adc.o(i.ADC_Init), (80 bytes).
    Removing stm32f10x_adc.o(i.ADC_InjectedChannelConfig), (130 bytes).
    Removing stm32f10x_adc.o(i.ADC_InjectedDiscModeCmd), (22 bytes).
    Removing stm32f10x_adc.o(i.ADC_InjectedSequencerLengthConfig), (24 bytes).
    Removing stm32f10x_adc.o(i.ADC_RegularChannelConfig), (184 bytes).
    Removing stm32f10x_adc.o(i.ADC_ResetCalibration), (10 bytes).
    Removing stm32f10x_adc.o(i.ADC_SetInjectedOffset), (20 bytes).
    Removing stm32f10x_adc.o(i.ADC_SoftwareStartConvCmd), (22 bytes).
    Removing stm32f10x_adc.o(i.ADC_SoftwareStartInjectedConvCmd), (22 bytes).
    Removing stm32f10x_adc.o(i.ADC_StartCalibration), (10 bytes).
    Removing stm32f10x_adc.o(i.ADC_StructInit), (18 bytes).
    Removing stm32f10x_adc.o(i.ADC_TempSensorVrefintCmd), (36 bytes).
    Removing stm32f10x_gpio.o(i.GPIO_AFIODeInit), (20 bytes).
    Removing stm32f10x_gpio.o(i.GPIO_DeInit), (200 bytes).
    Removing stm32f10x_gpio.o(i.GPIO_ETH_MediaInterfaceConfig), (12 bytes).
    Removing stm32f10x_gpio.o(i.GPIO_EXTILineConfig), (64 bytes).
    Removing stm32f10x_gpio.o(i.GPIO_EventOutputCmd), (12 bytes).
    Removing stm32f10x_gpio.o(i.GPIO_EventOutputConfig), (32 bytes).
    Removing stm32f10x_gpio.o(i.GPIO_PinLockConfig), (18 bytes).
    Removing stm32f10x_gpio.o(i.GPIO_PinRemapConfig), (144 bytes).
    Removing stm32f10x_gpio.o(i.GPIO_ReadInputData), (8 bytes).
    Removing stm32f10x_gpio.o(i.GPIO_ReadInputDataBit), (18 bytes).
    Removing stm32f10x_gpio.o(i.GPIO_ReadOutputData), (8 bytes).
    Removing stm32f10x_gpio.o(i.GPIO_ReadOutputDataBit), (18 bytes).
    Removing stm32f10x_gpio.o(i.GPIO_ResetBits), (4 bytes).
    Removing stm32f10x_gpio.o(i.GPIO_SetBits), (4 bytes).
    Removing stm32f10x_gpio.o(i.GPIO_StructInit), (16 bytes).
    Removing stm32f10x_gpio.o(i.GPIO_Write), (4 bytes).
    Removing stm32f10x_rcc.o(i.RCC_ADCCLKConfig), (24 bytes).
    Removing stm32f10x_rcc.o(i.RCC_AHBPeriphClockCmd), (32 bytes).
    Removing stm32f10x_rcc.o(i.RCC_APB1PeriphClockCmd), (32 bytes).
    Removing stm32f10x_rcc.o(i.RCC_APB1PeriphResetCmd), (32 bytes).
    Removing stm32f10x_rcc.o(i.RCC_APB2PeriphResetCmd), (32 bytes).
    Removing stm32f10x_rcc.o(i.RCC_AdjustHSICalibrationValue), (24 bytes).
    Removing stm32f10x_rcc.o(i.RCC_BackupResetCmd), (12 bytes).
    Removing stm32f10x_rcc.o(i.RCC_ClearFlag), (20 bytes).
    Removing stm32f10x_rcc.o(i.RCC_ClearITPendingBit), (12 bytes).
    Removing stm32f10x_rcc.o(i.RCC_ClockSecuritySystemCmd), (12 bytes).
    Removing stm32f10x_rcc.o(i.RCC_DeInit), (76 bytes).
    Removing stm32f10x_rcc.o(i.RCC_GetFlagStatus), (60 bytes).
    Removing stm32f10x_rcc.o(i.RCC_GetITStatus), (24 bytes).
    Removing stm32f10x_rcc.o(i.RCC_GetSYSCLKSource), (16 bytes).
    Removing stm32f10x_rcc.o(i.RCC_HCLKConfig), (24 bytes).
    Removing stm32f10x_rcc.o(i.RCC_HSEConfig), (76 bytes).
    Removing stm32f10x_rcc.o(i.RCC_HSICmd), (12 bytes).
    Removing stm32f10x_rcc.o(i.RCC_ITConfig), (32 bytes).
    Removing stm32f10x_rcc.o(i.RCC_LSEConfig), (52 bytes).
    Removing stm32f10x_rcc.o(i.RCC_LSICmd), (12 bytes).
    Removing stm32f10x_rcc.o(i.RCC_MCOConfig), (12 bytes).
    Removing stm32f10x_rcc.o(i.RCC_PCLK1Config), (24 bytes).
    Removing stm32f10x_rcc.o(i.RCC_PCLK2Config), (24 bytes).
    Removing stm32f10x_rcc.o(i.RCC_PLLCmd), (12 bytes).
    Removing stm32f10x_rcc.o(i.RCC_PLLConfig), (28 bytes).
    Removing stm32f10x_rcc.o(i.RCC_RTCCLKCmd), (12 bytes).
    Removing stm32f10x_rcc.o(i.RCC_RTCCLKConfig), (16 bytes).
    Removing stm32f10x_rcc.o(i.RCC_SYSCLKConfig), (24 bytes).
    Removing stm32f10x_rcc.o(i.RCC_USBCLKConfig), (12 bytes).
    Removing stm32f10x_rcc.o(i.RCC_WaitForHSEStartUp), (56 bytes).
    Removing stm32f10x_usart.o(i.USART_ClearFlag), (18 bytes).
    Removing stm32f10x_usart.o(i.USART_ClearITPendingBit), (30 bytes).
    Removing stm32f10x_usart.o(i.USART_ClockInit), (34 bytes).
    Removing stm32f10x_usart.o(i.USART_ClockStructInit), (12 bytes).
    Removing stm32f10x_usart.o(i.USART_DMACmd), (18 bytes).
    Removing stm32f10x_usart.o(i.USART_DeInit), (156 bytes).
    Removing stm32f10x_usart.o(i.USART_GetITStatus), (84 bytes).
    Removing stm32f10x_usart.o(i.USART_HalfDuplexCmd), (24 bytes).
    Removing stm32f10x_usart.o(i.USART_IrDACmd), (24 bytes).
    Removing stm32f10x_usart.o(i.USART_IrDAConfig), (18 bytes).
    Removing stm32f10x_usart.o(i.USART_LINBreakDetectLengthConfig), (18 bytes).
    Removing stm32f10x_usart.o(i.USART_LINCmd), (24 bytes).
    Removing stm32f10x_usart.o(i.USART_OneBitMethodCmd), (24 bytes).
    Removing stm32f10x_usart.o(i.USART_OverSampling8Cmd), (22 bytes).
    Removing stm32f10x_usart.o(i.USART_ReceiveData), (10 bytes).
    Removing stm32f10x_usart.o(i.USART_ReceiverWakeUpCmd), (24 bytes).
    Removing stm32f10x_usart.o(i.USART_SendBreak), (10 bytes).
    Removing stm32f10x_usart.o(i.USART_SetAddress), (18 bytes).
    Removing stm32f10x_usart.o(i.USART_SetGuardTime), (16 bytes).
    Removing stm32f10x_usart.o(i.USART_SetPrescaler), (16 bytes).
    Removing stm32f10x_usart.o(i.USART_SmartCardCmd), (24 bytes).
    Removing stm32f10x_usart.o(i.USART_SmartCardNACKCmd), (24 bytes).
    Removing stm32f10x_usart.o(i.USART_StructInit), (24 bytes).
    Removing stm32f10x_usart.o(i.USART_WakeUpConfig), (18 bytes).
    Removing stm32f10x_flash.o(i.FLASH_ClearFlag), (12 bytes).
    Removing stm32f10x_flash.o(i.FLASH_EnableWriteProtection), (196 bytes).
    Removing stm32f10x_flash.o(i.FLASH_EraseAllBank1Pages), (72 bytes).
    Removing stm32f10x_flash.o(i.FLASH_EraseAllPages), (72 bytes).
    Removing stm32f10x_flash.o(i.FLASH_EraseOptionBytes), (168 bytes).
    Removing stm32f10x_flash.o(i.FLASH_GetFlagStatus), (48 bytes).
    Removing stm32f10x_flash.o(i.FLASH_GetPrefetchBufferStatus), (24 bytes).
    Removing stm32f10x_flash.o(i.FLASH_GetReadOutProtectionStatus), (24 bytes).
    Removing stm32f10x_flash.o(i.FLASH_GetStatus), (52 bytes).
    Removing stm32f10x_flash.o(i.FLASH_GetUserOptionByte), (12 bytes).
    Removing stm32f10x_flash.o(i.FLASH_GetWriteProtectionOptionByte), (12 bytes).
    Removing stm32f10x_flash.o(i.FLASH_HalfCycleAccessCmd), (28 bytes).
    Removing stm32f10x_flash.o(i.FLASH_ITConfig), (32 bytes).
    Removing stm32f10x_flash.o(i.FLASH_LockBank1), (20 bytes).
    Removing stm32f10x_flash.o(i.FLASH_PrefetchBufferCmd), (28 bytes).
    Removing stm32f10x_flash.o(i.FLASH_ProgramHalfWord), (64 bytes).
    Removing stm32f10x_flash.o(i.FLASH_ProgramOptionByteData), (84 bytes).
    Removing stm32f10x_flash.o(i.FLASH_ReadOutProtection), (172 bytes).
    Removing stm32f10x_flash.o(i.FLASH_SetLatency), (24 bytes).
    Removing stm32f10x_flash.o(i.FLASH_UnlockBank1), (24 bytes).
    Removing stm32f10x_flash.o(i.FLASH_UserOptionByteConfig), (104 bytes).
    Removing stm32f10x_flash.o(i.FLASH_WaitForLastBank1Operation), (38 bytes).
    Removing system_stm32f10x.o(i.SystemCoreClockUpdate), (164 bytes).
    Removing system_stm32f10x.o(.data), (20 bytes).
    Removing delay.o(i.SysTick24), (10 bytes).
    Removing delay.o(i.SysTick64), (36 bytes).
    Removing delay.o(i.SysTick_Micros), (18 bytes).
    Removing delay.o(i.SysTick_Millis), (24 bytes).
    Removing button.o(i.Button_Config), (108 bytes).
    Removing button.o(i.Button_OnHold), (40 bytes).
    Removing button.o(i.Button_OnPress), (40 bytes).
    Removing button.o(i.Button_SetHoldTime), (4 bytes).
    Removing button.o(i.Button_Update), (152 bytes).
    Removing ringbuffer.o(i.RB_Available), (46 bytes).
    Removing ringbuffer.o(i.RB_Pop), (54 bytes).
    Removing serial.o(i.Serial_Available), (20 bytes).
    Removing serial.o(i.Serial_Read), (20 bytes).

148 unused section(s) (total 5916 bytes) removed from the image.

==============================================================================

Image Symbol Table

    Local Symbols

    Symbol Name                              Value     Ov Type        Size  Object(Section)

    ../clib/microlib/division.c              0x00000000   Number         0  uldiv.o ABSOLUTE
    ../clib/microlib/division.c              0x00000000   Number         0  uidiv.o ABSOLUTE
    ../clib/microlib/init/entry.s            0x00000000   Number         0  entry8b.o ABSOLUTE
    ../clib/microlib/init/entry.s            0x00000000   Number         0  entry10b.o ABSOLUTE
    ../clib/microlib/init/entry.s            0x00000000   Number         0  entry.o ABSOLUTE
    ../clib/microlib/init/entry.s            0x00000000   Number         0  entry7b.o ABSOLUTE
    ../clib/microlib/init/entry.s            0x00000000   Number         0  entry11a.o ABSOLUTE
    ../clib/microlib/init/entry.s            0x00000000   Number         0  entry7a.o ABSOLUTE
    ../clib/microlib/init/entry.s            0x00000000   Number         0  entry5.o ABSOLUTE
    ../clib/microlib/init/entry.s            0x00000000   Number         0  entry11b.o ABSOLUTE
    ../clib/microlib/init/entry.s            0x00000000   Number         0  entry9a.o ABSOLUTE
    ../clib/microlib/init/entry.s            0x00000000   Number         0  entry2.o ABSOLUTE
    ../clib/microlib/init/entry.s            0x00000000   Number         0  entry8a.o ABSOLUTE
    ../clib/microlib/init/entry.s            0x00000000   Number         0  entry9b.o ABSOLUTE
    ../clib/microlib/init/entry.s            0x00000000   Number         0  entry10a.o ABSOLUTE
    ../clib/microlib/longlong.c              0x00000000   Number         0  llsshr.o ABSOLUTE
    ../clib/microlib/longlong.c              0x00000000   Number         0  llshl.o ABSOLUTE
    ../clib/microlib/longlong.c              0x00000000   Number         0  llushr.o ABSOLUTE
    ../clib/microlib/printf/printf.c         0x00000000   Number         0  printfa.o ABSOLUTE
    ../clib/microlib/stdio/fputc.c           0x00000000   Number         0  fputc.o ABSOLUTE
    ../clib/microlib/stdio/semi.s            0x00000000   Number         0  semi.o ABSOLUTE
    ../clib/microlib/stdio/streams.c         0x00000000   Number         0  stdout.o ABSOLUTE
    ../clib/microlib/stubs.s                 0x00000000   Number         0  iusesemip.o ABSOLUTE
    ../clib/microlib/stubs.s                 0x00000000   Number         0  iusefp.o ABSOLUTE
    ../fplib/microlib/fpadd.c                0x00000000   Number         0  dadd.o ABSOLUTE
    ../fplib/microlib/fpdiv.c                0x00000000   Number         0  ddiv.o ABSOLUTE
    ../fplib/microlib/fpepilogue.c           0x00000000   Number         0  depilogue.o ABSOLUTE
    ../fplib/microlib/fpfix.c                0x00000000   Number         0  dfixul.o ABSOLUTE
    ../fplib/microlib/fpmul.c                0x00000000   Number         0  dmul.o ABSOLUTE
    ..\..\lib\CMSIS\CM3\CoreSupport\core_cm3.c 0x00000000   Number         0  core_cm3.o ABSOLUTE
    ..\..\lib\CMSIS\CM3\DeviceSupport\ST\STM32F10x\startup\arm\startup_stm32f10x_md.s 0x00000000   Number         0  startup_stm32f10x_md.o ABSOLUTE
    ..\..\lib\STM32F10x_StdPeriph_Driver\src\misc.c 0x00000000   Number         0  misc.o ABSOLUTE
    ..\..\lib\STM32F10x_StdPeriph_Driver\src\stm32f10x_adc.c 0x00000000   Number         0  stm32f10x_adc.o ABSOLUTE
    ..\..\lib\STM32F10x_StdPeriph_Driver\src\stm32f10x_flash.c 0x00000000   Number         0  stm32f10x_flash.o ABSOLUTE
    ..\..\lib\STM32F10x_StdPeriph_Driver\src\stm32f10x_gpio.c 0x00000000   Number         0  stm32f10x_gpio.o ABSOLUTE
    ..\..\lib\STM32F10x_StdPeriph_Driver\src\stm32f10x_rcc.c 0x00000000   Number         0  stm32f10x_rcc.o ABSOLUTE
    ..\..\lib\STM32F10x_StdPeriph_Driver\src\stm32f10x_usart.c 0x00000000   Number         0  stm32f10x_usart.o ABSOLUTE
    ..\..\myLibrary\Button.c                 0x00000000   Number         0  button.o ABSOLUTE
    ..\..\myLibrary\Delay.c                  0x00000000   Number         0  delay.o ABSOLUTE
    ..\..\myLibrary\RingBuffer.c             0x00000000   Number         0  ringbuffer.o ABSOLUTE
    ..\..\myLibrary\Serial.c                 0x00000000   Number         0  serial.o ABSOLUTE
    ..\\..\\lib\\CMSIS\\CM3\\CoreSupport\\core_cm3.c 0x00000000   Number         0  core_cm3.o ABSOLUTE
    ..\main.c                                0x00000000   Number         0  main.o ABSOLUTE
    ..\stm32f10x_it.c                        0x00000000   Number         0  stm32f10x_it.o ABSOLUTE
    ..\system_stm32f10x.c                    0x00000000   Number         0  system_stm32f10x.o ABSOLUTE
    cdrcmple.s                               0x00000000   Number         0  cdrcmple.o ABSOLUTE
    dc.s                                     0x00000000   Number         0  dc.o ABSOLUTE
    handlers.s                               0x00000000   Number         0  handlers.o ABSOLUTE
    init.s                                   0x00000000   Number         0  init.o ABSOLUTE
    RESET                                    0x08000000   Section      236  startup_stm32f10x_md.o(RESET)
    .ARM.Collect$$$$00000000                 0x080000ec   Section        0  entry.o(.ARM.Collect$$$$00000000)
    .ARM.Collect$$$$00000001                 0x080000ec   Section        4  entry2.o(.ARM.Collect$$$$00000001)
    .ARM.Collect$$$$00000004                 0x080000f0   Section        4  entry5.o(.ARM.Collect$$$$00000004)
    .ARM.Collect$$$$00000008                 0x080000f4   Section        0  entry7b.o(.ARM.Collect$$$$00000008)
    .ARM.Collect$$$$0000000A                 0x080000f4   Section        0  entry8b.o(.ARM.Collect$$$$0000000A)
    .ARM.Collect$$$$0000000B                 0x080000f4   Section        8  entry9a.o(.ARM.Collect$$$$0000000B)
    .ARM.Collect$$$$0000000D                 0x080000fc   Section        0  entry10a.o(.ARM.Collect$$$$0000000D)
    .ARM.Collect$$$$0000000F                 0x080000fc   Section        0  entry11a.o(.ARM.Collect$$$$0000000F)
    .ARM.Collect$$$$00002712                 0x080000fc   Section        4  entry2.o(.ARM.Collect$$$$00002712)
    __lit__00000000                          0x080000fc   Data           4  entry2.o(.ARM.Collect$$$$00002712)
    .text                                    0x08000100   Section       36  startup_stm32f10x_md.o(.text)
    .text                                    0x08000124   Section        0  uldiv.o(.text)
    .text                                    0x08000186   Section        0  uidiv.o(.text)
    .text                                    0x080001b2   Section        0  llshl.o(.text)
    .text                                    0x080001d0   Section        0  llushr.o(.text)
    .text                                    0x080001f0   Section        0  iusefp.o(.text)
    .text                                    0x080001f0   Section        0  dadd.o(.text)
    .text                                    0x0800033e   Section        0  dmul.o(.text)
    .text                                    0x08000422   Section        0  ddiv.o(.text)
    .text                                    0x08000500   Section        0  dfixul.o(.text)
    .text                                    0x08000530   Section       48  cdrcmple.o(.text)
    .text                                    0x08000560   Section       36  init.o(.text)
    .text                                    0x08000584   Section        0  llsshr.o(.text)
    .text                                    0x080005a8   Section        0  depilogue.o(.text)
    i.BusFault_Handler                       0x08000662   Section        0  stm32f10x_it.o(i.BusFault_Handler)
    i.DebugMon_Handler                       0x08000666   Section        0  stm32f10x_it.o(i.DebugMon_Handler)
    i.FLASH_ErasePage                        0x08000668   Section        0  stm32f10x_flash.o(i.FLASH_ErasePage)
    i.FLASH_GetBank1Status                   0x080006b4   Section        0  stm32f10x_flash.o(i.FLASH_GetBank1Status)
    i.FLASH_Lock                             0x080006e8   Section        0  stm32f10x_flash.o(i.FLASH_Lock)
    i.FLASH_ProgramWord                      0x080006fc   Section        0  stm32f10x_flash.o(i.FLASH_ProgramWord)
    i.FLASH_Unlock                           0x08000768   Section        0  stm32f10x_flash.o(i.FLASH_Unlock)
    i.FLASH_WaitForLastOperation             0x08000780   Section        0  stm32f10x_flash.o(i.FLASH_WaitForLastOperation)
    i.Flash_ReadData                         0x080007a6   Section        0  main.o(i.Flash_ReadData)
    i.Flash_WriteData                        0x080007ac   Section        0  main.o(i.Flash_WriteData)
    i.GPIO_Init                              0x080007d6   Section        0  stm32f10x_gpio.o(i.GPIO_Init)
    i.GPIO_WriteBit                          0x080008ec   Section        0  stm32f10x_gpio.o(i.GPIO_WriteBit)
    i.HardFault_Handler                      0x080008f6   Section        0  stm32f10x_it.o(i.HardFault_Handler)
    i.Led_Config                             0x080008fc   Section        0  main.o(i.Led_Config)
    i.MemManage_Handler                      0x08000950   Section        0  stm32f10x_it.o(i.MemManage_Handler)
    i.NMI_Handler                            0x08000954   Section        0  stm32f10x_it.o(i.NMI_Handler)
    i.NVIC_Init                              0x08000958   Section        0  misc.o(i.NVIC_Init)
    i.NVIC_PriorityGroupConfig               0x080009c8   Section        0  misc.o(i.NVIC_PriorityGroupConfig)
    i.PendSV_Handler                         0x080009dc   Section        0  stm32f10x_it.o(i.PendSV_Handler)
    i.RB_Init                                0x080009de   Section        0  ringbuffer.o(i.RB_Init)
    i.RB_Push                                0x080009ea   Section        0  ringbuffer.o(i.RB_Push)
    i.RCC_APB2PeriphClockCmd                 0x08000a1c   Section        0  stm32f10x_rcc.o(i.RCC_APB2PeriphClockCmd)
    i.RCC_GetClocksFreq                      0x08000a3c   Section        0  stm32f10x_rcc.o(i.RCC_GetClocksFreq)
    i.SVC_Handler                            0x08000b10   Section        0  stm32f10x_it.o(i.SVC_Handler)
    i.Serial_Begin                           0x08000b14   Section        0  serial.o(i.Serial_Begin)
    i.Serial_Printf                          0x08000bfc   Section        0  serial.o(i.Serial_Printf)
    i.SetSysClock                            0x08000c28   Section        0  system_stm32f10x.o(i.SetSysClock)
    SetSysClock                              0x08000c29   Thumb Code     8  system_stm32f10x.o(i.SetSysClock)
    i.SetSysClockTo72                        0x08000c30   Section        0  system_stm32f10x.o(i.SetSysClockTo72)
    SetSysClockTo72                          0x08000c31   Thumb Code   214  system_stm32f10x.o(i.SetSysClockTo72)
    i.SysTick32                              0x08000d10   Section        0  delay.o(i.SysTick32)
    i.SysTick_Handler                        0x08000d24   Section        0  delay.o(i.SysTick_Handler)
    i.SysTick_Init                           0x08000d34   Section        0  delay.o(i.SysTick_Init)
    i.SystemInit                             0x08000d44   Section        0  system_stm32f10x.o(i.SystemInit)
    i.UART_SendChar                          0x08000da4   Section        0  serial.o(i.UART_SendChar)
    i.UART_SendString                        0x08000dc6   Section        0  serial.o(i.UART_SendString)
    i.USART1_IRQHandler                      0x08000de0   Section        0  serial.o(i.USART1_IRQHandler)
    i.USART_Cmd                              0x08000dfc   Section        0  stm32f10x_usart.o(i.USART_Cmd)
    i.USART_GetChar                          0x08000e14   Section        0  serial.o(i.USART_GetChar)
    i.USART_GetFlagStatus                    0x08000e34   Section        0  stm32f10x_usart.o(i.USART_GetFlagStatus)
    i.USART_ITConfig                         0x08000e4e   Section        0  stm32f10x_usart.o(i.USART_ITConfig)
    i.USART_Init                             0x08000e98   Section        0  stm32f10x_usart.o(i.USART_Init)
    i.USART_SendData                         0x08000f70   Section        0  stm32f10x_usart.o(i.USART_SendData)
    i.UsageFault_Handler                     0x08000f78   Section        0  stm32f10x_it.o(i.UsageFault_Handler)
    i.__0vsprintf                            0x08000f7c   Section        0  printfa.o(i.__0vsprintf)
    i.__scatterload_copy                     0x08000fa0   Section       14  handlers.o(i.__scatterload_copy)
    i.__scatterload_null                     0x08000fae   Section        2  handlers.o(i.__scatterload_null)
    i.__scatterload_zeroinit                 0x08000fb0   Section       14  handlers.o(i.__scatterload_zeroinit)
    i._fp_digits                             0x08000fc0   Section        0  printfa.o(i._fp_digits)
    _fp_digits                               0x08000fc1   Thumb Code   366  printfa.o(i._fp_digits)
    i._printf_core                           0x08001144   Section        0  printfa.o(i._printf_core)
    _printf_core                             0x08001145   Thumb Code  1744  printfa.o(i._printf_core)
    i._printf_post_padding                   0x08001820   Section        0  printfa.o(i._printf_post_padding)
    _printf_post_padding                     0x08001821   Thumb Code    36  printfa.o(i._printf_post_padding)
    i._printf_pre_padding                    0x08001844   Section        0  printfa.o(i._printf_pre_padding)
    _printf_pre_padding                      0x08001845   Thumb Code    46  printfa.o(i._printf_pre_padding)
    i._sputc                                 0x08001872   Section        0  printfa.o(i._sputc)
    _sputc                                   0x08001873   Thumb Code    10  printfa.o(i._sputc)
    i.delay_ms                               0x0800187c   Section        0  delay.o(i.delay_ms)
    i.delay_us                               0x08001892   Section        0  delay.o(i.delay_us)
    i.main                                   0x080018b0   Section        0  main.o(i.main)
    .data                                    0x20000000   Section       20  stm32f10x_rcc.o(.data)
    APBAHBPrescTable                         0x20000000   Data          16  stm32f10x_rcc.o(.data)
    ADCPrescTable                            0x20000010   Data           4  stm32f10x_rcc.o(.data)
    .data                                    0x20000014   Section        8  main.o(.data)
    .data                                    0x2000001c   Section        4  delay.o(.data)
    .data                                    0x20000020   Section        8  serial.o(.data)
    .bss                                     0x20000028   Section       64  serial.o(.bss)
    STACK                                    0x20000068   Section     1024  startup_stm32f10x_md.o(STACK)

    Global Symbols

    Symbol Name                              Value     Ov Type        Size  Object(Section)

    BuildAttributes$$THM_ISAv4$P$D$K$B$S$PE$A:L22UL41UL21$X:L11$S22US41US21$IEEE1$IW$USESV6$~STKCKD$USESV7$~SHL$OSPACE$ROPI$EBA8$MICROLIB$REQ8$PRES8$EABIv2 0x00000000   Number         0  anon$$obj.o ABSOLUTE
    __ARM_use_no_argv                        0x00000000   Number         0  main.o ABSOLUTE
    __cpp_initialize__aeabi_                  - Undefined Weak Reference
    __cxa_finalize                            - Undefined Weak Reference
    __decompress                              - Undefined Weak Reference
    _clock_init                               - Undefined Weak Reference
    _microlib_exit                            - Undefined Weak Reference
    __Vectors_Size                           0x000000ec   Number         0  startup_stm32f10x_md.o ABSOLUTE
    __Vectors                                0x08000000   Data           4  startup_stm32f10x_md.o(RESET)
    __Vectors_End                            0x080000ec   Data           0  startup_stm32f10x_md.o(RESET)
    __main                                   0x080000ed   Thumb Code     0  entry.o(.ARM.Collect$$$$00000000)
    _main_stk                                0x080000ed   Thumb Code     0  entry2.o(.ARM.Collect$$$$00000001)
    _main_scatterload                        0x080000f1   Thumb Code     0  entry5.o(.ARM.Collect$$$$00000004)
    __main_after_scatterload                 0x080000f5   Thumb Code     0  entry5.o(.ARM.Collect$$$$00000004)
    _main_clock                              0x080000f5   Thumb Code     0  entry7b.o(.ARM.Collect$$$$00000008)
    _main_cpp_init                           0x080000f5   Thumb Code     0  entry8b.o(.ARM.Collect$$$$0000000A)
    _main_init                               0x080000f5   Thumb Code     0  entry9a.o(.ARM.Collect$$$$0000000B)
    __rt_final_cpp                           0x080000fd   Thumb Code     0  entry10a.o(.ARM.Collect$$$$0000000D)
    __rt_final_exit                          0x080000fd   Thumb Code     0  entry11a.o(.ARM.Collect$$$$0000000F)
    Reset_Handler                            0x08000101   Thumb Code     8  startup_stm32f10x_md.o(.text)
    ADC1_2_IRQHandler                        0x0800011b   Thumb Code     0  startup_stm32f10x_md.o(.text)
    CAN1_RX1_IRQHandler                      0x0800011b   Thumb Code     0  startup_stm32f10x_md.o(.text)
    CAN1_SCE_IRQHandler                      0x0800011b   Thumb Code     0  startup_stm32f10x_md.o(.text)
    DMA1_Channel1_IRQHandler                 0x0800011b   Thumb Code     0  startup_stm32f10x_md.o(.text)
    DMA1_Channel2_IRQHandler                 0x0800011b   Thumb Code     0  startup_stm32f10x_md.o(.text)
    DMA1_Channel3_IRQHandler                 0x0800011b   Thumb Code     0  startup_stm32f10x_md.o(.text)
    DMA1_Channel4_IRQHandler                 0x0800011b   Thumb Code     0  startup_stm32f10x_md.o(.text)
    DMA1_Channel5_IRQHandler                 0x0800011b   Thumb Code     0  startup_stm32f10x_md.o(.text)
    DMA1_Channel6_IRQHandler                 0x0800011b   Thumb Code     0  startup_stm32f10x_md.o(.text)
    DMA1_Channel7_IRQHandler                 0x0800011b   Thumb Code     0  startup_stm32f10x_md.o(.text)
    EXTI0_IRQHandler                         0x0800011b   Thumb Code     0  startup_stm32f10x_md.o(.text)
    EXTI15_10_IRQHandler                     0x0800011b   Thumb Code     0  startup_stm32f10x_md.o(.text)
    EXTI1_IRQHandler                         0x0800011b   Thumb Code     0  startup_stm32f10x_md.o(.text)
    EXTI2_IRQHandler                         0x0800011b   Thumb Code     0  startup_stm32f10x_md.o(.text)
    EXTI3_IRQHandler                         0x0800011b   Thumb Code     0  startup_stm32f10x_md.o(.text)
    EXTI4_IRQHandler                         0x0800011b   Thumb Code     0  startup_stm32f10x_md.o(.text)
    EXTI9_5_IRQHandler                       0x0800011b   Thumb Code     0  startup_stm32f10x_md.o(.text)
    FLASH_IRQHandler                         0x0800011b   Thumb Code     0  startup_stm32f10x_md.o(.text)
    I2C1_ER_IRQHandler                       0x0800011b   Thumb Code     0  startup_stm32f10x_md.o(.text)
    I2C1_EV_IRQHandler                       0x0800011b   Thumb Code     0  startup_stm32f10x_md.o(.text)
    I2C2_ER_IRQHandler                       0x0800011b   Thumb Code     0  startup_stm32f10x_md.o(.text)
    I2C2_EV_IRQHandler                       0x0800011b   Thumb Code     0  startup_stm32f10x_md.o(.text)
    PVD_IRQHandler                           0x0800011b   Thumb Code     0  startup_stm32f10x_md.o(.text)
    RCC_IRQHandler                           0x0800011b   Thumb Code     0  startup_stm32f10x_md.o(.text)
    RTCAlarm_IRQHandler                      0x0800011b   Thumb Code     0  startup_stm32f10x_md.o(.text)
    RTC_IRQHandler                           0x0800011b   Thumb Code     0  startup_stm32f10x_md.o(.text)
    SPI1_IRQHandler                          0x0800011b   Thumb Code     0  startup_stm32f10x_md.o(.text)
    SPI2_IRQHandler                          0x0800011b   Thumb Code     0  startup_stm32f10x_md.o(.text)
    TAMPER_IRQHandler                        0x0800011b   Thumb Code     0  startup_stm32f10x_md.o(.text)
    TIM1_BRK_IRQHandler                      0x0800011b   Thumb Code     0  startup_stm32f10x_md.o(.text)
    TIM1_CC_IRQHandler                       0x0800011b   Thumb Code     0  startup_stm32f10x_md.o(.text)
    TIM1_TRG_COM_IRQHandler                  0x0800011b   Thumb Code     0  startup_stm32f10x_md.o(.text)
    TIM1_UP_IRQHandler                       0x0800011b   Thumb Code     0  startup_stm32f10x_md.o(.text)
    TIM2_IRQHandler                          0x0800011b   Thumb Code     0  startup_stm32f10x_md.o(.text)
    TIM3_IRQHandler                          0x0800011b   Thumb Code     0  startup_stm32f10x_md.o(.text)
    TIM4_IRQHandler                          0x0800011b   Thumb Code     0  startup_stm32f10x_md.o(.text)
    USART2_IRQHandler                        0x0800011b   Thumb Code     0  startup_stm32f10x_md.o(.text)
    USART3_IRQHandler                        0x0800011b   Thumb Code     0  startup_stm32f10x_md.o(.text)
    USBWakeUp_IRQHandler                     0x0800011b   Thumb Code     0  startup_stm32f10x_md.o(.text)
    USB_HP_CAN1_TX_IRQHandler                0x0800011b   Thumb Code     0  startup_stm32f10x_md.o(.text)
    USB_LP_CAN1_RX0_IRQHandler               0x0800011b   Thumb Code     0  startup_stm32f10x_md.o(.text)
    WWDG_IRQHandler                          0x0800011b   Thumb Code     0  startup_stm32f10x_md.o(.text)
    __aeabi_uldivmod                         0x08000125   Thumb Code    98  uldiv.o(.text)
    __aeabi_uidiv                            0x08000187   Thumb Code     0  uidiv.o(.text)
    __aeabi_uidivmod                         0x08000187   Thumb Code    44  uidiv.o(.text)
    __aeabi_llsl                             0x080001b3   Thumb Code    30  llshl.o(.text)
    _ll_shift_l                              0x080001b3   Thumb Code     0  llshl.o(.text)
    __aeabi_llsr                             0x080001d1   Thumb Code    32  llushr.o(.text)
    _ll_ushift_r                             0x080001d1   Thumb Code     0  llushr.o(.text)
    __I$use$fp                               0x080001f1   Thumb Code     0  iusefp.o(.text)
    __aeabi_dadd                             0x080001f1   Thumb Code   322  dadd.o(.text)
    __aeabi_dsub                             0x08000333   Thumb Code     6  dadd.o(.text)
    __aeabi_drsub                            0x08000339   Thumb Code     6  dadd.o(.text)
    __aeabi_dmul                             0x0800033f   Thumb Code   228  dmul.o(.text)
    __aeabi_ddiv                             0x08000423   Thumb Code   222  ddiv.o(.text)
    __aeabi_d2ulz                            0x08000501   Thumb Code    48  dfixul.o(.text)
    __aeabi_cdrcmple                         0x08000531   Thumb Code    48  cdrcmple.o(.text)
    __scatterload                            0x08000561   Thumb Code    28  init.o(.text)
    __scatterload_rt2                        0x08000561   Thumb Code     0  init.o(.text)
    __aeabi_lasr                             0x08000585   Thumb Code    36  llsshr.o(.text)
    _ll_sshift_r                             0x08000585   Thumb Code     0  llsshr.o(.text)
    _double_round                            0x080005a9   Thumb Code    30  depilogue.o(.text)
    _double_epilogue                         0x080005c7   Thumb Code   156  depilogue.o(.text)
    BusFault_Handler                         0x08000663   Thumb Code     4  stm32f10x_it.o(i.BusFault_Handler)
    DebugMon_Handler                         0x08000667   Thumb Code     2  stm32f10x_it.o(i.DebugMon_Handler)
    FLASH_ErasePage                          0x08000669   Thumb Code    72  stm32f10x_flash.o(i.FLASH_ErasePage)
    FLASH_GetBank1Status                     0x080006b5   Thumb Code    48  stm32f10x_flash.o(i.FLASH_GetBank1Status)
    FLASH_Lock                               0x080006e9   Thumb Code    14  stm32f10x_flash.o(i.FLASH_Lock)
    FLASH_ProgramWord                        0x080006fd   Thumb Code   102  stm32f10x_flash.o(i.FLASH_ProgramWord)
    FLASH_Unlock                             0x08000769   Thumb Code    12  stm32f10x_flash.o(i.FLASH_Unlock)
    FLASH_WaitForLastOperation               0x08000781   Thumb Code    38  stm32f10x_flash.o(i.FLASH_WaitForLastOperation)
    Flash_ReadData                           0x080007a7   Thumb Code     6  main.o(i.Flash_ReadData)
    Flash_WriteData                          0x080007ad   Thumb Code    42  main.o(i.Flash_WriteData)
    GPIO_Init                                0x080007d7   Thumb Code   278  stm32f10x_gpio.o(i.GPIO_Init)
    GPIO_WriteBit                            0x080008ed   Thumb Code    10  stm32f10x_gpio.o(i.GPIO_WriteBit)
    HardFault_Handler                        0x080008f7   Thumb Code     4  stm32f10x_it.o(i.HardFault_Handler)
    Led_Config                               0x080008fd   Thumb Code    72  main.o(i.Led_Config)
    MemManage_Handler                        0x08000951   Thumb Code     4  stm32f10x_it.o(i.MemManage_Handler)
    NMI_Handler                              0x08000955   Thumb Code     2  stm32f10x_it.o(i.NMI_Handler)
    NVIC_Init                                0x08000959   Thumb Code   100  misc.o(i.NVIC_Init)
    NVIC_PriorityGroupConfig                 0x080009c9   Thumb Code    10  misc.o(i.NVIC_PriorityGroupConfig)
    PendSV_Handler                           0x080009dd   Thumb Code     2  stm32f10x_it.o(i.PendSV_Handler)
    RB_Init                                  0x080009df   Thumb Code    12  ringbuffer.o(i.RB_Init)
    RB_Push                                  0x080009eb   Thumb Code    48  ringbuffer.o(i.RB_Push)
    RCC_APB2PeriphClockCmd                   0x08000a1d   Thumb Code    26  stm32f10x_rcc.o(i.RCC_APB2PeriphClockCmd)
    RCC_GetClocksFreq                        0x08000a3d   Thumb Code   192  stm32f10x_rcc.o(i.RCC_GetClocksFreq)
    SVC_Handler                              0x08000b11   Thumb Code     2  stm32f10x_it.o(i.SVC_Handler)
    Serial_Begin                             0x08000b15   Thumb Code   206  serial.o(i.Serial_Begin)
    Serial_Printf                            0x08000bfd   Thumb Code    38  serial.o(i.Serial_Printf)
    SysTick32                                0x08000d11   Thumb Code    16  delay.o(i.SysTick32)
    SysTick_Handler                          0x08000d25   Thumb Code    12  delay.o(i.SysTick_Handler)
    SysTick_Init                             0x08000d35   Thumb Code    16  delay.o(i.SysTick_Init)
    SystemInit                               0x08000d45   Thumb Code    78  system_stm32f10x.o(i.SystemInit)
    UART_SendChar                            0x08000da5   Thumb Code    34  serial.o(i.UART_SendChar)
    UART_SendString                          0x08000dc7   Thumb Code    26  serial.o(i.UART_SendString)
    USART1_IRQHandler                        0x08000de1   Thumb Code    20  serial.o(i.USART1_IRQHandler)
    USART_Cmd                                0x08000dfd   Thumb Code    24  stm32f10x_usart.o(i.USART_Cmd)
    USART_GetChar                            0x08000e15   Thumb Code    28  serial.o(i.USART_GetChar)
    USART_GetFlagStatus                      0x08000e35   Thumb Code    26  stm32f10x_usart.o(i.USART_GetFlagStatus)
    USART_ITConfig                           0x08000e4f   Thumb Code    74  stm32f10x_usart.o(i.USART_ITConfig)
    USART_Init                               0x08000e99   Thumb Code   210  stm32f10x_usart.o(i.USART_Init)
    USART_SendData                           0x08000f71   Thumb Code     8  stm32f10x_usart.o(i.USART_SendData)
    UsageFault_Handler                       0x08000f79   Thumb Code     4  stm32f10x_it.o(i.UsageFault_Handler)
    __0vsprintf                              0x08000f7d   Thumb Code    30  printfa.o(i.__0vsprintf)
    __1vsprintf                              0x08000f7d   Thumb Code     0  printfa.o(i.__0vsprintf)
    __2vsprintf                              0x08000f7d   Thumb Code     0  printfa.o(i.__0vsprintf)
    __c89vsprintf                            0x08000f7d   Thumb Code     0  printfa.o(i.__0vsprintf)
    vsprintf                                 0x08000f7d   Thumb Code     0  printfa.o(i.__0vsprintf)
    __scatterload_copy                       0x08000fa1   Thumb Code    14  handlers.o(i.__scatterload_copy)
    __scatterload_null                       0x08000faf   Thumb Code     2  handlers.o(i.__scatterload_null)
    __scatterload_zeroinit                   0x08000fb1   Thumb Code    14  handlers.o(i.__scatterload_zeroinit)
    delay_ms                                 0x0800187d   Thumb Code    22  delay.o(i.delay_ms)
    delay_us                                 0x08001893   Thumb Code    30  delay.o(i.delay_us)
    main                                     0x080018b1   Thumb Code    94  main.o(i.main)
    Region$$Table$$Base                      0x08001924   Number         0  anon$$obj.o(Region$$Table)
    Region$$Table$$Limit                     0x08001944   Number         0  anon$$obj.o(Region$$Table)
    cnt                                      0x20000014   Data           4  main.o(.data)
    readData                                 0x20000018   Data           4  main.o(.data)
    SysTickCounter                           0x2000001c   Data           4  delay.o(.data)
    ring_buffer                              0x20000020   Data           8  serial.o(.data)
    Rx_BufArr                                0x20000028   Data          64  serial.o(.bss)
    __initial_sp                             0x20000468   Data           0  startup_stm32f10x_md.o(STACK)



==============================================================================

Memory Map of the image

  Image Entry point : 0x080000ed

  Load Region LR_IROM1 (Base: 0x08000000, Size: 0x0000196c, Max: 0x00010000, ABSOLUTE)

    Execution Region ER_IROM1 (Exec base: 0x08000000, Load base: 0x08000000, Size: 0x00001944, Max: 0x00010000, ABSOLUTE)

    Exec Addr    Load Addr    Size         Type   Attr      Idx    E Section Name        Object

    0x08000000   0x08000000   0x000000ec   Data   RO           19    RESET               startup_stm32f10x_md.o
    0x080000ec   0x080000ec   0x00000000   Code   RO         1373  * .ARM.Collect$$$$00000000  mc_w.l(entry.o)
    0x080000ec   0x080000ec   0x00000004   Code   RO         1406    .ARM.Collect$$$$00000001  mc_w.l(entry2.o)
    0x080000f0   0x080000f0   0x00000004   Code   RO         1409    .ARM.Collect$$$$00000004  mc_w.l(entry5.o)
    0x080000f4   0x080000f4   0x00000000   Code   RO         1411    .ARM.Collect$$$$00000008  mc_w.l(entry7b.o)
    0x080000f4   0x080000f4   0x00000000   Code   RO         1413    .ARM.Collect$$$$0000000A  mc_w.l(entry8b.o)
    0x080000f4   0x080000f4   0x00000008   Code   RO         1414    .ARM.Collect$$$$0000000B  mc_w.l(entry9a.o)
    0x080000fc   0x080000fc   0x00000000   Code   RO         1416    .ARM.Collect$$$$0000000D  mc_w.l(entry10a.o)
    0x080000fc   0x080000fc   0x00000000   Code   RO         1418    .ARM.Collect$$$$0000000F  mc_w.l(entry11a.o)
    0x080000fc   0x080000fc   0x00000004   Code   RO         1407    .ARM.Collect$$$$00002712  mc_w.l(entry2.o)
    0x08000100   0x08000100   0x00000024   Code   RO           20    .text               startup_stm32f10x_md.o
    0x08000124   0x08000124   0x00000062   Code   RO         1376    .text               mc_w.l(uldiv.o)
    0x08000186   0x08000186   0x0000002c   Code   RO         1423    .text               mc_w.l(uidiv.o)
    0x080001b2   0x080001b2   0x0000001e   Code   RO         1425    .text               mc_w.l(llshl.o)
    0x080001d0   0x080001d0   0x00000020   Code   RO         1427    .text               mc_w.l(llushr.o)
    0x080001f0   0x080001f0   0x00000000   Code   RO         1429    .text               mc_w.l(iusefp.o)
    0x080001f0   0x080001f0   0x0000014e   Code   RO         1430    .text               mf_w.l(dadd.o)
    0x0800033e   0x0800033e   0x000000e4   Code   RO         1432    .text               mf_w.l(dmul.o)
    0x08000422   0x08000422   0x000000de   Code   RO         1434    .text               mf_w.l(ddiv.o)
    0x08000500   0x08000500   0x00000030   Code   RO         1436    .text               mf_w.l(dfixul.o)
    0x08000530   0x08000530   0x00000030   Code   RO         1438    .text               mf_w.l(cdrcmple.o)
    0x08000560   0x08000560   0x00000024   Code   RO         1440    .text               mc_w.l(init.o)
    0x08000584   0x08000584   0x00000024   Code   RO         1443    .text               mc_w.l(llsshr.o)
    0x080005a8   0x080005a8   0x000000ba   Code   RO         1446    .text               mf_w.l(depilogue.o)
    0x08000662   0x08000662   0x00000004   Code   RO         1078    i.BusFault_Handler  stm32f10x_it.o
    0x08000666   0x08000666   0x00000002   Code   RO         1079    i.DebugMon_Handler  stm32f10x_it.o
    0x08000668   0x08000668   0x0000004c   Code   RO          864    i.FLASH_ErasePage   stm32f10x_flash.o
    0x080006b4   0x080006b4   0x00000034   Code   RO          865    i.FLASH_GetBank1Status  stm32f10x_flash.o
    0x080006e8   0x080006e8   0x00000014   Code   RO          874    i.FLASH_Lock        stm32f10x_flash.o
    0x080006fc   0x080006fc   0x0000006c   Code   RO          879    i.FLASH_ProgramWord  stm32f10x_flash.o
    0x08000768   0x08000768   0x00000018   Code   RO          882    i.FLASH_Unlock      stm32f10x_flash.o
    0x08000780   0x08000780   0x00000026   Code   RO          886    i.FLASH_WaitForLastOperation  stm32f10x_flash.o
    0x080007a6   0x080007a6   0x00000006   Code   RO         1033    i.Flash_ReadData    main.o
    0x080007ac   0x080007ac   0x0000002a   Code   RO         1034    i.Flash_WriteData   main.o
    0x080007d6   0x080007d6   0x00000116   Code   RO          371    i.GPIO_Init         stm32f10x_gpio.o
    0x080008ec   0x080008ec   0x0000000a   Code   RO          382    i.GPIO_WriteBit     stm32f10x_gpio.o
    0x080008f6   0x080008f6   0x00000004   Code   RO         1080    i.HardFault_Handler  stm32f10x_it.o
    0x080008fa   0x080008fa   0x00000002   PAD
    0x080008fc   0x080008fc   0x00000054   Code   RO         1035    i.Led_Config        main.o
    0x08000950   0x08000950   0x00000004   Code   RO         1081    i.MemManage_Handler  stm32f10x_it.o
    0x08000954   0x08000954   0x00000002   Code   RO         1082    i.NMI_Handler       stm32f10x_it.o
    0x08000956   0x08000956   0x00000002   PAD
    0x08000958   0x08000958   0x00000070   Code   RO           24    i.NVIC_Init         misc.o
    0x080009c8   0x080009c8   0x00000014   Code   RO           25    i.NVIC_PriorityGroupConfig  misc.o
    0x080009dc   0x080009dc   0x00000002   Code   RO         1083    i.PendSV_Handler    stm32f10x_it.o
    0x080009de   0x080009de   0x0000000c   Code   RO         1279    i.RB_Init           ringbuffer.o
    0x080009ea   0x080009ea   0x00000030   Code   RO         1281    i.RB_Push           ringbuffer.o
    0x08000a1a   0x08000a1a   0x00000002   PAD
    0x08000a1c   0x08000a1c   0x00000020   Code   RO          483    i.RCC_APB2PeriphClockCmd  stm32f10x_rcc.o
    0x08000a3c   0x08000a3c   0x000000d4   Code   RO          491    i.RCC_GetClocksFreq  stm32f10x_rcc.o
    0x08000b10   0x08000b10   0x00000002   Code   RO         1084    i.SVC_Handler       stm32f10x_it.o
    0x08000b12   0x08000b12   0x00000002   PAD
    0x08000b14   0x08000b14   0x000000e8   Code   RO         1309    i.Serial_Begin      serial.o
    0x08000bfc   0x08000bfc   0x0000002c   Code   RO         1310    i.Serial_Printf     serial.o
    0x08000c28   0x08000c28   0x00000008   Code   RO         1135    i.SetSysClock       system_stm32f10x.o
    0x08000c30   0x08000c30   0x000000e0   Code   RO         1136    i.SetSysClockTo72   system_stm32f10x.o
    0x08000d10   0x08000d10   0x00000014   Code   RO         1170    i.SysTick32         delay.o
    0x08000d24   0x08000d24   0x00000010   Code   RO         1172    i.SysTick_Handler   delay.o
    0x08000d34   0x08000d34   0x00000010   Code   RO         1173    i.SysTick_Init      delay.o
    0x08000d44   0x08000d44   0x00000060   Code   RO         1138    i.SystemInit        system_stm32f10x.o
    0x08000da4   0x08000da4   0x00000022   Code   RO         1312    i.UART_SendChar     serial.o
    0x08000dc6   0x08000dc6   0x0000001a   Code   RO         1313    i.UART_SendString   serial.o
    0x08000de0   0x08000de0   0x0000001c   Code   RO         1314    i.USART1_IRQHandler  serial.o
    0x08000dfc   0x08000dfc   0x00000018   Code   RO          683    i.USART_Cmd         stm32f10x_usart.o
    0x08000e14   0x08000e14   0x00000020   Code   RO         1315    i.USART_GetChar     serial.o
    0x08000e34   0x08000e34   0x0000001a   Code   RO          686    i.USART_GetFlagStatus  stm32f10x_usart.o
    0x08000e4e   0x08000e4e   0x0000004a   Code   RO          689    i.USART_ITConfig    stm32f10x_usart.o
    0x08000e98   0x08000e98   0x000000d8   Code   RO          690    i.USART_Init        stm32f10x_usart.o
    0x08000f70   0x08000f70   0x00000008   Code   RO          700    i.USART_SendData    stm32f10x_usart.o
    0x08000f78   0x08000f78   0x00000004   Code   RO         1085    i.UsageFault_Handler  stm32f10x_it.o
    0x08000f7c   0x08000f7c   0x00000024   Code   RO         1385    i.__0vsprintf       mc_w.l(printfa.o)
    0x08000fa0   0x08000fa0   0x0000000e   Code   RO         1450    i.__scatterload_copy  mc_w.l(handlers.o)
    0x08000fae   0x08000fae   0x00000002   Code   RO         1451    i.__scatterload_null  mc_w.l(handlers.o)
    0x08000fb0   0x08000fb0   0x0000000e   Code   RO         1452    i.__scatterload_zeroinit  mc_w.l(handlers.o)
    0x08000fbe   0x08000fbe   0x00000002   PAD
    0x08000fc0   0x08000fc0   0x00000184   Code   RO         1386    i._fp_digits        mc_w.l(printfa.o)
    0x08001144   0x08001144   0x000006dc   Code   RO         1387    i._printf_core      mc_w.l(printfa.o)
    0x08001820   0x08001820   0x00000024   Code   RO         1388    i._printf_post_padding  mc_w.l(printfa.o)
    0x08001844   0x08001844   0x0000002e   Code   RO         1389    i._printf_pre_padding  mc_w.l(printfa.o)
    0x08001872   0x08001872   0x0000000a   Code   RO         1391    i._sputc            mc_w.l(printfa.o)
    0x0800187c   0x0800187c   0x00000016   Code   RO         1176    i.delay_ms          delay.o
    0x08001892   0x08001892   0x0000001e   Code   RO         1177    i.delay_us          delay.o
    0x080018b0   0x080018b0   0x00000074   Code   RO         1036    i.main              main.o
    0x08001924   0x08001924   0x00000020   Data   RO         1448    Region$$Table       anon$$obj.o


    Execution Region RW_IRAM1 (Exec base: 0x20000000, Load base: 0x08001944, Size: 0x00000468, Max: 0x00005000, ABSOLUTE)

    Exec Addr    Load Addr    Size         Type   Attr      Idx    E Section Name        Object

    0x20000000   0x08001944   0x00000014   Data   RW          511    .data               stm32f10x_rcc.o
    0x20000014   0x08001958   0x00000008   Data   RW         1037    .data               main.o
    0x2000001c   0x08001960   0x00000004   Data   RW         1178    .data               delay.o
    0x20000020   0x08001964   0x00000008   Data   RW         1317    .data               serial.o
    0x20000028        -       0x00000040   Zero   RW         1316    .bss                serial.o
    0x20000068        -       0x00000400   Zero   RW           17    STACK               startup_stm32f10x_md.o


==============================================================================

Image component sizes


      Code (inc. data)   RO Data    RW Data    ZI Data      Debug   Object Name

         0          0          0          0          0       4540   core_cm3.o
       104          8          0          4          0       2868   delay.o
       248         34          0          8          0       2574   main.o
       132         22          0          0          0     235135   misc.o
        60          0          0          0          0       1468   ringbuffer.o
       396         44          0          8         64      19860   serial.o
        36          8        236          0       1024        892   startup_stm32f10x_md.o
       318         32          0          0          0       5058   stm32f10x_flash.o
       288          0          0          0          0       2636   stm32f10x_gpio.o
        24          0          0          0          0       3280   stm32f10x_it.o
       244         26          0         20          0       3969   stm32f10x_rcc.o
       348          6          0          0          0       5029   stm32f10x_usart.o
       328         28          0          0          0       1861   system_stm32f10x.o

    ----------------------------------------------------------------------
      2534        208        268         40       1088     289170   Object Totals
         0          0         32          0          0          0   (incl. Generated)
         8          0          0          0          0          0   (incl. Padding)

    ----------------------------------------------------------------------

      Code (inc. data)   RO Data    RW Data    ZI Data      Debug   Library Member Name

         0          0          0          0          0          0   entry.o
         0          0          0          0          0          0   entry10a.o
         0          0          0          0          0          0   entry11a.o
         8          4          0          0          0          0   entry2.o
         4          0          0          0          0          0   entry5.o
         0          0          0          0          0          0   entry7b.o
         0          0          0          0          0          0   entry8b.o
         8          4          0          0          0          0   entry9a.o
        30          0          0          0          0          0   handlers.o
        36          8          0          0          0         68   init.o
         0          0          0          0          0          0   iusefp.o
        30          0          0          0          0         68   llshl.o
        36          0          0          0          0         68   llsshr.o
        32          0          0          0          0         68   llushr.o
      2272         86          0          0          0        516   printfa.o
        44          0          0          0          0         80   uidiv.o
        98          0          0          0          0         92   uldiv.o
        48          0          0          0          0         68   cdrcmple.o
       334          0          0          0          0        148   dadd.o
       222          0          0          0          0        100   ddiv.o
       186          0          0          0          0        176   depilogue.o
        48          0          0          0          0         68   dfixul.o
       228          0          0          0          0         96   dmul.o

    ----------------------------------------------------------------------
      3666        102          0          0          0       1616   Library Totals
         2          0          0          0          0          0   (incl. Padding)

    ----------------------------------------------------------------------

      Code (inc. data)   RO Data    RW Data    ZI Data      Debug   Library Name

      2598        102          0          0          0        960   mc_w.l
      1066          0          0          0          0        656   mf_w.l

    ----------------------------------------------------------------------
      3666        102          0          0          0       1616   Library Totals

    ----------------------------------------------------------------------

==============================================================================


      Code (inc. data)   RO Data    RW Data    ZI Data      Debug   

      6200        310        268         40       1088     287922   Grand Totals
      6200        310        268         40       1088     287922   ELF Image Totals
      6200        310        268         40          0          0   ROM Totals

==============================================================================

    Total RO  Size (Code + RO Data)                 6468 (   6.32kB)
    Total RW  Size (RW Data + ZI Data)              1128 (   1.10kB)
    Total ROM Size (Code + RO Data + RW Data)       6508 (   6.36kB)

==============================================================================

