Component: ARM Compiler 5.06 update 6 (build 750) Tool: armlink [4d35ed]

==============================================================================

Section Cross References

    startup_stm32f10x_md.o(RESET) refers to startup_stm32f10x_md.o(STACK) for __initial_sp
    startup_stm32f10x_md.o(RESET) refers to startup_stm32f10x_md.o(.text) for Reset_Handler
    startup_stm32f10x_md.o(RESET) refers to stm32f10x_it.o(i.NMI_Handler) for NMI_Handler
    startup_stm32f10x_md.o(RESET) refers to stm32f10x_it.o(i.HardFault_Handler) for HardFault_Handler
    startup_stm32f10x_md.o(RESET) refers to stm32f10x_it.o(i.MemManage_Handler) for MemManage_Handler
    startup_stm32f10x_md.o(RESET) refers to stm32f10x_it.o(i.BusFault_Handler) for BusFault_Handler
    startup_stm32f10x_md.o(RESET) refers to stm32f10x_it.o(i.UsageFault_Handler) for UsageFault_Handler
    startup_stm32f10x_md.o(RESET) refers to stm32f10x_it.o(i.SVC_Handler) for SVC_Handler
    startup_stm32f10x_md.o(RESET) refers to stm32f10x_it.o(i.DebugMon_Handler) for DebugMon_Handler
    startup_stm32f10x_md.o(RESET) refers to stm32f10x_it.o(i.PendSV_Handler) for PendSV_Handler
    startup_stm32f10x_md.o(RESET) refers to delay.o(i.SysTick_Handler) for SysTick_Handler
    startup_stm32f10x_md.o(RESET) refers to main.o(i.TIM3_IRQHandler) for TIM3_IRQHandler
    startup_stm32f10x_md.o(RESET) refers to serial.o(i.USART1_IRQHandler) for USART1_IRQHandler
    startup_stm32f10x_md.o(.text) refers to system_stm32f10x.o(i.SystemInit) for SystemInit
    startup_stm32f10x_md.o(.text) refers to entry.o(.ARM.Collect$$$$00000000) for __main
    stm32f10x_adc.o(i.ADC_DeInit) refers to stm32f10x_rcc.o(i.RCC_APB2PeriphResetCmd) for RCC_APB2PeriphResetCmd
    stm32f10x_gpio.o(i.GPIO_AFIODeInit) refers to stm32f10x_rcc.o(i.RCC_APB2PeriphResetCmd) for RCC_APB2PeriphResetCmd
    stm32f10x_gpio.o(i.GPIO_DeInit) refers to stm32f10x_rcc.o(i.RCC_APB2PeriphResetCmd) for RCC_APB2PeriphResetCmd
    stm32f10x_rcc.o(i.RCC_GetClocksFreq) refers to stm32f10x_rcc.o(.data) for APBAHBPrescTable
    stm32f10x_rcc.o(i.RCC_WaitForHSEStartUp) refers to stm32f10x_rcc.o(i.RCC_GetFlagStatus) for RCC_GetFlagStatus
    stm32f10x_usart.o(i.USART_DeInit) refers to stm32f10x_rcc.o(i.RCC_APB2PeriphResetCmd) for RCC_APB2PeriphResetCmd
    stm32f10x_usart.o(i.USART_DeInit) refers to stm32f10x_rcc.o(i.RCC_APB1PeriphResetCmd) for RCC_APB1PeriphResetCmd
    stm32f10x_usart.o(i.USART_Init) refers to stm32f10x_rcc.o(i.RCC_GetClocksFreq) for RCC_GetClocksFreq
    stm32f10x_flash.o(i.FLASH_EnableWriteProtection) refers to stm32f10x_flash.o(i.FLASH_WaitForLastOperation) for FLASH_WaitForLastOperation
    stm32f10x_flash.o(i.FLASH_EraseAllBank1Pages) refers to stm32f10x_flash.o(i.FLASH_WaitForLastBank1Operation) for FLASH_WaitForLastBank1Operation
    stm32f10x_flash.o(i.FLASH_EraseAllPages) refers to stm32f10x_flash.o(i.FLASH_WaitForLastOperation) for FLASH_WaitForLastOperation
    stm32f10x_flash.o(i.FLASH_EraseOptionBytes) refers to stm32f10x_flash.o(i.FLASH_GetReadOutProtectionStatus) for FLASH_GetReadOutProtectionStatus
    stm32f10x_flash.o(i.FLASH_EraseOptionBytes) refers to stm32f10x_flash.o(i.FLASH_WaitForLastOperation) for FLASH_WaitForLastOperation
    stm32f10x_flash.o(i.FLASH_ErasePage) refers to stm32f10x_flash.o(i.FLASH_WaitForLastOperation) for FLASH_WaitForLastOperation
    stm32f10x_flash.o(i.FLASH_ProgramHalfWord) refers to stm32f10x_flash.o(i.FLASH_WaitForLastOperation) for FLASH_WaitForLastOperation
    stm32f10x_flash.o(i.FLASH_ProgramOptionByteData) refers to stm32f10x_flash.o(i.FLASH_WaitForLastOperation) for FLASH_WaitForLastOperation
    stm32f10x_flash.o(i.FLASH_ProgramWord) refers to stm32f10x_flash.o(i.FLASH_WaitForLastOperation) for FLASH_WaitForLastOperation
    stm32f10x_flash.o(i.FLASH_ReadOutProtection) refers to stm32f10x_flash.o(i.FLASH_WaitForLastOperation) for FLASH_WaitForLastOperation
    stm32f10x_flash.o(i.FLASH_UserOptionByteConfig) refers to stm32f10x_flash.o(i.FLASH_WaitForLastOperation) for FLASH_WaitForLastOperation
    stm32f10x_flash.o(i.FLASH_WaitForLastBank1Operation) refers to stm32f10x_flash.o(i.FLASH_GetBank1Status) for FLASH_GetBank1Status
    stm32f10x_flash.o(i.FLASH_WaitForLastOperation) refers to stm32f10x_flash.o(i.FLASH_GetBank1Status) for FLASH_GetBank1Status
    stm32f10x_tim.o(i.TIM_DeInit) refers to stm32f10x_rcc.o(i.RCC_APB2PeriphResetCmd) for RCC_APB2PeriphResetCmd
    stm32f10x_tim.o(i.TIM_DeInit) refers to stm32f10x_rcc.o(i.RCC_APB1PeriphResetCmd) for RCC_APB1PeriphResetCmd
    stm32f10x_tim.o(i.TIM_ETRClockMode1Config) refers to stm32f10x_tim.o(i.TIM_ETRConfig) for TIM_ETRConfig
    stm32f10x_tim.o(i.TIM_ETRClockMode2Config) refers to stm32f10x_tim.o(i.TIM_ETRConfig) for TIM_ETRConfig
    stm32f10x_tim.o(i.TIM_ICInit) refers to stm32f10x_tim.o(i.TI1_Config) for TI1_Config
    stm32f10x_tim.o(i.TIM_ICInit) refers to stm32f10x_tim.o(i.TIM_SetIC1Prescaler) for TIM_SetIC1Prescaler
[...]
    serial.o(i.UART_SendChar) refers to stm32f10x_usart.o(i.USART_SendData) for USART_SendData
    serial.o(i.UART_SendChar) refers to stm32f10x_usart.o(i.USART_GetFlagStatus) for USART_GetFlagStatus
    serial.o(i.UART_SendString) refers to serial.o(i.UART_SendChar) for UART_SendChar
    serial.o(i.USART1_IRQHandler) refers to serial.o(i.USART_GetChar) for USART_GetChar
    serial.o(i.USART1_IRQHandler) refers to ringbuffer.o(i.RB_Push) for RB_Push
    serial.o(i.USART1_IRQHandler) refers to serial.o(.data) for ring_buffer
    serial.o(i.USART_GetChar) refers to stm32f10x_usart.o(i.USART_GetFlagStatus) for USART_GetFlagStatus
    dma.o(i.ADC_Multi_Channel_Config) refers to stm32f10x_rcc.o(i.RCC_APB2PeriphClockCmd) for RCC_APB2PeriphClockCmd
    dma.o(i.ADC_Multi_Channel_Config) refers to stm32f10x_gpio.o(i.GPIO_Init) for GPIO_Init
    dma.o(i.ADC_Multi_Channel_Config) refers to stm32f10x_adc.o(i.ADC_Init) for ADC_Init
    dma.o(i.ADC_Multi_Channel_Config) refers to stm32f10x_adc.o(i.ADC_RegularChannelConfig) for ADC_RegularChannelConfig
    dma.o(i.ADC_Multi_Channel_Config) refers to stm32f10x_adc.o(i.ADC_Cmd) for ADC_Cmd
    dma.o(i.ADC_Multi_Channel_Config) refers to stm32f10x_adc.o(i.ADC_DMACmd) for ADC_DMACmd
    dma.o(i.ADC_Multi_Channel_Config) refers to stm32f10x_adc.o(i.ADC_ResetCalibration) for ADC_ResetCalibration
    dma.o(i.ADC_Multi_Channel_Config) refers to stm32f10x_adc.o(i.ADC_GetResetCalibrationStatus) for ADC_GetResetCalibrationStatus
    dma.o(i.ADC_Multi_Channel_Config) refers to stm32f10x_adc.o(i.ADC_StartCalibration) for ADC_StartCalibration
    dma.o(i.ADC_Multi_Channel_Config) refers to stm32f10x_adc.o(i.ADC_GetCalibrationStatus) for ADC_GetCalibrationStatus
    dma.o(i.DMA_Multi_Channel_Config) refers to stm32f10x_rcc.o(i.RCC_AHBPeriphClockCmd) for RCC_AHBPeriphClockCmd
    dma.o(i.DMA_Multi_Channel_Config) refers to stm32f10x_dma.o(i.DMA_DeInit) for DMA_DeInit
    dma.o(i.DMA_Multi_Channel_Config) refers to stm32f10x_dma.o(i.DMA_Init) for DMA_Init
    dma.o(i.DMA_Multi_Channel_Config) refers to stm32f10x_dma.o(i.DMA_Cmd) for DMA_Cmd
    dma.o(i.DMA_Start) refers to stm32f10x_adc.o(i.ADC_SoftwareStartConvCmd) for ADC_SoftwareStartConvCmd
    lcd_i2c.o(i.LCD_Clear) refers to lcd_i2c.o(i.LCD_Cmd_Write) for LCD_Cmd_Write
    lcd_i2c.o(i.LCD_Clear) refers to delay.o(i.delay_ms) for delay_ms
    lcd_i2c.o(i.LCD_Cmd_Write) refers to lcd_i2c.o(i.LCD_Write_Byte) for LCD_Write_Byte
    lcd_i2c.o(i.LCD_Data_Write) refers to lcd_i2c.o(i.LCD_Write_Byte) for LCD_Write_Byte
    lcd_i2c.o(i.LCD_Gotoxy) refers to lcd_i2c.o(i.LCD_Cmd_Write) for LCD_Cmd_Write
    lcd_i2c.o(i.LCD_I2C_Configuration) refers to stm32f10x_rcc.o(i.RCC_APB1PeriphClockCmd) for RCC_APB1PeriphClockCmd
    lcd_i2c.o(i.LCD_I2C_Configuration) refers to stm32f10x_rcc.o(i.RCC_APB2PeriphClockCmd) for RCC_APB2PeriphClockCmd
    lcd_i2c.o(i.LCD_I2C_Configuration) refers to stm32f10x_gpio.o(i.GPIO_Init) for GPIO_Init
    lcd_i2c.o(i.LCD_I2C_Configuration) refers to stm32f10x_i2c.o(i.I2C_Init) for I2C_Init
    lcd_i2c.o(i.LCD_I2C_Configuration) refers to stm32f10x_i2c.o(i.I2C_Cmd) for I2C_Cmd
    lcd_i2c.o(i.LCD_Init) refers to lcd_i2c.o(i.LCD_Cmd_Write) for LCD_Cmd_Write
    lcd_i2c.o(i.LCD_Init) refers to delay.o(i.delay_ms) for delay_ms
    lcd_i2c.o(i.LCD_Printf) refers to printfa.o(i.__0vsprintf) for vsprintf
    lcd_i2c.o(i.LCD_Printf) refers to lcd_i2c.o(i.LCD_Data_Write) for LCD_Data_Write
    lcd_i2c.o(i.LCD_Printf) refers to strlen.o(.text) for strlen
    lcd_i2c.o(i.LCD_Send_String) refers to lcd_i2c.o(i.LCD_Data_Write) for LCD_Data_Write
    lcd_i2c.o(i.LCD_Write_Byte) refers to stm32f10x_i2c.o(i.I2C_GenerateSTART) for I2C_GenerateSTART
    lcd_i2c.o(i.LCD_Write_Byte) refers to stm32f10x_i2c.o(i.I2C_CheckEvent) for I2C_CheckEvent
    lcd_i2c.o(i.LCD_Write_Byte) refers to stm32f10x_i2c.o(i.I2C_Send7bitAddress) for I2C_Send7bitAddress
    lcd_i2c.o(i.LCD_Write_Byte) refers to stm32f10x_i2c.o(i.I2C_SendData) for I2C_SendData
    lcd_i2c.o(i.LCD_Write_Byte) refers to stm32f10x_i2c.o(i.I2C_GenerateSTOP) for I2C_GenerateSTOP
    entry.o(.ARM.Collect$$$$00000000) refers (Special) to entry10a.o(.ARM.Collect$$$$0000000D) for __rt_final_cpp
    entry.o(.ARM.Collect$$$$00000000) refers (Special) to entry11a.o(.ARM.Collect$$$$0000000F) for __rt_final_exit
    entry.o(.ARM.Collect$$$$00000000) refers (Special) to entry7b.o(.ARM.Collect$$$$00000008) for _main_clock
    entry.o(.ARM.Collect$$$$00000000) refers (Special) to entry8b.o(.ARM.Collect$$$$0000000A) for _main_cpp_init
    entry.o(.ARM.Collect$$$$00000000) refers (Special) to entry9a.o(.ARM.Collect$$$$0000000B) for _main_init
    entry.o(.ARM.Collect$$$$00000000) refers (Special) to entry5.o(.ARM.Collect$$$$00000004) for _main_scatterload
    entry.o(.ARM.Collect$$$$00000000) refers (Special) to entry2.o(.ARM.Collect$$$$00000001) for _main_stk
    uldiv.o(.text) refers to llushr.o(.text) for __aeabi_llsr
    uldiv.o(.text) refers to llshl.o(.text) for __aeabi_llsl
    printfa.o(i.__0fprintf) refers (Special) to iusefp.o(.text) for __I$use$fp
    printfa.o(i.__0fprintf) refers to printfa.o(i._printf_core) for _printf_core
    printfa.o(i.__0fprintf) refers to fputc.o(i.fputc) for fputc
    printfa.o(i.__0printf) refers (Special) to iusefp.o(.text) for __I$use$fp
    printfa.o(i.__0printf) refers to printfa.o(i._printf_core) for _printf_core
    printfa.o(i.__0printf) refers to fputc.o(i.fputc) for fputc
    printfa.o(i.__0printf) refers to stdout.o(.data) for __stdout
    printfa.o(i.__0snprintf) refers (Special) to iusefp.o(.text) for __I$use$fp
    printfa.o(i.__0snprintf) refers to printfa.o(i._printf_core) for _printf_core
    printfa.o(i.__0snprintf) refers to printfa.o(i._snputc) for _snputc
    printfa.o(i.__0sprintf) refers (Special) to iusefp.o(.text) for __I$use$fp
    printfa.o(i.__0sprintf) refers to printfa.o(i._printf_core) for _printf_core
    printfa.o(i.__0sprintf) refers to printfa.o(i._sputc) for _sputc
    printfa.o(i.__0vfprintf) refers (Special) to iusefp.o(.text) for __I$use$fp
    printfa.o(i.__0vfprintf) refers to printfa.o(i._printf_core) for _printf_core
    printfa.o(i.__0vfprintf) refers to fputc.o(i.fputc) for fputc
    printfa.o(i.__0vprintf) refers (Special) to iusefp.o(.text) for __I$use$fp
    printfa.o(i.__0vprintf) refers to printfa.o(i._printf_core) for _printf_core
    printfa.o(i.__0vprintf) refers to fputc.o(i.fputc) for fputc
    printfa.o(i.__0vprintf) refers to stdout.o(.data) for __stdout
    printfa.o(i.__0vsnprintf) refers (Special) to iusefp.o(.text) for __I$use$fp
    printfa.o(i.__0vsnprintf) refers to printfa.o(i._printf_core) for _printf_core
    printfa.o(i.__0vsnprintf) refers to printfa.o(i._snputc) for _snputc
    printfa.o(i.__0vsprintf) refers (Special) to iusefp.o(.text) for __I$use$fp
    printfa.o(i.__0vsprintf) refers to printfa.o(i._printf_core) for _printf_core
    printfa.o(i.__0vsprintf) refers to printfa.o(i._sputc) for _sputc
    printfa.o(i._fp_digits) refers (Special) to iusefp.o(.text) for __I$use$fp
    printfa.o(i._fp_digits) refers to dmul.o(.text) for __aeabi_dmul
    printfa.o(i._fp_digits) refers to ddiv.o(.text) for __aeabi_ddiv
    printfa.o(i._fp_digits) refers to cdrcmple.o(.text) for __aeabi_cdrcmple
    printfa.o(i._fp_digits) refers to dadd.o(.text) for __aeabi_dadd
    printfa.o(i._fp_digits) refers to dfixul.o(.text) for __aeabi_d2ulz
    printfa.o(i._fp_digits) refers to uldiv.o(.text) for __aeabi_uldivmod
    printfa.o(i._printf_core) refers (Special) to iusefp.o(.text) for __I$use$fp
    printfa.o(i._printf_core) refers to printfa.o(i._printf_pre_padding) for _printf_pre_padding
    printfa.o(i._printf_core) refers to uldiv.o(.text) for __aeabi_uldivmod
    printfa.o(i._printf_core) refers to printfa.o(i._printf_post_padding) for _printf_post_padding
    printfa.o(i._printf_core) refers to printfa.o(i._fp_digits) for _fp_digits
    printfa.o(i._printf_core) refers to uidiv.o(.text) for __aeabi_uidivmod
    printfa.o(i._printf_post_padding) refers (Special) to iusefp.o(.text) for __I$use$fp
    printfa.o(i._printf_pre_padding) refers (Special) to iusefp.o(.text) for __I$use$fp
    printfa.o(i._snputc) refers (Special) to iusefp.o(.text) for __I$use$fp
    printfa.o(i._sputc) refers (Special) to iusefp.o(.text) for __I$use$fp
    fmul.o(.text) refers (Special) to iusefp.o(.text) for __I$use$fp
    fdiv.o(.text) refers (Special) to iusefp.o(.text) for __I$use$fp
    fdiv.o(.text) refers to fepilogue.o(.text) for _float_round
    dadd.o(.text) refers (Special) to iusefp.o(.text) for __I$use$fp
    dadd.o(.text) refers to llshl.o(.text) for __aeabi_llsl
    dadd.o(.text) refers to llsshr.o(.text) for __aeabi_lasr
    dadd.o(.text) refers to depilogue.o(.text) for _double_epilogue
    dmul.o(.text) refers (Special) to iusefp.o(.text) for __I$use$fp
    dmul.o(.text) refers to depilogue.o(.text) for _double_epilogue
    ddiv.o(.text) refers (Special) to iusefp.o(.text) for __I$use$fp
    ddiv.o(.text) refers to depilogue.o(.text) for _double_round
    ffltui.o(.text) refers (Special) to iusefp.o(.text) for __I$use$fp
    ffltui.o(.text) refers to fepilogue.o(.text) for _float_epilogue
    dflti.o(.text) refers (Special) to iusefp.o(.text) for __I$use$fp
    dflti.o(.text) refers to depilogue.o(.text) for _double_epilogue
    dfltui.o(.text) refers (Special) to iusefp.o(.text) for __I$use$fp
    dfltui.o(.text) refers to depilogue.o(.text) for _double_epilogue
    ffixui.o(.text) refers (Special) to iusefp.o(.text) for __I$use$fp
    dfixui.o(.text) refers (Special) to iusefp.o(.text) for __I$use$fp
    dfixui.o(.text) refers to llushr.o(.text) for __aeabi_llsr
    d2f.o(.text) refers (Special) to iusefp.o(.text) for __I$use$fp
    d2f.o(.text) refers to fepilogue.o(.text) for _float_round
    entry2.o(.ARM.Collect$$$$00000001) refers to entry2.o(.ARM.Collect$$$$00002712) for __lit__00000000
    entry2.o(.ARM.Collect$$$$00002712) refers to startup_stm32f10x_md.o(STACK) for __initial_sp
    entry2.o(__vectab_stack_and_reset_area) refers to startup_stm32f10x_md.o(STACK) for __initial_sp
    entry2.o(__vectab_stack_and_reset_area) refers to entry.o(.ARM.Collect$$$$00000000) for __main
    entry5.o(.ARM.Collect$$$$00000004) refers to init.o(.text) for __scatterload
    entry9a.o(.ARM.Collect$$$$0000000B) refers to main.o(i.main) for main
    entry9b.o(.ARM.Collect$$$$0000000C) refers to main.o(i.main) for main
    fputc.o(i.fputc) refers (Special) to iusesemip.o(.text) for __I$use$semihosting$fputc
    fputc.o(i.fputc) refers (Special) to semi.o(.text) for __semihosting_library_function
    depilogue.o(.text) refers to llshl.o(.text) for __aeabi_llsl
    depilogue.o(.text) refers to llushr.o(.text) for __aeabi_llsr
    dfixul.o(.text) refers to llushr.o(.text) for __aeabi_llsr
    dfixul.o(.text) refers to llshl.o(.text) for __aeabi_llsl
    init.o(.text) refers to entry5.o(.ARM.Collect$$$$00000004) for __main_after_scatterload


==============================================================================

Removing Unused input sections from the image.

    Removing core_cm3.o(.emb_text), (32 bytes).
    Removing startup_stm32f10x_md.o(HEAP), (512 bytes).
    Removing misc.o(i.NVIC_SetVectorTable), (20 bytes).
    Removing misc.o(i.NVIC_SystemLPConfig), (32 bytes).
    Removing misc.o(i.SysTick_CLKSourceConfig), (40 bytes).
    Removing stm32f10x_adc.o(i.ADC_AnalogWatchdogCmd), (20 bytes).
    Removing stm32f10x_adc.o(i.ADC_AnalogWatchdogSingleChannelConfig), (16 bytes).
    Removing stm32f10x_adc.o(i.ADC_AnalogWatchdogThresholdsConfig), (6 bytes).
    Removing stm32f10x_adc.o(i.ADC_AutoInjectedConvCmd), (22 bytes).
    Removing stm32f10x_adc.o(i.ADC_ClearFlag), (6 bytes).
    Removing stm32f10x_adc.o(i.ADC_ClearITPendingBit), (10 bytes).
    Removing stm32f10x_adc.o(i.ADC_DeInit), (92 bytes).
    Removing stm32f10x_adc.o(i.ADC_DiscModeChannelCountConfig), (24 bytes).
    Removing stm32f10x_adc.o(i.ADC_DiscModeCmd), (22 bytes).
    Removing stm32f10x_adc.o(i.ADC_ExternalTrigConvCmd), (22 bytes).
    Removing stm32f10x_adc.o(i.ADC_ExternalTrigInjectedConvCmd), (22 bytes).
    Removing stm32f10x_adc.o(i.ADC_ExternalTrigInjectedConvConfig), (16 bytes).
    Removing stm32f10x_adc.o(i.ADC_GetConversionValue), (8 bytes).
    Removing stm32f10x_adc.o(i.ADC_GetDualModeConversionValue), (12 bytes).
    Removing stm32f10x_adc.o(i.ADC_GetFlagStatus), (18 bytes).
    Removing stm32f10x_adc.o(i.ADC_GetITStatus), (36 bytes).
    Removing stm32f10x_adc.o(i.ADC_GetInjectedConversionValue), (28 bytes).
    Removing stm32f10x_adc.o(i.ADC_GetSoftwareStartConvStatus), (20 bytes).
    Removing stm32f10x_adc.o(i.ADC_GetSoftwareStartInjectedConvCmdStatus), (20 bytes).
    Removing stm32f10x_adc.o(i.ADC_ITConfig), (24 bytes).
    Removing stm32f10x_adc.o(i.ADC_InjectedChannelConfig), (130 bytes).
    Removing stm32f10x_adc.o(i.ADC_InjectedDiscModeCmd), (22 bytes).
    Removing stm32f10x_adc.o(i.ADC_InjectedSequencerLengthConfig), (24 bytes).
    Removing stm32f10x_adc.o(i.ADC_SetInjectedOffset), (20 bytes).
    Removing stm32f10x_adc.o(i.ADC_SoftwareStartInjectedConvCmd), (22 bytes).
    Removing stm32f10x_adc.o(i.ADC_StructInit), (18 bytes).
    Removing stm32f10x_adc.o(i.ADC_TempSensorVrefintCmd), (36 bytes).
    Removing stm32f10x_gpio.o(i.GPIO_AFIODeInit), (20 bytes).
    Removing stm32f10x_gpio.o(i.GPIO_DeInit), (200 bytes).
    Removing stm32f10x_gpio.o(i.GPIO_ETH_MediaInterfaceConfig), (12 bytes).
    Removing stm32f10x_gpio.o(i.GPIO_EXTILineConfig), (64 bytes).
    Removing stm32f10x_gpio.o(i.GPIO_EventOutputCmd), (12 bytes).
    Removing stm32f10x_gpio.o(i.GPIO_EventOutputConfig), (32 bytes).
    Removing stm32f10x_gpio.o(i.GPIO_PinLockConfig), (18 bytes).
    Removing stm32f10x_gpio.o(i.GPIO_PinRemapConfig), (144 bytes).
    Removing stm32f10x_gpio.o(i.GPIO_ReadInputData), (8 bytes).
    Removing stm32f10x_gpio.o(i.GPIO_ReadOutputData), (8 bytes).
    Removing stm32f10x_gpio.o(i.GPIO_ReadOutputDataBit), (18 bytes).
    Removing stm32f10x_gpio.o(i.GPIO_ResetBits), (4 bytes).
    Removing stm32f10x_gpio.o(i.GPIO_SetBits), (4 bytes).
    Removing stm32f10x_gpio.o(i.GPIO_StructInit), (16 bytes).
    Removing stm32f10x_gpio.o(i.GPIO_Write), (4 bytes).
    Removing stm32f10x_rcc.o(i.RCC_ADCCLKConfig), (24 bytes).
    Removing stm32f10x_rcc.o(i.RCC_APB1PeriphResetCmd), (32 bytes).
    Removing stm32f10x_rcc.o(i.RCC_APB2PeriphResetCmd), (32 bytes).
    Removing stm32f10x_rcc.o(i.RCC_AdjustHSICalibrationValue), (24 bytes).
    Removing stm32f10x_rcc.o(i.RCC_BackupResetCmd), (12 bytes).
    Removing stm32f10x_rcc.o(i.RCC_ClearFlag), (20 bytes).
    Removing stm32f10x_rcc.o(i.RCC_ClearITPendingBit), (12 bytes).
    Removing stm32f10x_rcc.o(i.RCC_ClockSecuritySystemCmd), (12 bytes).
    Removing stm32f10x_rcc.o(i.RCC_DeInit), (76 bytes).
    Removing stm32f10x_rcc.o(i.RCC_GetFlagStatus), (60 bytes).
    Removing stm32f10x_rcc.o(i.RCC_GetITStatus), (24 bytes).
    Removing stm32f10x_rcc.o(i.RCC_GetSYSCLKSource), (16 bytes).
    Removing stm32f10x_rcc.o(i.RCC_HCLKConfig), (24 bytes).
    Removing stm32f10x_rcc.o(i.RCC_HSEConfig), (76 bytes).
    Removing stm32f10x_rcc.o(i.RCC_HSICmd), (12 bytes).
    Removing stm32f10x_rcc.o(i.RCC_ITConfig), (32 bytes).
    Removing stm32f10x_rcc.o(i.RCC_LSEConfig), (52 bytes).
    Removing stm32f10x_rcc.o(i.RCC_LSICmd), (12 bytes).
    Removing stm32f10x_rcc.o(i.RCC_MCOConfig), (12 bytes).
    Removing stm32f10x_rcc.o(i.RCC_PCLK1Config), (24 bytes).
    Removing stm32f10x_rcc.o(i.RCC_PCLK2Config), (24 bytes).
    Removing stm32f10x_rcc.o(i.RCC_PLLCmd), (12 bytes).
    Removing stm32f10x_rcc.o(i.RCC_PLLConfig), (28 bytes).
    Removing stm32f10x_rcc.o(i.RCC_RTCCLKCmd), (12 bytes).
    Removing stm32f10x_rcc.o(i.RCC_RTCCLKConfig), (16 bytes).
    Removing stm32f10x_rcc.o(i.RCC_SYSCLKConfig), (24 bytes).
    Removing stm32f10x_rcc.o(i.RCC_USBCLKConfig), (12 bytes).
    Removing stm32f10x_rcc.o(i.RCC_WaitForHSEStartUp), (56 bytes).
    Removing stm32f10x_usart.o(i.USART_ClearFlag), (18 bytes).
    Removing stm32f10x_usart.o(i.USART_ClearITPendingBit), (30 bytes).
    Removing stm32f10x_usart.o(i.USART_ClockInit), (34 bytes).
    Removing stm32f10x_usart.o(i.USART_ClockStructInit), (12 bytes).
    Removing stm32f10x_usart.o(i.USART_DMACmd), (18 bytes).
    Removing stm32f10x_usart.o(i.USART_DeInit), (156 bytes).
    Removing stm32f10x_usart.o(i.USART_GetITStatus), (84 bytes).
    Removing stm32f10x_usart.o(i.USART_HalfDuplexCmd), (24 bytes).
    Removing stm32f10x_usart.o(i.USART_IrDACmd), (24 bytes).
    Removing stm32f10x_usart.o(i.USART_IrDAConfig), (18 bytes).
    Removing stm32f10x_usart.o(i.USART_LINBreakDetectLengthConfig), (18 bytes).
    Removing stm32f10x_usart.o(i.USART_LINCmd), (24 bytes).
    Removing stm32f10x_usart.o(i.USART_OneBitMethodCmd), (24 bytes).
    Removing stm32f10x_usart.o(i.USART_OverSampling8Cmd), (22 bytes).
    Removing stm32f10x_usart.o(i.USART_ReceiveData), (10 bytes).
    Removing stm32f10x_usart.o(i.USART_ReceiverWakeUpCmd), (24 bytes).
    Removing stm32f10x_usart.o(i.USART_SendBreak), (10 bytes).
    Removing stm32f10x_usart.o(i.USART_SendData), (8 bytes).
    Removing stm32f10x_usart.o(i.USART_SetAddress), (18 bytes).
    Removing stm32f10x_usart.o(i.USART_SetGuardTime), (16 bytes).
    Removing stm32f10x_usart.o(i.USART_SetPrescaler), (16 bytes).
    Removing stm32f10x_usart.o(i.USART_SmartCardCmd), (24 bytes).
    Removing stm32f10x_usart.o(i.USART_SmartCardNACKCmd), (24 bytes).
    Removing stm32f10x_usart.o(i.USART_StructInit), (24 bytes).
    Removing stm32f10x_usart.o(i.USART_WakeUpConfig), (18 bytes).
    Removing stm32f10x_flash.o(i.FLASH_ClearFlag), (12 bytes).
    Removing stm32f10x_flash.o(i.FLASH_EnableWriteProtection), (196 bytes).
    Removing stm32f10x_flash.o(i.FLASH_EraseAllBank1Pages), (72 bytes).
    Removing stm32f10x_flash.o(i.FLASH_EraseAllPages), (72 bytes).
    Removing stm32f10x_flash.o(i.FLASH_EraseOptionBytes), (168 bytes).
    Removing stm32f10x_flash.o(i.FLASH_GetFlagStatus), (48 bytes).
    Removing stm32f10x_flash.o(i.FLASH_GetPrefetchBufferStatus), (24 bytes).
    Removing stm32f10x_flash.o(i.FLASH_GetReadOutProtectionStatus), (24 bytes).
    Removing stm32f10x_flash.o(i.FLASH_GetStatus), (52 bytes).
    Removing stm32f10x_flash.o(i.FLASH_GetUserOptionByte), (12 bytes).
    Removing stm32f10x_flash.o(i.FLASH_GetWriteProtectionOptionByte), (12 bytes).
    Removing stm32f10x_flash.o(i.FLASH_HalfCycleAccessCmd), (28 bytes).
    Removing stm32f10x_flash.o(i.FLASH_ITConfig), (32 bytes).
    Removing stm32f10x_flash.o(i.FLASH_LockBank1), (20 bytes).
    Removing stm32f10x_flash.o(i.FLASH_PrefetchBufferCmd), (28 bytes).
    Removing stm32f10x_flash.o(i.FLASH_ProgramHalfWord), (64 bytes).
    Removing stm32f10x_flash.o(i.FLASH_ProgramOptionByteData), (84 bytes).
    Removing stm32f10x_flash.o(i.FLASH_ReadOutProtection), (172 bytes).
    Removing stm32f10x_flash.o(i.FLASH_SetLatency), (24 bytes).
    Removing stm32f10x_flash.o(i.FLASH_UnlockBank1), (24 bytes).
    Removing stm32f10x_flash.o(i.FLASH_UserOptionByteConfig), (104 bytes).
    Removing stm32f10x_flash.o(i.FLASH_WaitForLastBank1Operation), (38 bytes).
    Removing stm32f10x_dma.o(i.DMA_ClearFlag), (28 bytes).
    Removing stm32f10x_dma.o(i.DMA_ClearITPendingBit), (28 bytes).
    Removing stm32f10x_dma.o(i.DMA_GetCurrDataCounter), (8 bytes).
    Removing stm32f10x_dma.o(i.DMA_GetFlagStatus), (44 bytes).
    Removing stm32f10x_dma.o(i.DMA_GetITStatus), (44 bytes).
    Removing stm32f10x_dma.o(i.DMA_ITConfig), (18 bytes).
    Removing stm32f10x_dma.o(i.DMA_SetCurrDataCounter), (4 bytes).
    Removing stm32f10x_dma.o(i.DMA_StructInit), (26 bytes).
    Removing stm32f10x_exti.o(i.EXTI_ClearFlag), (12 bytes).
    Removing stm32f10x_exti.o(i.EXTI_ClearITPendingBit), (12 bytes).
    Removing stm32f10x_exti.o(i.EXTI_DeInit), (36 bytes).
    Removing stm32f10x_exti.o(i.EXTI_GenerateSWInterrupt), (16 bytes).
    Removing stm32f10x_exti.o(i.EXTI_GetFlagStatus), (24 bytes).
    Removing stm32f10x_exti.o(i.EXTI_GetITStatus), (40 bytes).
    Removing stm32f10x_exti.o(i.EXTI_Init), (148 bytes).
    Removing stm32f10x_exti.o(i.EXTI_StructInit), (16 bytes).
    Removing stm32f10x_tim.o(i.TI1_Config), (128 bytes).
    Removing stm32f10x_tim.o(i.TI2_Config), (152 bytes).
    Removing stm32f10x_tim.o(i.TI3_Config), (144 bytes).
    Removing stm32f10x_tim.o(i.TI4_Config), (152 bytes).
    Removing stm32f10x_tim.o(i.TIM_ARRPreloadConfig), (24 bytes).
    Removing stm32f10x_tim.o(i.TIM_BDTRConfig), (32 bytes).
    Removing stm32f10x_tim.o(i.TIM_BDTRStructInit), (18 bytes).
    Removing stm32f10x_tim.o(i.TIM_CCPreloadControl), (24 bytes).
    Removing stm32f10x_tim.o(i.TIM_CCxCmd), (30 bytes).
    Removing stm32f10x_tim.o(i.TIM_CCxNCmd), (30 bytes).
    Removing stm32f10x_tim.o(i.TIM_ClearFlag), (6 bytes).
    Removing stm32f10x_tim.o(i.TIM_ClearOC1Ref), (18 bytes).
    Removing stm32f10x_tim.o(i.TIM_ClearOC2Ref), (24 bytes).
    Removing stm32f10x_tim.o(i.TIM_ClearOC3Ref), (18 bytes).
    Removing stm32f10x_tim.o(i.TIM_ClearOC4Ref), (24 bytes).
    Removing stm32f10x_tim.o(i.TIM_Cmd), (24 bytes).
    Removing stm32f10x_tim.o(i.TIM_CounterModeConfig), (18 bytes).
    Removing stm32f10x_tim.o(i.TIM_CtrlPWMOutputs), (30 bytes).
    Removing stm32f10x_tim.o(i.TIM_DMACmd), (18 bytes).
    Removing stm32f10x_tim.o(i.TIM_DMAConfig), (10 bytes).
    Removing stm32f10x_tim.o(i.TIM_DeInit), (488 bytes).
    Removing stm32f10x_tim.o(i.TIM_ETRClockMode1Config), (54 bytes).
    Removing stm32f10x_tim.o(i.TIM_ETRClockMode2Config), (32 bytes).
    Removing stm32f10x_tim.o(i.TIM_ETRConfig), (28 bytes).
    Removing stm32f10x_tim.o(i.TIM_EncoderInterfaceConfig), (66 bytes).
    Removing stm32f10x_tim.o(i.TIM_ForcedOC1Config), (18 bytes).
    Removing stm32f10x_tim.o(i.TIM_ForcedOC2Config), (26 bytes).
    Removing stm32f10x_tim.o(i.TIM_ForcedOC3Config), (18 bytes).
    Removing stm32f10x_tim.o(i.TIM_ForcedOC4Config), (26 bytes).
    Removing stm32f10x_tim.o(i.TIM_GenerateEvent), (4 bytes).
    Removing stm32f10x_tim.o(i.TIM_GetCapture1), (6 bytes).
    Removing stm32f10x_tim.o(i.TIM_GetCapture3), (6 bytes).
    Removing stm32f10x_tim.o(i.TIM_GetCapture4), (8 bytes).
    Removing stm32f10x_tim.o(i.TIM_GetCounter), (6 bytes).
    Removing stm32f10x_tim.o(i.TIM_GetFlagStatus), (18 bytes).
    Removing stm32f10x_tim.o(i.TIM_GetPrescaler), (6 bytes).
    Removing stm32f10x_tim.o(i.TIM_ICInit), (172 bytes).
    Removing stm32f10x_tim.o(i.TIM_ICStructInit), (18 bytes).
    Removing stm32f10x_tim.o(i.TIM_ITConfig), (18 bytes).
    Removing stm32f10x_tim.o(i.TIM_ITRxExternalClockConfig), (24 bytes).
    Removing stm32f10x_tim.o(i.TIM_InternalClockConfig), (12 bytes).
    Removing stm32f10x_tim.o(i.TIM_OC1FastConfig), (18 bytes).
    Removing stm32f10x_tim.o(i.TIM_OC1Init), (152 bytes).
    Removing stm32f10x_tim.o(i.TIM_OC1NPolarityConfig), (18 bytes).
    Removing stm32f10x_tim.o(i.TIM_OC1PolarityConfig), (18 bytes).
    Removing stm32f10x_tim.o(i.TIM_OC1PreloadConfig), (18 bytes).
    Removing stm32f10x_tim.o(i.TIM_OC2FastConfig), (26 bytes).
    Removing stm32f10x_tim.o(i.TIM_OC2Init), (164 bytes).
    Removing stm32f10x_tim.o(i.TIM_OC2NPolarityConfig), (26 bytes).
    Removing stm32f10x_tim.o(i.TIM_OC2PolarityConfig), (26 bytes).
    Removing stm32f10x_tim.o(i.TIM_OC2PreloadConfig), (26 bytes).
    Removing stm32f10x_tim.o(i.TIM_OC3FastConfig), (18 bytes).
    Removing stm32f10x_tim.o(i.TIM_OC3Init), (160 bytes).
    Removing stm32f10x_tim.o(i.TIM_OC3NPolarityConfig), (26 bytes).
    Removing stm32f10x_tim.o(i.TIM_OC3PolarityConfig), (26 bytes).
    Removing stm32f10x_tim.o(i.TIM_OC3PreloadConfig), (18 bytes).
    Removing stm32f10x_tim.o(i.TIM_OC4FastConfig), (26 bytes).
    Removing stm32f10x_tim.o(i.TIM_OC4Init), (124 bytes).
    Removing stm32f10x_tim.o(i.TIM_OC4PolarityConfig), (26 bytes).
    Removing stm32f10x_tim.o(i.TIM_OC4PreloadConfig), (26 bytes).
    Removing stm32f10x_tim.o(i.TIM_OCStructInit), (20 bytes).
    Removing stm32f10x_tim.o(i.TIM_PWMIConfig), (124 bytes).
    Removing stm32f10x_tim.o(i.TIM_PrescalerConfig), (6 bytes).
    Removing stm32f10x_tim.o(i.TIM_SelectCCDMA), (24 bytes).
    Removing stm32f10x_tim.o(i.TIM_SelectCOM), (24 bytes).
    Removing stm32f10x_tim.o(i.TIM_SelectHallSensor), (24 bytes).
    Removing stm32f10x_tim.o(i.TIM_SelectInputTrigger), (18 bytes).
    Removing stm32f10x_tim.o(i.TIM_SelectMasterSlaveMode), (18 bytes).
    Removing stm32f10x_tim.o(i.TIM_SelectOCxM), (82 bytes).
    Removing stm32f10x_tim.o(i.TIM_SelectOnePulseMode), (18 bytes).
    Removing stm32f10x_tim.o(i.TIM_SelectOutputTrigger), (18 bytes).
    Removing stm32f10x_tim.o(i.TIM_SelectSlaveMode), (18 bytes).
    Removing stm32f10x_tim.o(i.TIM_SetAutoreload), (4 bytes).
    Removing stm32f10x_tim.o(i.TIM_SetClockDivision), (18 bytes).
    Removing stm32f10x_tim.o(i.TIM_SetCompare1), (4 bytes).
    Removing stm32f10x_tim.o(i.TIM_SetCompare2), (4 bytes).
    Removing stm32f10x_tim.o(i.TIM_SetCompare3), (4 bytes).
    Removing stm32f10x_tim.o(i.TIM_SetCompare4), (6 bytes).
    Removing stm32f10x_tim.o(i.TIM_SetCounter), (4 bytes).
    Removing stm32f10x_tim.o(i.TIM_SetIC1Prescaler), (18 bytes).
    Removing stm32f10x_tim.o(i.TIM_SetIC2Prescaler), (26 bytes).
    Removing stm32f10x_tim.o(i.TIM_SetIC3Prescaler), (18 bytes).
    Removing stm32f10x_tim.o(i.TIM_SetIC4Prescaler), (26 bytes).
    Removing stm32f10x_tim.o(i.TIM_TIxExternalClockConfig), (62 bytes).
    Removing stm32f10x_tim.o(i.TIM_TimeBaseInit), (164 bytes).
    Removing stm32f10x_tim.o(i.TIM_TimeBaseStructInit), (18 bytes).
    Removing stm32f10x_tim.o(i.TIM_UpdateDisableConfig), (24 bytes).
    Removing stm32f10x_tim.o(i.TIM_UpdateRequestConfig), (24 bytes).
    Removing stm32f10x_i2c.o(i.I2C_ARPCmd), (24 bytes).
    Removing stm32f10x_i2c.o(i.I2C_AcknowledgeConfig), (24 bytes).
    Removing stm32f10x_i2c.o(i.I2C_CalculatePEC), (24 bytes).
    Removing stm32f10x_i2c.o(i.I2C_ClearFlag), (12 bytes).
    Removing stm32f10x_i2c.o(i.I2C_ClearITPendingBit), (12 bytes).
    Removing stm32f10x_i2c.o(i.I2C_DMACmd), (24 bytes).
    Removing stm32f10x_i2c.o(i.I2C_DMALastTransferCmd), (24 bytes).
    Removing stm32f10x_i2c.o(i.I2C_DeInit), (56 bytes).
    Removing stm32f10x_i2c.o(i.I2C_DualAddressCmd), (24 bytes).
    Removing stm32f10x_i2c.o(i.I2C_FastModeDutyCycleConfig), (28 bytes).
    Removing stm32f10x_i2c.o(i.I2C_GeneralCallCmd), (24 bytes).
    Removing stm32f10x_i2c.o(i.I2C_GetFlagStatus), (58 bytes).
    Removing stm32f10x_i2c.o(i.I2C_GetITStatus), (38 bytes).
    Removing stm32f10x_i2c.o(i.I2C_GetLastEvent), (26 bytes).
    Removing stm32f10x_i2c.o(i.I2C_GetPEC), (8 bytes).
    Removing stm32f10x_i2c.o(i.I2C_ITConfig), (18 bytes).
    Removing stm32f10x_i2c.o(i.I2C_NACKPositionConfig), (28 bytes).
    Removing stm32f10x_i2c.o(i.I2C_OwnAddress2Config), (22 bytes).
    Removing stm32f10x_i2c.o(i.I2C_PECPositionConfig), (28 bytes).
    Removing stm32f10x_i2c.o(i.I2C_ReadRegister), (22 bytes).
    Removing stm32f10x_i2c.o(i.I2C_ReceiveData), (8 bytes).
    Removing stm32f10x_i2c.o(i.I2C_SMBusAlertConfig), (28 bytes).
    Removing stm32f10x_i2c.o(i.I2C_SoftwareResetCmd), (22 bytes).
    Removing stm32f10x_i2c.o(i.I2C_StretchClockCmd), (24 bytes).
    Removing stm32f10x_i2c.o(i.I2C_StructInit), (30 bytes).
    Removing stm32f10x_i2c.o(i.I2C_TransmitPEC), (24 bytes).
    Removing main.o(i.Buzzer_Start), (20 bytes).
    Removing main.o(i.Buzzer_Stop), (20 bytes).
    Removing main.o(i.Current_Protection_Mode), (2 bytes).
    Removing main.o(i.Flash_WriteData), (42 bytes).
    Removing main.o(i.Get_Amperage), (168 bytes).
    Removing main.o(i.Get_Voltage), (276 bytes).
    Removing main.o(i.PowerButtonPressMode), (112 bytes).
    Removing main.o(i.System_Problems_Mode), (76 bytes).
    Removing main.o(i.TIM3_ChannelConfig), (36 bytes).
    Removing main.o(i.TIM3_ClockConfig), (20 bytes).
    Removing main.o(i.TIM3_InputCaptureConfig), (104 bytes).
    Removing main.o(i.TIM3_InterruptConfig), (32 bytes).
    Removing system_stm32f10x.o(i.SystemCoreClockUpdate), (164 bytes).
    Removing delay.o(i.SysTick24), (10 bytes).
    Removing delay.o(i.SysTick_Micros), (18 bytes).
    Removing button.o(i.Button_SetHoldTime), (4 bytes).
    Removing ringbuffer.o(i.RB_Available), (46 bytes).
    Removing ringbuffer.o(i.RB_Pop), (54 bytes).
    Removing serial.o(i.Serial_Available), (20 bytes).
    Removing serial.o(i.Serial_Printf), (44 bytes).
    Removing serial.o(i.Serial_Read), (20 bytes).
    Removing serial.o(i.UART_SendChar), (34 bytes).
    Removing serial.o(i.UART_SendString), (26 bytes).
    Removing fmul.o(.text), (100 bytes).
    Removing dflti.o(.text), (34 bytes).
    Removing dfltui.o(.text), (26 bytes).
    Removing dfixui.o(.text), (50 bytes).
    Removing d2f.o(.text), (56 bytes).

280 unused section(s) (total 11212 bytes) removed from the image.

==============================================================================

Image Symbol Table

    Local Symbols

    Symbol Name                              Value     Ov Type        Size  Object(Section)

    ../clib/microlib/division.c              0x00000000   Number         0  uldiv.o ABSOLUTE
    ../clib/microlib/division.c              0x00000000   Number         0  uidiv.o ABSOLUTE
    ../clib/microlib/init/entry.s            0x00000000   Number         0  entry8b.o ABSOLUTE
    ../clib/microlib/init/entry.s            0x00000000   Number         0  entry10a.o ABSOLUTE
    ../clib/microlib/init/entry.s            0x00000000   Number         0  entry.o ABSOLUTE
    ../clib/microlib/init/entry.s            0x00000000   Number         0  entry10b.o ABSOLUTE
    ../clib/microlib/init/entry.s            0x00000000   Number         0  entry2.o ABSOLUTE
    ../clib/microlib/init/entry.s            0x00000000   Number         0  entry11a.o ABSOLUTE
    ../clib/microlib/init/entry.s            0x00000000   Number         0  entry5.o ABSOLUTE
    ../clib/microlib/init/entry.s            0x00000000   Number         0  entry7a.o ABSOLUTE
    ../clib/microlib/init/entry.s            0x00000000   Number         0  entry7b.o ABSOLUTE
    ../clib/microlib/init/entry.s            0x00000000   Number         0  entry9a.o ABSOLUTE
    ../clib/microlib/init/entry.s            0x00000000   Number         0  entry11b.o ABSOLUTE
    ../clib/microlib/init/entry.s            0x00000000   Number         0  entry9b.o ABSOLUTE
    ../clib/microlib/init/entry.s            0x00000000   Number         0  entry8a.o ABSOLUTE
    ../clib/microlib/longlong.c              0x00000000   Number         0  llshl.o ABSOLUTE
    ../clib/microlib/longlong.c              0x00000000   Number         0  llsshr.o ABSOLUTE
    ../clib/microlib/longlong.c              0x00000000   Number         0  llushr.o ABSOLUTE
    ../clib/microlib/printf/printf.c         0x00000000   Number         0  printfa.o ABSOLUTE
    ../clib/microlib/stdio/fputc.c           0x00000000   Number         0  fputc.o ABSOLUTE
    ../clib/microlib/stdio/semi.s            0x00000000   Number         0  semi.o ABSOLUTE
    ../clib/microlib/stdio/streams.c         0x00000000   Number         0  stdout.o ABSOLUTE
    ../clib/microlib/string/strlen.c         0x00000000   Number         0  strlen.o ABSOLUTE
    ../clib/microlib/stubs.s                 0x00000000   Number         0  iusefp.o ABSOLUTE
    ../clib/microlib/stubs.s                 0x00000000   Number         0  iusesemip.o ABSOLUTE
    ../fplib/microlib/d2f.c                  0x00000000   Number         0  d2f.o ABSOLUTE
    ../fplib/microlib/fpadd.c                0x00000000   Number         0  dadd.o ABSOLUTE
    ../fplib/microlib/fpdiv.c                0x00000000   Number         0  ddiv.o ABSOLUTE
    ../fplib/microlib/fpdiv.c                0x00000000   Number         0  fdiv.o ABSOLUTE
    ../fplib/microlib/fpepilogue.c           0x00000000   Number         0  depilogue.o ABSOLUTE
    ../fplib/microlib/fpepilogue.c           0x00000000   Number         0  fepilogue.o ABSOLUTE
    ../fplib/microlib/fpfix.c                0x00000000   Number         0  dfixul.o ABSOLUTE
    ../fplib/microlib/fpfix.c                0x00000000   Number         0  ffixui.o ABSOLUTE
    ../fplib/microlib/fpfix.c                0x00000000   Number         0  dfixui.o ABSOLUTE
    ../fplib/microlib/fpflt.c                0x00000000   Number         0  dfltui.o ABSOLUTE
    ../fplib/microlib/fpflt.c                0x00000000   Number         0  dflti.o ABSOLUTE
    ../fplib/microlib/fpflt.c                0x00000000   Number         0  ffltui.o ABSOLUTE
    ../fplib/microlib/fpmul.c                0x00000000   Number         0  fmul.o ABSOLUTE
    ../fplib/microlib/fpmul.c                0x00000000   Number         0  dmul.o ABSOLUTE
    ..\..\lib\CMSIS\CM3\CoreSupport\core_cm3.c 0x00000000   Number         0  core_cm3.o ABSOLUTE
    ..\..\lib\CMSIS\CM3\DeviceSupport\ST\STM32F10x\startup\arm\startup_stm32f10x_md.s 0x00000000   Number         0  startup_stm32f10x_md.o ABSOLUTE
    ..\..\lib\STM32F10x_StdPeriph_Driver\src\misc.c 0x00000000   Number         0  misc.o ABSOLUTE
    ..\..\lib\STM32F10x_StdPeriph_Driver\src\stm32f10x_adc.c 0x00000000   Number         0  stm32f10x_adc.o ABSOLUTE
    ..\..\lib\STM32F10x_StdPeriph_Driver\src\stm32f10x_dma.c 0x00000000   Number         0  stm32f10x_dma.o ABSOLUTE
    ..\..\lib\STM32F10x_StdPeriph_Driver\src\stm32f10x_exti.c 0x00000000   Number         0  stm32f10x_exti.o ABSOLUTE
    ..\..\lib\STM32F10x_StdPeriph_Driver\src\stm32f10x_flash.c 0x00000000   Number         0  stm32f10x_flash.o ABSOLUTE
    ..\..\lib\STM32F10x_StdPeriph_Driver\src\stm32f10x_gpio.c 0x00000000   Number         0  stm32f10x_gpio.o ABSOLUTE
    ..\..\lib\STM32F10x_StdPeriph_Driver\src\stm32f10x_i2c.c 0x00000000   Number         0  stm32f10x_i2c.o ABSOLUTE
    ..\..\lib\STM32F10x_StdPeriph_Driver\src\stm32f10x_rcc.c 0x00000000   Number         0  stm32f10x_rcc.o ABSOLUTE
    ..\..\lib\STM32F10x_StdPeriph_Driver\src\stm32f10x_tim.c 0x00000000   Number         0  stm32f10x_tim.o ABSOLUTE
    ..\..\lib\STM32F10x_StdPeriph_Driver\src\stm32f10x_usart.c 0x00000000   Number         0  stm32f10x_usart.o ABSOLUTE
    ..\..\myLibrary\Button.c                 0x00000000   Number         0  button.o ABSOLUTE
    ..\..\myLibrary\DMA.c                    0x00000000   Number         0  dma.o ABSOLUTE
    ..\..\myLibrary\Delay.c                  0x00000000   Number         0  delay.o ABSOLUTE
    ..\..\myLibrary\LCD_I2C.c                0x00000000   Number         0  lcd_i2c.o ABSOLUTE
    ..\..\myLibrary\RingBuffer.c             0x00000000   Number         0  ringbuffer.o ABSOLUTE
    ..\..\myLibrary\Serial.c                 0x00000000   Number         0  serial.o ABSOLUTE
    ..\\..\\lib\\CMSIS\\CM3\\CoreSupport\\core_cm3.c 0x00000000   Number         0  core_cm3.o ABSOLUTE
    ..\main.c                                0x00000000   Number         0  main.o ABSOLUTE
    ..\stm32f10x_it.c                        0x00000000   Number         0  stm32f10x_it.o ABSOLUTE
    ..\system_stm32f10x.c                    0x00000000   Number         0  system_stm32f10x.o ABSOLUTE
    cdrcmple.s                               0x00000000   Number         0  cdrcmple.o ABSOLUTE
    dc.s                                     0x00000000   Number         0  dc.o ABSOLUTE
    handlers.s                               0x00000000   Number         0  handlers.o ABSOLUTE
    init.s                                   0x00000000   Number         0  init.o ABSOLUTE
    RESET                                    0x08000000   Section      236  startup_stm32f10x_md.o(RESET)
    .ARM.Collect$$$$00000000                 0x080000ec   Section        0  entry.o(.ARM.Collect$$$$00000000)
    .ARM.Collect$$$$00000001                 0x080000ec   Section        4  entry2.o(.ARM.Collect$$$$00000001)
    .ARM.Collect$$$$00000004                 0x080000f0   Section        4  entry5.o(.ARM.Collect$$$$00000004)
    .ARM.Collect$$$$00000008                 0x080000f4   Section        0  entry7b.o(.ARM.Collect$$$$00000008)
    .ARM.Collect$$$$0000000A                 0x080000f4   Section        0  entry8b.o(.ARM.Collect$$$$0000000A)
    .ARM.Collect$$$$0000000B                 0x080000f4   Section        8  entry9a.o(.ARM.Collect$$$$0000000B)
    .ARM.Collect$$$$0000000D                 0x080000fc   Section        0  entry10a.o(.ARM.Collect$$$$0000000D)
    .ARM.Collect$$$$0000000F                 0x080000fc   Section        0  entry11a.o(.ARM.Collect$$$$0000000F)
    .ARM.Collect$$$$00002712                 0x080000fc   Section        4  entry2.o(.ARM.Collect$$$$00002712)
    __lit__00000000                          0x080000fc   Data           4  entry2.o(.ARM.Collect$$$$00002712)
    .text                                    0x08000100   Section       36  startup_stm32f10x_md.o(.text)
    .text                                    0x08000124   Section        0  uldiv.o(.text)
    .text                                    0x08000186   Section        0  strlen.o(.text)
    .text                                    0x08000194   Section        0  fdiv.o(.text)
    .text                                    0x08000210   Section        0  dadd.o(.text)
    .text                                    0x0800035e   Section        0  dmul.o(.text)
    .text                                    0x08000442   Section        0  ddiv.o(.text)
    .text                                    0x08000520   Section        0  ffltui.o(.text)
    .text                                    0x0800052a   Section        0  ffixui.o(.text)
    .text                                    0x08000552   Section        0  uidiv.o(.text)
    .text                                    0x0800057e   Section        0  llshl.o(.text)
    .text                                    0x0800059c   Section        0  llushr.o(.text)
    .text                                    0x080005bc   Section        0  llsshr.o(.text)
    .text                                    0x080005e0   Section        0  iusefp.o(.text)
    .text                                    0x080005e0   Section        0  fepilogue.o(.text)
    .text                                    0x0800064e   Section        0  depilogue.o(.text)
    .text                                    0x08000708   Section        0  dfixul.o(.text)
    .text                                    0x08000738   Section       48  cdrcmple.o(.text)
    .text                                    0x08000768   Section       36  init.o(.text)
    i.ADC_Cmd                                0x0800078c   Section        0  stm32f10x_adc.o(i.ADC_Cmd)
    i.ADC_DMACmd                             0x080007a2   Section        0  stm32f10x_adc.o(i.ADC_DMACmd)
    i.ADC_GetCalibrationStatus               0x080007b8   Section        0  stm32f10x_adc.o(i.ADC_GetCalibrationStatus)
    i.ADC_GetResetCalibrationStatus          0x080007cc   Section        0  stm32f10x_adc.o(i.ADC_GetResetCalibrationStatus)
    i.ADC_Init                               0x080007e0   Section        0  stm32f10x_adc.o(i.ADC_Init)
    i.ADC_Multi_Channel_Config               0x08000830   Section        0  dma.o(i.ADC_Multi_Channel_Config)
    i.ADC_RegularChannelConfig               0x08000900   Section        0  stm32f10x_adc.o(i.ADC_RegularChannelConfig)
    i.ADC_ResetCalibration                   0x080009b8   Section        0  stm32f10x_adc.o(i.ADC_ResetCalibration)
    i.ADC_SoftwareStartConvCmd               0x080009c2   Section        0  stm32f10x_adc.o(i.ADC_SoftwareStartConvCmd)
    i.ADC_StartCalibration                   0x080009d8   Section        0  stm32f10x_adc.o(i.ADC_StartCalibration)
    i.BusFault_Handler                       0x080009e2   Section        0  stm32f10x_it.o(i.BusFault_Handler)
    i.Button_Config                          0x080009e8   Section        0  button.o(i.Button_Config)
    i.Button_OnHold                          0x08000a54   Section        0  button.o(i.Button_OnHold)
    i.Button_OnPress                         0x08000a7c   Section        0  button.o(i.Button_OnPress)
    i.Button_Update                          0x08000aa4   Section        0  button.o(i.Button_Update)
    i.Buzzer_config                          0x08000b3c   Section        0  main.o(i.Buzzer_config)
    i.Control_OffRelay                       0x08000b68   Section        0  main.o(i.Control_OffRelay)
    i.DMA_Cmd                                0x08000c44   Section        0  stm32f10x_dma.o(i.DMA_Cmd)
    i.DMA_DeInit                             0x08000c5c   Section        0  stm32f10x_dma.o(i.DMA_DeInit)
    i.DMA_Init                               0x08000da8   Section        0  stm32f10x_dma.o(i.DMA_Init)
    i.DMA_Multi_Channel_Config               0x08000de4   Section        0  dma.o(i.DMA_Multi_Channel_Config)
    i.DMA_Start                              0x08000e3c   Section        0  dma.o(i.DMA_Start)
    i.DebugMon_Handler                       0x08000e4c   Section        0  stm32f10x_it.o(i.DebugMon_Handler)
    i.FLASH_ErasePage                        0x08000e50   Section        0  stm32f10x_flash.o(i.FLASH_ErasePage)
    i.FLASH_GetBank1Status                   0x08000e9c   Section        0  stm32f10x_flash.o(i.FLASH_GetBank1Status)
    i.FLASH_Lock                             0x08000ed0   Section        0  stm32f10x_flash.o(i.FLASH_Lock)
    i.FLASH_ProgramWord                      0x08000ee4   Section        0  stm32f10x_flash.o(i.FLASH_ProgramWord)
    i.FLASH_Unlock                           0x08000f50   Section        0  stm32f10x_flash.o(i.FLASH_Unlock)
    i.FLASH_WaitForLastOperation             0x08000f68   Section        0  stm32f10x_flash.o(i.FLASH_WaitForLastOperation)
    i.Flash_ReadData                         0x08000f8e   Section        0  main.o(i.Flash_ReadData)
    i.Flash_SendDataToArray                  0x08000f94   Section        0  main.o(i.Flash_SendDataToArray)
    i.Flash_WriteDataArray                   0x08000fc4   Section        0  main.o(i.Flash_WriteDataArray)
    i.GPIO_Init                              0x08001004   Section        0  stm32f10x_gpio.o(i.GPIO_Init)
    i.GPIO_ReadInputDataBit                  0x0800111a   Section        0  stm32f10x_gpio.o(i.GPIO_ReadInputDataBit)
    i.GPIO_WriteBit                          0x0800112c   Section        0  stm32f10x_gpio.o(i.GPIO_WriteBit)
    i.Handle_SetTimeOfRelay                  0x08001138   Section        0  main.o(i.Handle_SetTimeOfRelay)
    i.Handle_SystemMode                      0x0800127c   Section        0  main.o(i.Handle_SystemMode)
    i.HardFault_Handler                      0x080013a4   Section        0  stm32f10x_it.o(i.HardFault_Handler)
    i.I2C_CheckEvent                         0x080013a8   Section        0  stm32f10x_i2c.o(i.I2C_CheckEvent)
    i.I2C_Cmd                                0x080013d2   Section        0  stm32f10x_i2c.o(i.I2C_Cmd)
    i.I2C_GenerateSTART                      0x080013ea   Section        0  stm32f10x_i2c.o(i.I2C_GenerateSTART)
    i.I2C_GenerateSTOP                       0x08001402   Section        0  stm32f10x_i2c.o(i.I2C_GenerateSTOP)
    i.I2C_Init                               0x0800141c   Section        0  stm32f10x_i2c.o(i.I2C_Init)
    i.I2C_Send7bitAddress                    0x08001508   Section        0  stm32f10x_i2c.o(i.I2C_Send7bitAddress)
    i.I2C_SendData                           0x0800151a   Section        0  stm32f10x_i2c.o(i.I2C_SendData)
    i.LCD_Clear                              0x0800151e   Section        0  lcd_i2c.o(i.LCD_Clear)
    i.LCD_Cmd_Write                          0x0800152e   Section        0  lcd_i2c.o(i.LCD_Cmd_Write)
    i.LCD_Data_Write                         0x08001570   Section        0  lcd_i2c.o(i.LCD_Data_Write)
    i.LCD_Gotoxy                             0x080015b6   Section        0  lcd_i2c.o(i.LCD_Gotoxy)
    i.LCD_I2C_Configuration                  0x08001600   Section        0  lcd_i2c.o(i.LCD_I2C_Configuration)
    i.LCD_Init                               0x08001674   Section        0  lcd_i2c.o(i.LCD_Init)
    i.LCD_Printf                             0x080016cc   Section        0  lcd_i2c.o(i.LCD_Printf)
    i.LCD_Send_String                        0x0800170a   Section        0  lcd_i2c.o(i.LCD_Send_String)
    i.LCD_Write_Byte                         0x08001720   Section        0  lcd_i2c.o(i.LCD_Write_Byte)
    i.MemManage_Handler                      0x08001780   Section        0  stm32f10x_it.o(i.MemManage_Handler)
    i.NMI_Handler                            0x08001784   Section        0  stm32f10x_it.o(i.NMI_Handler)
    i.NVIC_Init                              0x08001788   Section        0  misc.o(i.NVIC_Init)
    i.NVIC_PriorityGroupConfig               0x080017f8   Section        0  misc.o(i.NVIC_PriorityGroupConfig)
    i.PendSV_Handler                         0x0800180c   Section        0  stm32f10x_it.o(i.PendSV_Handler)
    i.RB_Init                                0x0800180e   Section        0  ringbuffer.o(i.RB_Init)
    i.RB_Push                                0x0800181a   Section        0  ringbuffer.o(i.RB_Push)
    i.RCC_AHBPeriphClockCmd                  0x0800184c   Section        0  stm32f10x_rcc.o(i.RCC_AHBPeriphClockCmd)
    i.RCC_APB1PeriphClockCmd                 0x0800186c   Section        0  stm32f10x_rcc.o(i.RCC_APB1PeriphClockCmd)
    i.RCC_APB2PeriphClockCmd                 0x0800188c   Section        0  stm32f10x_rcc.o(i.RCC_APB2PeriphClockCmd)
    i.RCC_GetClocksFreq                      0x080018ac   Section        0  stm32f10x_rcc.o(i.RCC_GetClocksFreq)
    i.Relay_Config                           0x08001980   Section        0  main.o(i.Relay_Config)
    i.SVC_Handler                            0x080019ac   Section        0  stm32f10x_it.o(i.SVC_Handler)
    i.Serial_Begin                           0x080019b0   Section        0  serial.o(i.Serial_Begin)
    i.SetSysClock                            0x08001a98   Section        0  system_stm32f10x.o(i.SetSysClock)
    SetSysClock                              0x08001a99   Thumb Code     8  system_stm32f10x.o(i.SetSysClock)
    i.SetSysClockTo72                        0x08001aa0   Section        0  system_stm32f10x.o(i.SetSysClockTo72)
    SetSysClockTo72                          0x08001aa1   Thumb Code   214  system_stm32f10x.o(i.SetSysClockTo72)
    i.SysTick32                              0x08001b80   Section        0  delay.o(i.SysTick32)
    i.SysTick64                              0x08001b94   Section        0  delay.o(i.SysTick64)
    i.SysTick_Handler                        0x08001bb8   Section        0  delay.o(i.SysTick_Handler)
    i.SysTick_Init                           0x08001bc8   Section        0  delay.o(i.SysTick_Init)
    i.SysTick_Millis                         0x08001bd8   Section        0  delay.o(i.SysTick_Millis)
    i.SystemInit                             0x08001bf0   Section        0  system_stm32f10x.o(i.SystemInit)
    i.TIM3_IRQHandler                        0x08001c50   Section        0  main.o(i.TIM3_IRQHandler)
    i.TIM_ClearITPendingBit                  0x08001d34   Section        0  stm32f10x_tim.o(i.TIM_ClearITPendingBit)
    i.TIM_GetCapture2                        0x08001d3a   Section        0  stm32f10x_tim.o(i.TIM_GetCapture2)
    i.TIM_GetITStatus                        0x08001d40   Section        0  stm32f10x_tim.o(i.TIM_GetITStatus)
    i.TurnOff_AllDevices                     0x08001d64   Section        0  main.o(i.TurnOff_AllDevices)
    i.USART1_IRQHandler                      0x08001da8   Section        0  serial.o(i.USART1_IRQHandler)
    i.USART_Cmd                              0x08001dc4   Section        0  stm32f10x_usart.o(i.USART_Cmd)
    i.USART_GetChar                          0x08001ddc   Section        0  serial.o(i.USART_GetChar)
    i.USART_GetFlagStatus                    0x08001dfc   Section        0  stm32f10x_usart.o(i.USART_GetFlagStatus)
    i.USART_ITConfig                         0x08001e16   Section        0  stm32f10x_usart.o(i.USART_ITConfig)
    i.USART_Init                             0x08001e60   Section        0  stm32f10x_usart.o(i.USART_Init)
    i.UsageFault_Handler                     0x08001f38   Section        0  stm32f10x_it.o(i.UsageFault_Handler)
    i.__0vsprintf                            0x08001f3c   Section        0  printfa.o(i.__0vsprintf)
    i.__scatterload_copy                     0x08001f60   Section       14  handlers.o(i.__scatterload_copy)
    i.__scatterload_null                     0x08001f6e   Section        2  handlers.o(i.__scatterload_null)
    i.__scatterload_zeroinit                 0x08001f70   Section       14  handlers.o(i.__scatterload_zeroinit)
    i._fp_digits                             0x08001f80   Section        0  printfa.o(i._fp_digits)
    _fp_digits                               0x08001f81   Thumb Code   366  printfa.o(i._fp_digits)
    i._printf_core                           0x08002104   Section        0  printfa.o(i._printf_core)
    _printf_core                             0x08002105   Thumb Code  1744  printfa.o(i._printf_core)
    i._printf_post_padding                   0x080027e0   Section        0  printfa.o(i._printf_post_padding)
    _printf_post_padding                     0x080027e1   Thumb Code    36  printfa.o(i._printf_post_padding)
    i._printf_pre_padding                    0x08002804   Section        0  printfa.o(i._printf_pre_padding)
    _printf_pre_padding                      0x08002805   Thumb Code    46  printfa.o(i._printf_pre_padding)
    i._sputc                                 0x08002832   Section        0  printfa.o(i._sputc)
    _sputc                                   0x08002833   Thumb Code    10  printfa.o(i._sputc)
    i.delay_ms                               0x0800283c   Section        0  delay.o(i.delay_ms)
    i.delay_us                               0x08002852   Section        0  delay.o(i.delay_us)
    i.getButtonMode                          0x08002870   Section        0  main.o(i.getButtonMode)
    i.main                                   0x080028dc   Section        0  main.o(i.main)
    .data                                    0x20000000   Section       20  stm32f10x_rcc.o(.data)
    APBAHBPrescTable                         0x20000000   Data          16  stm32f10x_rcc.o(.data)
    ADCPrescTable                            0x20000010   Data           4  stm32f10x_rcc.o(.data)
    .data                                    0x20000014   Section       48  main.o(.data)
    .data                                    0x20000044   Section       20  system_stm32f10x.o(.data)
    .data                                    0x20000058   Section        4  delay.o(.data)
    .data                                    0x2000005c   Section        8  serial.o(.data)
    .bss                                     0x20000068   Section      144  main.o(.bss)
    .bss                                     0x200000f8   Section       64  serial.o(.bss)
    STACK                                    0x20000138   Section     1024  startup_stm32f10x_md.o(STACK)

    Global Symbols

    Symbol Name                              Value     Ov Type        Size  Object(Section)

    BuildAttributes$$THM_ISAv4$P$D$K$B$S$PE$A:L22UL41UL21$X:L11$S22US41US21$IEEE1$IW$USESV6$~STKCKD$USESV7$~SHL$OTIME$ROPI$EBA8$MICROLIB$REQ8$PRES8$EABIv2 0x00000000   Number         0  anon$$obj.o ABSOLUTE
    __ARM_use_no_argv                        0x00000000   Number         0  main.o ABSOLUTE
    __cpp_initialize__aeabi_                  - Undefined Weak Reference
    __cxa_finalize                            - Undefined Weak Reference
    __decompress                              - Undefined Weak Reference
    _clock_init                               - Undefined Weak Reference
    _microlib_exit                            - Undefined Weak Reference
    __Vectors_Size                           0x000000ec   Number         0  startup_stm32f10x_md.o ABSOLUTE
    __Vectors                                0x08000000   Data           4  startup_stm32f10x_md.o(RESET)
    __Vectors_End                            0x080000ec   Data           0  startup_stm32f10x_md.o(RESET)
    __main                                   0x080000ed   Thumb Code     0  entry.o(.ARM.Collect$$$$00000000)
    _main_stk                                0x080000ed   Thumb Code     0  entry2.o(.ARM.Collect$$$$00000001)
    _main_scatterload                        0x080000f1   Thumb Code     0  entry5.o(.ARM.Collect$$$$00000004)
    __main_after_scatterload                 0x080000f5   Thumb Code     0  entry5.o(.ARM.Collect$$$$00000004)
    _main_clock                              0x080000f5   Thumb Code     0  entry7b.o(.ARM.Collect$$$$00000008)
    _main_cpp_init                           0x080000f5   Thumb Code     0  entry8b.o(.ARM.Collect$$$$0000000A)
    _main_init                               0x080000f5   Thumb Code     0  entry9a.o(.ARM.Collect$$$$0000000B)
    __rt_final_cpp                           0x080000fd   Thumb Code     0  entry10a.o(.ARM.Collect$$$$0000000D)
    __rt_final_exit                          0x080000fd   Thumb Code     0  entry11a.o(.ARM.Collect$$$$0000000F)
    Reset_Handler                            0x08000101   Thumb Code     8  startup_stm32f10x_md.o(.text)
    ADC1_2_IRQHandler                        0x0800011b   Thumb Code     0  startup_stm32f10x_md.o(.text)
    CAN1_RX1_IRQHandler                      0x0800011b   Thumb Code     0  startup_stm32f10x_md.o(.text)
    CAN1_SCE_IRQHandler                      0x0800011b   Thumb Code     0  startup_stm32f10x_md.o(.text)
    DMA1_Channel1_IRQHandler                 0x0800011b   Thumb Code     0  startup_stm32f10x_md.o(.text)
    DMA1_Channel2_IRQHandler                 0x0800011b   Thumb Code     0  startup_stm32f10x_md.o(.text)
    DMA1_Channel3_IRQHandler                 0x0800011b   Thumb Code     0  startup_stm32f10x_md.o(.text)
    DMA1_Channel4_IRQHandler                 0x0800011b   Thumb Code     0  startup_stm32f10x_md.o(.text)
    DMA1_Channel5_IRQHandler                 0x0800011b   Thumb Code     0  startup_stm32f10x_md.o(.text)
    DMA1_Channel6_IRQHandler                 0x0800011b   Thumb Code     0  startup_stm32f10x_md.o(.text)
    DMA1_Channel7_IRQHandler                 0x0800011b   Thumb Code     0  startup_stm32f10x_md.o(.text)
    EXTI0_IRQHandler                         0x0800011b   Thumb Code     0  startup_stm32f10x_md.o(.text)
    EXTI15_10_IRQHandler                     0x0800011b   Thumb Code     0  startup_stm32f10x_md.o(.text)
    EXTI1_IRQHandler                         0x0800011b   Thumb Code     0  startup_stm32f10x_md.o(.text)
    EXTI2_IRQHandler                         0x0800011b   Thumb Code     0  startup_stm32f10x_md.o(.text)
    EXTI3_IRQHandler                         0x0800011b   Thumb Code     0  startup_stm32f10x_md.o(.text)
    EXTI4_IRQHandler                         0x0800011b   Thumb Code     0  startup_stm32f10x_md.o(.text)
    EXTI9_5_IRQHandler                       0x0800011b   Thumb Code     0  startup_stm32f10x_md.o(.text)
    FLASH_IRQHandler                         0x0800011b   Thumb Code     0  startup_stm32f10x_md.o(.text)
    I2C1_ER_IRQHandler                       0x0800011b   Thumb Code     0  startup_stm32f10x_md.o(.text)
    I2C1_EV_IRQHandler                       0x0800011b   Thumb Code     0  startup_stm32f10x_md.o(.text)
    I2C2_ER_IRQHandler                       0x0800011b   Thumb Code     0  startup_stm32f10x_md.o(.text)
    I2C2_EV_IRQHandler                       0x0800011b   Thumb Code     0  startup_stm32f10x_md.o(.text)
    PVD_IRQHandler                           0x0800011b   Thumb Code     0  startup_stm32f10x_md.o(.text)
    RCC_IRQHandler                           0x0800011b   Thumb Code     0  startup_stm32f10x_md.o(.text)
    RTCAlarm_IRQHandler                      0x0800011b   Thumb Code     0  startup_stm32f10x_md.o(.text)
    RTC_IRQHandler                           0x0800011b   Thumb Code     0  startup_stm32f10x_md.o(.text)
    SPI1_IRQHandler                          0x0800011b   Thumb Code     0  startup_stm32f10x_md.o(.text)
    SPI2_IRQHandler                          0x0800011b   Thumb Code     0  startup_stm32f10x_md.o(.text)
    TAMPER_IRQHandler                        0x0800011b   Thumb Code     0  startup_stm32f10x_md.o(.text)
    TIM1_BRK_IRQHandler                      0x0800011b   Thumb Code     0  startup_stm32f10x_md.o(.text)
    TIM1_CC_IRQHandler                       0x0800011b   Thumb Code     0  startup_stm32f10x_md.o(.text)
    TIM1_TRG_COM_IRQHandler                  0x0800011b   Thumb Code     0  startup_stm32f10x_md.o(.text)
    TIM1_UP_IRQHandler                       0x0800011b   Thumb Code     0  startup_stm32f10x_md.o(.text)
    TIM2_IRQHandler                          0x0800011b   Thumb Code     0  startup_stm32f10x_md.o(.text)
    TIM4_IRQHandler                          0x0800011b   Thumb Code     0  startup_stm32f10x_md.o(.text)
    USART2_IRQHandler                        0x0800011b   Thumb Code     0  startup_stm32f10x_md.o(.text)
    USART3_IRQHandler                        0x0800011b   Thumb Code     0  startup_stm32f10x_md.o(.text)
    USBWakeUp_IRQHandler                     0x0800011b   Thumb Code     0  startup_stm32f10x_md.o(.text)
    USB_HP_CAN1_TX_IRQHandler                0x0800011b   Thumb Code     0  startup_stm32f10x_md.o(.text)
    USB_LP_CAN1_RX0_IRQHandler               0x0800011b   Thumb Code     0  startup_stm32f10x_md.o(.text)
    WWDG_IRQHandler                          0x0800011b   Thumb Code     0  startup_stm32f10x_md.o(.text)
    __aeabi_uldivmod                         0x08000125   Thumb Code    98  uldiv.o(.text)
    strlen                                   0x08000187   Thumb Code    14  strlen.o(.text)
    __aeabi_fdiv                             0x08000195   Thumb Code   124  fdiv.o(.text)
    __aeabi_dadd                             0x08000211   Thumb Code   322  dadd.o(.text)
    __aeabi_dsub                             0x08000353   Thumb Code     6  dadd.o(.text)
    __aeabi_drsub                            0x08000359   Thumb Code     6  dadd.o(.text)
    __aeabi_dmul                             0x0800035f   Thumb Code   228  dmul.o(.text)
    __aeabi_ddiv                             0x08000443   Thumb Code   222  ddiv.o(.text)
    __aeabi_ui2f                             0x08000521   Thumb Code    10  ffltui.o(.text)
    __aeabi_f2uiz                            0x0800052b   Thumb Code    40  ffixui.o(.text)
    __aeabi_uidiv                            0x08000553   Thumb Code     0  uidiv.o(.text)
    __aeabi_uidivmod                         0x08000553   Thumb Code    44  uidiv.o(.text)
    __aeabi_llsl                             0x0800057f   Thumb Code    30  llshl.o(.text)
    _ll_shift_l                              0x0800057f   Thumb Code     0  llshl.o(.text)
    __aeabi_llsr                             0x0800059d   Thumb Code    32  llushr.o(.text)
    _ll_ushift_r                             0x0800059d   Thumb Code     0  llushr.o(.text)
    __aeabi_lasr                             0x080005bd   Thumb Code    36  llsshr.o(.text)
    _ll_sshift_r                             0x080005bd   Thumb Code     0  llsshr.o(.text)
    __I$use$fp                               0x080005e1   Thumb Code     0  iusefp.o(.text)
    _float_round                             0x080005e1   Thumb Code    18  fepilogue.o(.text)
    _float_epilogue                          0x080005f3   Thumb Code    92  fepilogue.o(.text)
    _double_round                            0x0800064f   Thumb Code    30  depilogue.o(.text)
    _double_epilogue                         0x0800066d   Thumb Code   156  depilogue.o(.text)
    __aeabi_d2ulz                            0x08000709   Thumb Code    48  dfixul.o(.text)
    __aeabi_cdrcmple                         0x08000739   Thumb Code    48  cdrcmple.o(.text)
    __scatterload                            0x08000769   Thumb Code    28  init.o(.text)
    __scatterload_rt2                        0x08000769   Thumb Code     0  init.o(.text)
    ADC_Cmd                                  0x0800078d   Thumb Code    22  stm32f10x_adc.o(i.ADC_Cmd)
    ADC_DMACmd                               0x080007a3   Thumb Code    22  stm32f10x_adc.o(i.ADC_DMACmd)
    ADC_GetCalibrationStatus                 0x080007b9   Thumb Code    20  stm32f10x_adc.o(i.ADC_GetCalibrationStatus)
    ADC_GetResetCalibrationStatus            0x080007cd   Thumb Code    20  stm32f10x_adc.o(i.ADC_GetResetCalibrationStatus)
    ADC_Init                                 0x080007e1   Thumb Code    70  stm32f10x_adc.o(i.ADC_Init)
    ADC_Multi_Channel_Config                 0x08000831   Thumb Code   198  dma.o(i.ADC_Multi_Channel_Config)
    ADC_RegularChannelConfig                 0x08000901   Thumb Code   184  stm32f10x_adc.o(i.ADC_RegularChannelConfig)
    ADC_ResetCalibration                     0x080009b9   Thumb Code    10  stm32f10x_adc.o(i.ADC_ResetCalibration)
    ADC_SoftwareStartConvCmd                 0x080009c3   Thumb Code    22  stm32f10x_adc.o(i.ADC_SoftwareStartConvCmd)
    ADC_StartCalibration                     0x080009d9   Thumb Code    10  stm32f10x_adc.o(i.ADC_StartCalibration)
    BusFault_Handler                         0x080009e3   Thumb Code     4  stm32f10x_it.o(i.BusFault_Handler)
    Button_Config                            0x080009e9   Thumb Code    96  button.o(i.Button_Config)
    Button_OnHold                            0x08000a55   Thumb Code    40  button.o(i.Button_OnHold)
    Button_OnPress                           0x08000a7d   Thumb Code    40  button.o(i.Button_OnPress)
    Button_Update                            0x08000aa5   Thumb Code   152  button.o(i.Button_Update)
    Buzzer_config                            0x08000b3d   Thumb Code    40  main.o(i.Buzzer_config)
    Control_OffRelay                         0x08000b69   Thumb Code   186  main.o(i.Control_OffRelay)
    DMA_Cmd                                  0x08000c45   Thumb Code    24  stm32f10x_dma.o(i.DMA_Cmd)
    DMA_DeInit                               0x08000c5d   Thumb Code   324  stm32f10x_dma.o(i.DMA_DeInit)
    DMA_Init                                 0x08000da9   Thumb Code    60  stm32f10x_dma.o(i.DMA_Init)
    DMA_Multi_Channel_Config                 0x08000de5   Thumb Code    80  dma.o(i.DMA_Multi_Channel_Config)
    DMA_Start                                0x08000e3d   Thumb Code    12  dma.o(i.DMA_Start)
    DebugMon_Handler                         0x08000e4d   Thumb Code     2  stm32f10x_it.o(i.DebugMon_Handler)
    FLASH_ErasePage                          0x08000e51   Thumb Code    72  stm32f10x_flash.o(i.FLASH_ErasePage)
    FLASH_GetBank1Status                     0x08000e9d   Thumb Code    48  stm32f10x_flash.o(i.FLASH_GetBank1Status)
    FLASH_Lock                               0x08000ed1   Thumb Code    14  stm32f10x_flash.o(i.FLASH_Lock)
    FLASH_ProgramWord                        0x08000ee5   Thumb Code   102  stm32f10x_flash.o(i.FLASH_ProgramWord)
    FLASH_Unlock                             0x08000f51   Thumb Code    12  stm32f10x_flash.o(i.FLASH_Unlock)
    FLASH_WaitForLastOperation               0x08000f69   Thumb Code    38  stm32f10x_flash.o(i.FLASH_WaitForLastOperation)
    Flash_ReadData                           0x08000f8f   Thumb Code     6  main.o(i.Flash_ReadData)
    Flash_SendDataToArray                    0x08000f95   Thumb Code    40  main.o(i.Flash_SendDataToArray)
    Flash_WriteDataArray                     0x08000fc5   Thumb Code    64  main.o(i.Flash_WriteDataArray)
    GPIO_Init                                0x08001005   Thumb Code   278  stm32f10x_gpio.o(i.GPIO_Init)
    GPIO_ReadInputDataBit                    0x0800111b   Thumb Code    18  stm32f10x_gpio.o(i.GPIO_ReadInputDataBit)
    GPIO_WriteBit                            0x0800112d   Thumb Code    10  stm32f10x_gpio.o(i.GPIO_WriteBit)
    Handle_SetTimeOfRelay                    0x08001139   Thumb Code   252  main.o(i.Handle_SetTimeOfRelay)
    Handle_SystemMode                        0x0800127d   Thumb Code   232  main.o(i.Handle_SystemMode)
    HardFault_Handler                        0x080013a5   Thumb Code     4  stm32f10x_it.o(i.HardFault_Handler)
    I2C_CheckEvent                           0x080013a9   Thumb Code    42  stm32f10x_i2c.o(i.I2C_CheckEvent)
    I2C_Cmd                                  0x080013d3   Thumb Code    24  stm32f10x_i2c.o(i.I2C_Cmd)
    I2C_GenerateSTART                        0x080013eb   Thumb Code    24  stm32f10x_i2c.o(i.I2C_GenerateSTART)
    I2C_GenerateSTOP                         0x08001403   Thumb Code    24  stm32f10x_i2c.o(i.I2C_GenerateSTOP)
    I2C_Init                                 0x0800141d   Thumb Code   222  stm32f10x_i2c.o(i.I2C_Init)
    I2C_Send7bitAddress                      0x08001509   Thumb Code    18  stm32f10x_i2c.o(i.I2C_Send7bitAddress)
    I2C_SendData                             0x0800151b   Thumb Code     4  stm32f10x_i2c.o(i.I2C_SendData)
    LCD_Clear                                0x0800151f   Thumb Code    16  lcd_i2c.o(i.LCD_Clear)
    LCD_Cmd_Write                            0x0800152f   Thumb Code    66  lcd_i2c.o(i.LCD_Cmd_Write)
    LCD_Data_Write                           0x08001571   Thumb Code    70  lcd_i2c.o(i.LCD_Data_Write)
    LCD_Gotoxy                               0x080015b7   Thumb Code    74  lcd_i2c.o(i.LCD_Gotoxy)
    LCD_I2C_Configuration                    0x08001601   Thumb Code   104  lcd_i2c.o(i.LCD_I2C_Configuration)
    LCD_Init                                 0x08001675   Thumb Code    88  lcd_i2c.o(i.LCD_Init)
    LCD_Printf                               0x080016cd   Thumb Code    62  lcd_i2c.o(i.LCD_Printf)
    LCD_Send_String                          0x0800170b   Thumb Code    22  lcd_i2c.o(i.LCD_Send_String)
    LCD_Write_Byte                           0x08001721   Thumb Code    84  lcd_i2c.o(i.LCD_Write_Byte)
    MemManage_Handler                        0x08001781   Thumb Code     4  stm32f10x_it.o(i.MemManage_Handler)
    NMI_Handler                              0x08001785   Thumb Code     2  stm32f10x_it.o(i.NMI_Handler)
    NVIC_Init                                0x08001789   Thumb Code   100  misc.o(i.NVIC_Init)
    NVIC_PriorityGroupConfig                 0x080017f9   Thumb Code    10  misc.o(i.NVIC_PriorityGroupConfig)
    PendSV_Handler                           0x0800180d   Thumb Code     2  stm32f10x_it.o(i.PendSV_Handler)
    RB_Init                                  0x0800180f   Thumb Code    12  ringbuffer.o(i.RB_Init)
    RB_Push                                  0x0800181b   Thumb Code    48  ringbuffer.o(i.RB_Push)
    RCC_AHBPeriphClockCmd                    0x0800184d   Thumb Code    26  stm32f10x_rcc.o(i.RCC_AHBPeriphClockCmd)
    RCC_APB1PeriphClockCmd                   0x0800186d   Thumb Code    26  stm32f10x_rcc.o(i.RCC_APB1PeriphClockCmd)
    RCC_APB2PeriphClockCmd                   0x0800188d   Thumb Code    26  stm32f10x_rcc.o(i.RCC_APB2PeriphClockCmd)
    RCC_GetClocksFreq                        0x080018ad   Thumb Code   192  stm32f10x_rcc.o(i.RCC_GetClocksFreq)
    Relay_Config                             0x08001981   Thumb Code    40  main.o(i.Relay_Config)
    SVC_Handler                              0x080019ad   Thumb Code     2  stm32f10x_it.o(i.SVC_Handler)
    Serial_Begin                             0x080019b1   Thumb Code   206  serial.o(i.Serial_Begin)
    SysTick32                                0x08001b81   Thumb Code    16  delay.o(i.SysTick32)
    SysTick64                                0x08001b95   Thumb Code    30  delay.o(i.SysTick64)
    SysTick_Handler                          0x08001bb9   Thumb Code    12  delay.o(i.SysTick_Handler)
    SysTick_Init                             0x08001bc9   Thumb Code    16  delay.o(i.SysTick_Init)
    SysTick_Millis                           0x08001bd9   Thumb Code    18  delay.o(i.SysTick_Millis)
    SystemInit                               0x08001bf1   Thumb Code    78  system_stm32f10x.o(i.SystemInit)
    TIM3_IRQHandler                          0x08001c51   Thumb Code   192  main.o(i.TIM3_IRQHandler)
    TIM_ClearITPendingBit                    0x08001d35   Thumb Code     6  stm32f10x_tim.o(i.TIM_ClearITPendingBit)
    TIM_GetCapture2                          0x08001d3b   Thumb Code     6  stm32f10x_tim.o(i.TIM_GetCapture2)
    TIM_GetITStatus                          0x08001d41   Thumb Code    34  stm32f10x_tim.o(i.TIM_GetITStatus)
    TurnOff_AllDevices                       0x08001d65   Thumb Code    64  main.o(i.TurnOff_AllDevices)
    USART1_IRQHandler                        0x08001da9   Thumb Code    20  serial.o(i.USART1_IRQHandler)
    USART_Cmd                                0x08001dc5   Thumb Code    24  stm32f10x_usart.o(i.USART_Cmd)
    USART_GetChar                            0x08001ddd   Thumb Code    28  serial.o(i.USART_GetChar)
    USART_GetFlagStatus                      0x08001dfd   Thumb Code    26  stm32f10x_usart.o(i.USART_GetFlagStatus)
    USART_ITConfig                           0x08001e17   Thumb Code    74  stm32f10x_usart.o(i.USART_ITConfig)
    USART_Init                               0x08001e61   Thumb Code   210  stm32f10x_usart.o(i.USART_Init)
    UsageFault_Handler                       0x08001f39   Thumb Code     4  stm32f10x_it.o(i.UsageFault_Handler)
    __0vsprintf                              0x08001f3d   Thumb Code    30  printfa.o(i.__0vsprintf)
    __1vsprintf                              0x08001f3d   Thumb Code     0  printfa.o(i.__0vsprintf)
    __2vsprintf                              0x08001f3d   Thumb Code     0  printfa.o(i.__0vsprintf)
    __c89vsprintf                            0x08001f3d   Thumb Code     0  printfa.o(i.__0vsprintf)
    vsprintf                                 0x08001f3d   Thumb Code     0  printfa.o(i.__0vsprintf)
    __scatterload_copy                       0x08001f61   Thumb Code    14  handlers.o(i.__scatterload_copy)
    __scatterload_null                       0x08001f6f   Thumb Code     2  handlers.o(i.__scatterload_null)
    __scatterload_zeroinit                   0x08001f71   Thumb Code    14  handlers.o(i.__scatterload_zeroinit)
    delay_ms                                 0x0800283d   Thumb Code    22  delay.o(i.delay_ms)
    delay_us                                 0x08002853   Thumb Code    30  delay.o(i.delay_us)
    getButtonMode                            0x08002871   Thumb Code    86  main.o(i.getButtonMode)
    main                                     0x080028dd   Thumb Code   116  main.o(i.main)
    Region$$Table$$Base                      0x0800296c   Number         0  anon$$obj.o(Region$$Table)
    Region$$Table$$Limit                     0x0800298c   Number         0  anon$$obj.o(Region$$Table)
    g_IC3ReadValue1                          0x20000014   Data           2  main.o(.data)
    g_IC3ReadValue2                          0x20000016   Data           2  main.o(.data)
    g_CaptureTimerNumber                     0x20000018   Data           2  main.o(.data)
    g_TimeCapture                            0x2000001c   Data           4  main.o(.data)
    g_Freq                                   0x20000020   Data           4  main.o(.data)
    g_AdcValueArr                            0x20000024   Data           6  main.o(.data)
    g_TimeMs                                 0x2000002c   Data           4  main.o(.data)
    g_ControlTime                            0x20000030   Data           4  main.o(.data)
    g_flagCheckSetupTime                     0x20000034   Data           1  main.o(.data)
    g_StaButton3                             0x20000035   Data           1  main.o(.data)
    TimeMillis                               0x20000038   Data           4  main.o(.data)
    stateLed                                 0x2000003c   Data           1  main.o(.data)
    g_idxSelectRelay                         0x2000003d   Data           1  main.o(.data)
    sysMode                                  0x2000003e   Data           1  main.o(.data)
    relayIdx                                 0x20000040   Data           4  main.o(.data)
    SystemCoreClock                          0x20000044   Data           4  system_stm32f10x.o(.data)
    AHBPrescTable                            0x20000048   Data          16  system_stm32f10x.o(.data)
    SysTickCounter                           0x20000058   Data           4  delay.o(.data)
    ring_buffer                              0x2000005c   Data           8  serial.o(.data)
    TIM_ICInitStructure                      0x20000068   Data          10  main.o(.bss)
    TIM_TimeBaseInitStruct                   0x20000072   Data          10  main.o(.bss)
    g_SetTimeModeArr                         0x2000007c   Data          24  main.o(.bss)
    button1                                  0x20000098   Data          24  main.o(.bss)
    button2                                  0x200000b0   Data          24  main.o(.bss)
    button3                                  0x200000c8   Data          24  main.o(.bss)
    button4                                  0x200000e0   Data          24  main.o(.bss)
    Rx_BufArr                                0x200000f8   Data          64  serial.o(.bss)
    __initial_sp                             0x20000538   Data           0  startup_stm32f10x_md.o(STACK)



==============================================================================

Memory Map of the image

  Image Entry point : 0x080000ed

  Load Region LR_IROM1 (Base: 0x08000000, Size: 0x000029f0, Max: 0x00010000, ABSOLUTE)

    Execution Region ER_IROM1 (Exec base: 0x08000000, Load base: 0x08000000, Size: 0x0000298c, Max: 0x00010000, ABSOLUTE)

    Exec Addr    Load Addr    Size         Type   Attr      Idx    E Section Name        Object

    0x08000000   0x08000000   0x000000ec   Data   RO           19    RESET               startup_stm32f10x_md.o
    0x080000ec   0x080000ec   0x00000000   Code   RO         2473  * .ARM.Collect$$$$00000000  mc_w.l(entry.o)
    0x080000ec   0x080000ec   0x00000004   Code   RO         2530    .ARM.Collect$$$$00000001  mc_w.l(entry2.o)
    0x080000f0   0x080000f0   0x00000004   Code   RO         2533    .ARM.Collect$$$$00000004  mc_w.l(entry5.o)
    0x080000f4   0x080000f4   0x00000000   Code   RO         2535    .ARM.Collect$$$$00000008  mc_w.l(entry7b.o)
    0x080000f4   0x080000f4   0x00000000   Code   RO         2537    .ARM.Collect$$$$0000000A  mc_w.l(entry8b.o)
    0x080000f4   0x080000f4   0x00000008   Code   RO         2538    .ARM.Collect$$$$0000000B  mc_w.l(entry9a.o)
    0x080000fc   0x080000fc   0x00000000   Code   RO         2540    .ARM.Collect$$$$0000000D  mc_w.l(entry10a.o)
    0x080000fc   0x080000fc   0x00000000   Code   RO         2542    .ARM.Collect$$$$0000000F  mc_w.l(entry11a.o)
    0x080000fc   0x080000fc   0x00000004   Code   RO         2531    .ARM.Collect$$$$00002712  mc_w.l(entry2.o)
    0x08000100   0x08000100   0x00000024   Code   RO           20    .text               startup_stm32f10x_md.o
    0x08000124   0x08000124   0x00000062   Code   RO         2476    .text               mc_w.l(uldiv.o)
    0x08000186   0x08000186   0x0000000e   Code   RO         2478    .text               mc_w.l(strlen.o)
    0x08000194   0x08000194   0x0000007c   Code   RO         2510    .text               mf_w.l(fdiv.o)
    0x08000210   0x08000210   0x0000014e   Code   RO         2512    .text               mf_w.l(dadd.o)
    0x0800035e   0x0800035e   0x000000e4   Code   RO         2514    .text               mf_w.l(dmul.o)
    0x08000442   0x08000442   0x000000de   Code   RO         2516    .text               mf_w.l(ddiv.o)
    0x08000520   0x08000520   0x0000000a   Code   RO         2518    .text               mf_w.l(ffltui.o)
    0x0800052a   0x0800052a   0x00000028   Code   RO         2524    .text               mf_w.l(ffixui.o)
    0x08000552   0x08000552   0x0000002c   Code   RO         2547    .text               mc_w.l(uidiv.o)
    0x0800057e   0x0800057e   0x0000001e   Code   RO         2549    .text               mc_w.l(llshl.o)
    0x0800059c   0x0800059c   0x00000020   Code   RO         2551    .text               mc_w.l(llushr.o)
    0x080005bc   0x080005bc   0x00000024   Code   RO         2553    .text               mc_w.l(llsshr.o)
    0x080005e0   0x080005e0   0x00000000   Code   RO         2555    .text               mc_w.l(iusefp.o)
    0x080005e0   0x080005e0   0x0000006e   Code   RO         2556    .text               mf_w.l(fepilogue.o)
    0x0800064e   0x0800064e   0x000000ba   Code   RO         2558    .text               mf_w.l(depilogue.o)
    0x08000708   0x08000708   0x00000030   Code   RO         2560    .text               mf_w.l(dfixul.o)
    0x08000738   0x08000738   0x00000030   Code   RO         2562    .text               mf_w.l(cdrcmple.o)
    0x08000768   0x08000768   0x00000024   Code   RO         2564    .text               mc_w.l(init.o)
    0x0800078c   0x0800078c   0x00000016   Code   RO          149    i.ADC_Cmd           stm32f10x_adc.o
    0x080007a2   0x080007a2   0x00000016   Code   RO          150    i.ADC_DMACmd        stm32f10x_adc.o
    0x080007b8   0x080007b8   0x00000014   Code   RO          157    i.ADC_GetCalibrationStatus  stm32f10x_adc.o
    0x080007cc   0x080007cc   0x00000014   Code   RO          163    i.ADC_GetResetCalibrationStatus  stm32f10x_adc.o
    0x080007e0   0x080007e0   0x00000050   Code   RO          167    i.ADC_Init          stm32f10x_adc.o
    0x08000830   0x08000830   0x000000d0   Code   RO         2385    i.ADC_Multi_Channel_Config  dma.o
    0x08000900   0x08000900   0x000000b8   Code   RO          171    i.ADC_RegularChannelConfig  stm32f10x_adc.o
    0x080009b8   0x080009b8   0x0000000a   Code   RO          172    i.ADC_ResetCalibration  stm32f10x_adc.o
    0x080009c2   0x080009c2   0x00000016   Code   RO          174    i.ADC_SoftwareStartConvCmd  stm32f10x_adc.o
    0x080009d8   0x080009d8   0x0000000a   Code   RO          176    i.ADC_StartCalibration  stm32f10x_adc.o
    0x080009e2   0x080009e2   0x00000004   Code   RO         2096    i.BusFault_Handler  stm32f10x_it.o
    0x080009e6   0x080009e6   0x00000002   PAD
    0x080009e8   0x080009e8   0x0000006c   Code   RO         2250    i.Button_Config     button.o
    0x08000a54   0x08000a54   0x00000028   Code   RO         2251    i.Button_OnHold     button.o
    0x08000a7c   0x08000a7c   0x00000028   Code   RO         2252    i.Button_OnPress    button.o
    0x08000aa4   0x08000aa4   0x00000098   Code   RO         2254    i.Button_Update     button.o
    0x08000b3c   0x08000b3c   0x0000002c   Code   RO         1913    i.Buzzer_config     main.o
    0x08000b68   0x08000b68   0x000000dc   Code   RO         1914    i.Control_OffRelay  main.o
    0x08000c44   0x08000c44   0x00000018   Code   RO         1035    i.DMA_Cmd           stm32f10x_dma.o
    0x08000c5c   0x08000c5c   0x0000014c   Code   RO         1036    i.DMA_DeInit        stm32f10x_dma.o
    0x08000da8   0x08000da8   0x0000003c   Code   RO         1041    i.DMA_Init          stm32f10x_dma.o
    0x08000de4   0x08000de4   0x00000058   Code   RO         2386    i.DMA_Multi_Channel_Config  dma.o
    0x08000e3c   0x08000e3c   0x00000010   Code   RO         2387    i.DMA_Start         dma.o
    0x08000e4c   0x08000e4c   0x00000002   Code   RO         2097    i.DebugMon_Handler  stm32f10x_it.o
    0x08000e4e   0x08000e4e   0x00000002   PAD
    0x08000e50   0x08000e50   0x0000004c   Code   RO          864    i.FLASH_ErasePage   stm32f10x_flash.o
    0x08000e9c   0x08000e9c   0x00000034   Code   RO          865    i.FLASH_GetBank1Status  stm32f10x_flash.o
    0x08000ed0   0x08000ed0   0x00000014   Code   RO          874    i.FLASH_Lock        stm32f10x_flash.o
    0x08000ee4   0x08000ee4   0x0000006c   Code   RO          879    i.FLASH_ProgramWord  stm32f10x_flash.o
    0x08000f50   0x08000f50   0x00000018   Code   RO          882    i.FLASH_Unlock      stm32f10x_flash.o
    0x08000f68   0x08000f68   0x00000026   Code   RO          886    i.FLASH_WaitForLastOperation  stm32f10x_flash.o
    0x08000f8e   0x08000f8e   0x00000006   Code   RO         1916    i.Flash_ReadData    main.o
    0x08000f94   0x08000f94   0x00000030   Code   RO         1917    i.Flash_SendDataToArray  main.o
    0x08000fc4   0x08000fc4   0x00000040   Code   RO         1919    i.Flash_WriteDataArray  main.o
    0x08001004   0x08001004   0x00000116   Code   RO          371    i.GPIO_Init         stm32f10x_gpio.o
    0x0800111a   0x0800111a   0x00000012   Code   RO          375    i.GPIO_ReadInputDataBit  stm32f10x_gpio.o
    0x0800112c   0x0800112c   0x0000000a   Code   RO          382    i.GPIO_WriteBit     stm32f10x_gpio.o
    0x08001136   0x08001136   0x00000002   PAD
    0x08001138   0x08001138   0x00000144   Code   RO         1922    i.Handle_SetTimeOfRelay  main.o
    0x0800127c   0x0800127c   0x00000128   Code   RO         1923    i.Handle_SystemMode  main.o
    0x080013a4   0x080013a4   0x00000004   Code   RO         2098    i.HardFault_Handler  stm32f10x_it.o
    0x080013a8   0x080013a8   0x0000002a   Code   RO         1710    i.I2C_CheckEvent    stm32f10x_i2c.o
    0x080013d2   0x080013d2   0x00000018   Code   RO         1713    i.I2C_Cmd           stm32f10x_i2c.o
    0x080013ea   0x080013ea   0x00000018   Code   RO         1720    i.I2C_GenerateSTART  stm32f10x_i2c.o
    0x08001402   0x08001402   0x00000018   Code   RO         1721    i.I2C_GenerateSTOP  stm32f10x_i2c.o
    0x0800141a   0x0800141a   0x00000002   PAD
    0x0800141c   0x0800141c   0x000000ec   Code   RO         1727    i.I2C_Init          stm32f10x_i2c.o
    0x08001508   0x08001508   0x00000012   Code   RO         1734    i.I2C_Send7bitAddress  stm32f10x_i2c.o
    0x0800151a   0x0800151a   0x00000004   Code   RO         1735    i.I2C_SendData      stm32f10x_i2c.o
    0x0800151e   0x0800151e   0x00000010   Code   RO         2409    i.LCD_Clear         lcd_i2c.o
    0x0800152e   0x0800152e   0x00000042   Code   RO         2410    i.LCD_Cmd_Write     lcd_i2c.o
    0x08001570   0x08001570   0x00000046   Code   RO         2411    i.LCD_Data_Write    lcd_i2c.o
    0x080015b6   0x080015b6   0x0000004a   Code   RO         2412    i.LCD_Gotoxy        lcd_i2c.o
    0x08001600   0x08001600   0x00000074   Code   RO         2413    i.LCD_I2C_Configuration  lcd_i2c.o
    0x08001674   0x08001674   0x00000058   Code   RO         2414    i.LCD_Init          lcd_i2c.o
    0x080016cc   0x080016cc   0x0000003e   Code   RO         2415    i.LCD_Printf        lcd_i2c.o
    0x0800170a   0x0800170a   0x00000016   Code   RO         2416    i.LCD_Send_String   lcd_i2c.o
    0x08001720   0x08001720   0x00000060   Code   RO         2417    i.LCD_Write_Byte    lcd_i2c.o
    0x08001780   0x08001780   0x00000004   Code   RO         2099    i.MemManage_Handler  stm32f10x_it.o
    0x08001784   0x08001784   0x00000002   Code   RO         2100    i.NMI_Handler       stm32f10x_it.o
    0x08001786   0x08001786   0x00000002   PAD
    0x08001788   0x08001788   0x00000070   Code   RO           24    i.NVIC_Init         misc.o
    0x080017f8   0x080017f8   0x00000014   Code   RO           25    i.NVIC_PriorityGroupConfig  misc.o
    0x0800180c   0x0800180c   0x00000002   Code   RO         2101    i.PendSV_Handler    stm32f10x_it.o
    0x0800180e   0x0800180e   0x0000000c   Code   RO         2291    i.RB_Init           ringbuffer.o
    0x0800181a   0x0800181a   0x00000030   Code   RO         2293    i.RB_Push           ringbuffer.o
    0x0800184a   0x0800184a   0x00000002   PAD
    0x0800184c   0x0800184c   0x00000020   Code   RO          480    i.RCC_AHBPeriphClockCmd  stm32f10x_rcc.o
    0x0800186c   0x0800186c   0x00000020   Code   RO          481    i.RCC_APB1PeriphClockCmd  stm32f10x_rcc.o
    0x0800188c   0x0800188c   0x00000020   Code   RO          483    i.RCC_APB2PeriphClockCmd  stm32f10x_rcc.o
    0x080018ac   0x080018ac   0x000000d4   Code   RO          491    i.RCC_GetClocksFreq  stm32f10x_rcc.o
    0x08001980   0x08001980   0x0000002c   Code   RO         1925    i.Relay_Config      main.o
    0x080019ac   0x080019ac   0x00000002   Code   RO         2102    i.SVC_Handler       stm32f10x_it.o
    0x080019ae   0x080019ae   0x00000002   PAD
    0x080019b0   0x080019b0   0x000000e8   Code   RO         2321    i.Serial_Begin      serial.o
    0x08001a98   0x08001a98   0x00000008   Code   RO         2153    i.SetSysClock       system_stm32f10x.o
    0x08001aa0   0x08001aa0   0x000000e0   Code   RO         2154    i.SetSysClockTo72   system_stm32f10x.o
    0x08001b80   0x08001b80   0x00000014   Code   RO         2188    i.SysTick32         delay.o
    0x08001b94   0x08001b94   0x00000024   Code   RO         2189    i.SysTick64         delay.o
    0x08001bb8   0x08001bb8   0x00000010   Code   RO         2190    i.SysTick_Handler   delay.o
    0x08001bc8   0x08001bc8   0x00000010   Code   RO         2191    i.SysTick_Init      delay.o
    0x08001bd8   0x08001bd8   0x00000018   Code   RO         2193    i.SysTick_Millis    delay.o
    0x08001bf0   0x08001bf0   0x00000060   Code   RO         2156    i.SystemInit        system_stm32f10x.o
    0x08001c50   0x08001c50   0x000000e4   Code   RO         1929    i.TIM3_IRQHandler   main.o
    0x08001d34   0x08001d34   0x00000006   Code   RO         1170    i.TIM_ClearITPendingBit  stm32f10x_tim.o
    0x08001d3a   0x08001d3a   0x00000006   Code   RO         1191    i.TIM_GetCapture2   stm32f10x_tim.o
    0x08001d40   0x08001d40   0x00000022   Code   RO         1196    i.TIM_GetITStatus   stm32f10x_tim.o
    0x08001d62   0x08001d62   0x00000002   PAD
    0x08001d64   0x08001d64   0x00000044   Code   RO         1932    i.TurnOff_AllDevices  main.o
    0x08001da8   0x08001da8   0x0000001c   Code   RO         2326    i.USART1_IRQHandler  serial.o
    0x08001dc4   0x08001dc4   0x00000018   Code   RO          683    i.USART_Cmd         stm32f10x_usart.o
    0x08001ddc   0x08001ddc   0x00000020   Code   RO         2327    i.USART_GetChar     serial.o
    0x08001dfc   0x08001dfc   0x0000001a   Code   RO          686    i.USART_GetFlagStatus  stm32f10x_usart.o
    0x08001e16   0x08001e16   0x0000004a   Code   RO          689    i.USART_ITConfig    stm32f10x_usart.o
    0x08001e60   0x08001e60   0x000000d8   Code   RO          690    i.USART_Init        stm32f10x_usart.o
    0x08001f38   0x08001f38   0x00000004   Code   RO         2103    i.UsageFault_Handler  stm32f10x_it.o
    0x08001f3c   0x08001f3c   0x00000024   Code   RO         2487    i.__0vsprintf       mc_w.l(printfa.o)
    0x08001f60   0x08001f60   0x0000000e   Code   RO         2570    i.__scatterload_copy  mc_w.l(handlers.o)
    0x08001f6e   0x08001f6e   0x00000002   Code   RO         2571    i.__scatterload_null  mc_w.l(handlers.o)
    0x08001f70   0x08001f70   0x0000000e   Code   RO         2572    i.__scatterload_zeroinit  mc_w.l(handlers.o)
    0x08001f7e   0x08001f7e   0x00000002   PAD
    0x08001f80   0x08001f80   0x00000184   Code   RO         2488    i._fp_digits        mc_w.l(printfa.o)
    0x08002104   0x08002104   0x000006dc   Code   RO         2489    i._printf_core      mc_w.l(printfa.o)
    0x080027e0   0x080027e0   0x00000024   Code   RO         2490    i._printf_post_padding  mc_w.l(printfa.o)
    0x08002804   0x08002804   0x0000002e   Code   RO         2491    i._printf_pre_padding  mc_w.l(printfa.o)
    0x08002832   0x08002832   0x0000000a   Code   RO         2493    i._sputc            mc_w.l(printfa.o)
    0x0800283c   0x0800283c   0x00000016   Code   RO         2194    i.delay_ms          delay.o
    0x08002852   0x08002852   0x0000001e   Code   RO         2195    i.delay_us          delay.o
    0x08002870   0x08002870   0x0000006c   Code   RO         1933    i.getButtonMode     main.o
    0x080028dc   0x080028dc   0x00000090   Code   RO         1934    i.main              main.o
    0x0800296c   0x0800296c   0x00000020   Data   RO         2568    Region$$Table       anon$$obj.o


    Execution Region RW_IRAM1 (Exec base: 0x20000000, Load base: 0x0800298c, Size: 0x00000538, Max: 0x00005000, ABSOLUTE)

    Exec Addr    Load Addr    Size         Type   Attr      Idx    E Section Name        Object

    0x20000000   0x0800298c   0x00000014   Data   RW          511    .data               stm32f10x_rcc.o
    0x20000014   0x080029a0   0x00000030   Data   RW         1936    .data               main.o
    0x20000044   0x080029d0   0x00000014   Data   RW         2157    .data               system_stm32f10x.o
    0x20000058   0x080029e4   0x00000004   Data   RW         2196    .data               delay.o
    0x2000005c   0x080029e8   0x00000008   Data   RW         2329    .data               serial.o
    0x20000064   0x080029f0   0x00000004   PAD
    0x20000068        -       0x00000090   Zero   RW         1935    .bss                main.o
    0x200000f8        -       0x00000040   Zero   RW         2328    .bss                serial.o
    0x20000138        -       0x00000400   Zero   RW           17    STACK               startup_stm32f10x_md.o


==============================================================================

Image component sizes


      Code (inc. data)   RO Data    RW Data    ZI Data      Debug   Object Name

       340         12          0          0          0       3029   button.o
         0          0          0          0          0       4540   core_cm3.o
       164         20          0          4          0       3789   delay.o
       312         22          0          0          0       2338   dma.o
       610         24          0          0          0       5361   lcd_i2c.o
      1594        284          0         48        144       9997   main.o
       132         22          0          0          0     282719   misc.o
        60          0          0          0          0       1468   ringbuffer.o
       292         38          0          8         64      18142   serial.o
        36          8        236          0       1024        892   startup_stm32f10x_md.o
       390         10          0          0          0       7685   stm32f10x_adc.o
       416          8          0          0          0       3538   stm32f10x_dma.o
       318         32          0          0          0       5058   stm32f10x_flash.o
       306          0          0          0          0       3288   stm32f10x_gpio.o
       372         14          0          0          0       6126   stm32f10x_i2c.o
        24          0          0          0          0       3280   stm32f10x_it.o
       308         38          0         20          0       5162   stm32f10x_rcc.o
        46          0          0          0          0       2408   stm32f10x_tim.o
       340          6          0          0          0       4464   stm32f10x_usart.o
       328         28          0         20          0       2141   system_stm32f10x.o

    ----------------------------------------------------------------------
      6404        566        268        100       1236     375425   Object Totals
         0          0         32          0          0          0   (incl. Generated)
        16          0          0          0          4          0   (incl. Padding)

    ----------------------------------------------------------------------

      Code (inc. data)   RO Data    RW Data    ZI Data      Debug   Library Member Name

         0          0          0          0          0          0   entry.o
         0          0          0          0          0          0   entry10a.o
         0          0          0          0          0          0   entry11a.o
         8          4          0          0          0          0   entry2.o
         4          0          0          0          0          0   entry5.o
         0          0          0          0          0          0   entry7b.o
         0          0          0          0          0          0   entry8b.o
         8          4          0          0          0          0   entry9a.o
        30          0          0          0          0          0   handlers.o
        36          8          0          0          0         68   init.o
         0          0          0          0          0          0   iusefp.o
        30          0          0          0          0         68   llshl.o
        36          0          0          0          0         68   llsshr.o
        32          0          0          0          0         68   llushr.o
      2272         86          0          0          0        516   printfa.o
        14          0          0          0          0         68   strlen.o
        44          0          0          0          0         80   uidiv.o
        98          0          0          0          0         92   uldiv.o
        48          0          0          0          0         68   cdrcmple.o
       334          0          0          0          0        148   dadd.o
       222          0          0          0          0        100   ddiv.o
       186          0          0          0          0        176   depilogue.o
        48          0          0          0          0         68   dfixul.o
       228          0          0          0          0         96   dmul.o
       124          0          0          0          0         88   fdiv.o
       110          0          0          0          0        168   fepilogue.o
        40          0          0          0          0         68   ffixui.o
        10          0          0          0          0         68   ffltui.o

    ----------------------------------------------------------------------
      3964        102          0          0          0       2076   Library Totals
         2          0          0          0          0          0   (incl. Padding)

    ----------------------------------------------------------------------

      Code (inc. data)   RO Data    RW Data    ZI Data      Debug   Library Name

      2612        102          0          0          0       1028   mc_w.l
      1350          0          0          0          0       1048   mf_w.l

    ----------------------------------------------------------------------
      3964        102          0          0          0       2076   Library Totals

    ----------------------------------------------------------------------

==============================================================================


      Code (inc. data)   RO Data    RW Data    ZI Data      Debug   

     10368        668        268        100       1236     371985   Grand Totals
     10368        668        268        100       1236     371985   ELF Image Totals
     10368        668        268        100          0          0   ROM Totals

==============================================================================

    Total RO  Size (Code + RO Data)                10636 (  10.39kB)
    Total RW  Size (RW Data + ZI Data)              1336 (   1.30kB)
    Total ROM Size (Code + RO Data + RW Data)      10736 (  10.48kB)

==============================================================================

