Component: ARM Compiler 5.06 update 6 (build 750) Tool: armlink [4d35ed]

==============================================================================

Section Cross References

    startup_stm32f10x_md.o(RESET) refers to startup_stm32f10x_md.o(STACK) for __initial_sp
    startup_stm32f10x_md.o(RESET) refers to startup_stm32f10x_md.o(.text) for Reset_Handler
    startup_stm32f10x_md.o(RESET) refers to stm32f10x_it.o(i.NMI_Handler) for NMI_Handler
    startup_stm32f10x_md.o(RESET) refers to stm32f10x_it.o(i.HardFault_Handler) for HardFault_Handler
    startup_stm32f10x_md.o(RESET) refers to stm32f10x_it.o(i.MemManage_Handler) for MemManage_Handler
    startup_stm32f10x_md.o(RESET) refers to stm32f10x_it.o(i.BusFault_Handler) for BusFault_Handler
    startup_stm32f10x_md.o(RESET) refers to stm32f10x_it.o(i.UsageFault_Handler) for UsageFault_Handler
    startup_stm32f10x_md.o(RESET) refers to stm32f10x_it.o(i.SVC_Handler) for SVC_Handler
    startup_stm32f10x_md.o(RESET) refers to stm32f10x_it.o(i.DebugMon_Handler) for DebugMon_Handler
    startup_stm32f10x_md.o(RESET) refers to stm32f10x_it.o(i.PendSV_Handler) for PendSV_Handler
    startup_stm32f10x_md.o(RESET) refers to delay.o(i.SysTick_Handler) for SysTick_Handler
    startup_stm32f10x_md.o(RESET) refers to serial.o(i.USART1_IRQHandler) for USART1_IRQHandler
    startup_stm32f10x_md.o(.text) refers to system_stm32f10x.o(i.SystemInit) for SystemInit
    startup_stm32f10x_md.o(.text) refers to entry.o(.ARM.Collect$$$$00000000) for __main
    stm32f10x_adc.o(i.ADC_DeInit) refers to stm32f10x_rcc.o(i.RCC_APB2PeriphResetCmd) for RCC_APB2PeriphResetCmd
    stm32f10x_gpio.o(i.GPIO_AFIODeInit) refers to stm32f10x_rcc.o(i.RCC_APB2PeriphResetCmd) for RCC_APB2PeriphResetCmd
    stm32f10x_gpio.o(i.GPIO_DeInit) refers to stm32f10x_rcc.o(i.RCC_APB2PeriphResetCmd) for RCC_APB2PeriphResetCmd
    stm32f10x_rcc.o(i.RCC_GetClocksFreq) refers to stm32f10x_rcc.o(.data) for APBAHBPrescTable
    stm32f10x_rcc.o(i.RCC_WaitForHSEStartUp) refers to stm32f10x_rcc.o(i.RCC_GetFlagStatus) for RCC_GetFlagStatus
    stm32f10x_usart.o(i.USART_DeInit) refers to stm32f10x_rcc.o(i.RCC_APB2PeriphResetCmd) for RCC_APB2PeriphResetCmd
    stm32f10x_usart.o(i.USART_DeInit) refers to stm32f10x_rcc.o(i.RCC_APB1PeriphResetCmd) for RCC_APB1PeriphResetCmd
    stm32f10x_usart.o(i.USART_Init) refers to stm32f10x_rcc.o(i.RCC_GetClocksFreq) for RCC_GetClocksFreq
    stm32f10x_flash.o(i.FLASH_EnableWriteProtection) refers to stm32f10x_flash.o(i.FLASH_WaitForLastOperation) for FLASH_WaitForLastOperation
    stm32f10x_flash.o(i.FLASH_EraseAllBank1Pages) refers to stm32f10x_flash.o(i.FLASH_WaitForLastBank1Operation) for FLASH_WaitForLastBank1Operation
    stm32f10x_flash.o(i.FLASH_EraseAllPages) refers to stm32f10x_flash.o(i.FLASH_WaitForLastOperation) for FLASH_WaitForLastOperation
    stm32f10x_flash.o(i.FLASH_EraseOptionBytes) refers to stm32f10x_flash.o(i.FLASH_GetReadOutProtectionStatus) for FLASH_GetReadOutProtectionStatus
    stm32f10x_flash.o(i.FLASH_EraseOptionBytes) refers to stm32f10x_flash.o(i.FLASH_WaitForLastOperation) for FLASH_WaitForLastOperation
    stm32f10x_flash.o(i.FLASH_ErasePage) refers to stm32f10x_flash.o(i.FLASH_WaitForLastOperation) for FLASH_WaitForLastOperation
    stm32f10x_flash.o(i.FLASH_ProgramHalfWord) refers to stm32f10x_flash.o(i.FLASH_WaitForLastOperation) for FLASH_WaitForLastOperation
    stm32f10x_flash.o(i.FLASH_ProgramOptionByteData) refers to stm32f10x_flash.o(i.FLASH_WaitForLastOperation) for FLASH_WaitForLastOperation
    stm32f10x_flash.o(i.FLASH_ProgramWord) refers to stm32f10x_flash.o(i.FLASH_WaitForLastOperation) for FLASH_WaitForLastOperation
    stm32f10x_flash.o(i.FLASH_ReadOutProtection) refers to stm32f10x_flash.o(i.FLASH_WaitForLastOperation) for FLASH_WaitForLastOperation
    stm32f10x_flash.o(i.FLASH_UserOptionByteConfig) refers to stm32f10x_flash.o(i.FLASH_WaitForLastOperation) for FLASH_WaitForLastOperation
    stm32f10x_flash.o(i.FLASH_WaitForLastBank1Operation) refers to stm32f10x_flash.o(i.FLASH_GetBank1Status) for FLASH_GetBank1Status
    stm32f10x_flash.o(i.FLASH_WaitForLastOperation) refers to stm32f10x_flash.o(i.FLASH_GetBank1Status) for FLASH_GetBank1Status
    stm32f10x_tim.o(i.TIM_DeInit) refers to stm32f10x_rcc.o(i.RCC_APB2PeriphResetCmd) for RCC_APB2PeriphResetCmd
    stm32f10x_tim.o(i.TIM_DeInit) refers to stm32f10x_rcc.o(i.RCC_APB1PeriphResetCmd) for RCC_APB1PeriphResetCmd
    stm32f10x_tim.o(i.TIM_ETRClockMode1Config) refers to stm32f10x_tim.o(i.TIM_ETRConfig) for TIM_ETRConfig
    stm32f10x_tim.o(i.TIM_ETRClockMode2Config) refers to stm32f10x_tim.o(i.TIM_ETRConfig) for TIM_ETRConfig
    stm32f10x_tim.o(i.TIM_ICInit) refers to stm32f10x_tim.o(i.TI1_Config) for TI1_Config
    stm32f10x_tim.o(i.TIM_ICInit) refers to stm32f10x_tim.o(i.TIM_SetIC1Prescaler) for TIM_SetIC1Prescaler
    stm32f10x_tim.o(i.TIM_ICInit) refers to stm32f10x_tim.o(i.TI2_Config) for TI2_Config
[...]
    main.o(i.main) refers to delay.o(i.SysTick_Millis) for SysTick_Millis
    main.o(i.main) refers to cfrcmple.o(.text) for __aeabi_cfrcmple
    main.o(i.main) refers to f2d.o(.text) for __aeabi_f2d
    main.o(i.main) refers to serial.o(i.Serial_Printf) for Serial_Printf
    main.o(i.main) refers to lcd_i2c.o(i.LCD_Gotoxy) for LCD_Gotoxy
    main.o(i.main) refers to lcd_i2c.o(i.LCD_Printf) for LCD_Printf
    main.o(i.main) refers to main.o(i.TurnOn_ModeButton1) for TurnOn_ModeButton1
    main.o(i.main) refers to main.o(i.TurnOff_ModeButton1) for TurnOff_ModeButton1
    main.o(i.main) refers to main.o(.data) for g_AdcValueArr
    main.o(i.main) refers to main.o(.bss) for button1
    system_stm32f10x.o(i.SetSysClock) refers to system_stm32f10x.o(i.SetSysClockTo72) for SetSysClockTo72
    system_stm32f10x.o(i.SystemCoreClockUpdate) refers to system_stm32f10x.o(.data) for SystemCoreClock
    system_stm32f10x.o(i.SystemInit) refers to system_stm32f10x.o(i.SetSysClock) for SetSysClock
    delay.o(i.SysTick32) refers to delay.o(.data) for SysTickCounter
    delay.o(i.SysTick64) refers to delay.o(.data) for SysTickCounter
    delay.o(i.SysTick_Handler) refers to delay.o(.data) for SysTickCounter
    delay.o(i.SysTick_Micros) refers to delay.o(i.SysTick64) for SysTick64
    delay.o(i.SysTick_Micros) refers to uldiv.o(.text) for __aeabi_uldivmod
    delay.o(i.SysTick_Millis) refers to delay.o(i.SysTick64) for SysTick64
    delay.o(i.SysTick_Millis) refers to uldiv.o(.text) for __aeabi_uldivmod
    delay.o(i.delay_ms) refers to delay.o(i.delay_us) for delay_us
    delay.o(i.delay_us) refers to delay.o(i.SysTick32) for SysTick32
    button.o(i.Button_Config) refers to stm32f10x_rcc.o(i.RCC_APB2PeriphClockCmd) for RCC_APB2PeriphClockCmd
    button.o(i.Button_Config) refers to stm32f10x_gpio.o(i.GPIO_Init) for GPIO_Init
    button.o(i.Button_OnHold) refers to button.o(i.Button_Update) for Button_Update
    button.o(i.Button_OnPress) refers to button.o(i.Button_Update) for Button_Update
    button.o(i.Button_Update) refers to delay.o(i.SysTick_Millis) for SysTick_Millis
    button.o(i.Button_Update) refers to stm32f10x_gpio.o(i.GPIO_ReadInputDataBit) for GPIO_ReadInputDataBit
    serial.o(i.Serial_Available) refers to ringbuffer.o(i.RB_Available) for RB_Available
    serial.o(i.Serial_Available) refers to serial.o(.data) for ring_buffer
    serial.o(i.Serial_Begin) refers to ringbuffer.o(i.RB_Init) for RB_Init
    serial.o(i.Serial_Begin) refers to stm32f10x_rcc.o(i.RCC_APB2PeriphClockCmd) for RCC_APB2PeriphClockCmd
    serial.o(i.Serial_Begin) refers to stm32f10x_gpio.o(i.GPIO_Init) for GPIO_Init
    serial.o(i.Serial_Begin) refers to stm32f10x_usart.o(i.USART_Init) for USART_Init
    serial.o(i.Serial_Begin) refers to stm32f10x_usart.o(i.USART_Cmd) for USART_Cmd
    serial.o(i.Serial_Begin) refers to stm32f10x_usart.o(i.USART_ITConfig) for USART_ITConfig
    serial.o(i.Serial_Begin) refers to misc.o(i.NVIC_PriorityGroupConfig) for NVIC_PriorityGroupConfig
    serial.o(i.Serial_Begin) refers to misc.o(i.NVIC_Init) for NVIC_Init
    serial.o(i.Serial_Begin) refers to serial.o(.bss) for Rx_BufArr
    serial.o(i.Serial_Begin) refers to serial.o(.data) for ring_buffer
    serial.o(i.Serial_Printf) refers to printfa.o(i.__0vsprintf) for vsprintf
    serial.o(i.Serial_Printf) refers to serial.o(i.UART_SendString) for UART_SendString
    serial.o(i.Serial_Read) refers to ringbuffer.o(i.RB_Pop) for RB_Pop
    serial.o(i.Serial_Read) refers to serial.o(.data) for ring_buffer
    serial.o(i.UART_SendChar) refers to stm32f10x_usart.o(i.USART_SendData) for USART_SendData
    serial.o(i.UART_SendChar) refers to stm32f10x_usart.o(i.USART_GetFlagStatus) for USART_GetFlagStatus
    serial.o(i.UART_SendString) refers to serial.o(i.UART_SendChar) for UART_SendChar
    serial.o(i.USART1_IRQHandler) refers to serial.o(i.USART_GetChar) for USART_GetChar
    serial.o(i.USART1_IRQHandler) refers to ringbuffer.o(i.RB_Push) for RB_Push
    serial.o(i.USART1_IRQHandler) refers to serial.o(.data) for ring_buffer
    serial.o(i.USART_GetChar) refers to stm32f10x_usart.o(i.USART_GetFlagStatus) for USART_GetFlagStatus
    dma.o(i.ADC_Multi_Channel_Config) refers to stm32f10x_rcc.o(i.RCC_APB2PeriphClockCmd) for RCC_APB2PeriphClockCmd
    dma.o(i.ADC_Multi_Channel_Config) refers to stm32f10x_gpio.o(i.GPIO_Init) for GPIO_Init
    dma.o(i.ADC_Multi_Channel_Config) refers to stm32f10x_adc.o(i.ADC_Init) for ADC_Init
    dma.o(i.ADC_Multi_Channel_Config) refers to stm32f10x_adc.o(i.ADC_RegularChannelConfig) for ADC_RegularChannelConfig
    dma.o(i.ADC_Multi_Channel_Config) refers to stm32f10x_adc.o(i.ADC_Cmd) for ADC_Cmd
    dma.o(i.ADC_Multi_Channel_Config) refers to stm32f10x_adc.o(i.ADC_DMACmd) for ADC_DMACmd
    dma.o(i.ADC_Multi_Channel_Config) refers to stm32f10x_adc.o(i.ADC_ResetCalibration) for ADC_ResetCalibration
    dma.o(i.ADC_Multi_Channel_Config) refers to stm32f10x_adc.o(i.ADC_GetResetCalibrationStatus) for ADC_GetResetCalibrationStatus
    dma.o(i.ADC_Multi_Channel_Config) refers to stm32f10x_adc.o(i.ADC_StartCalibration) for ADC_StartCalibration
    dma.o(i.ADC_Multi_Channel_Config) refers to stm32f10x_adc.o(i.ADC_GetCalibrationStatus) for ADC_GetCalibrationStatus
    dma.o(i.DMA_Multi_Channel_Config) refers to stm32f10x_rcc.o(i.RCC_AHBPeriphClockCmd) for RCC_AHBPeriphClockCmd
    dma.o(i.DMA_Multi_Channel_Config) refers to stm32f10x_dma.o(i.DMA_DeInit) for DMA_DeInit
    dma.o(i.DMA_Multi_Channel_Config) refers to stm32f10x_dma.o(i.DMA_Init) for DMA_Init
    dma.o(i.DMA_Multi_Channel_Config) refers to stm32f10x_dma.o(i.DMA_Cmd) for DMA_Cmd
    dma.o(i.DMA_Start) refers to stm32f10x_adc.o(i.ADC_SoftwareStartConvCmd) for ADC_SoftwareStartConvCmd
    lcd_i2c.o(i.LCD_Clear) refers to lcd_i2c.o(i.LCD_Cmd_Write) for LCD_Cmd_Write
    lcd_i2c.o(i.LCD_Clear) refers to delay.o(i.delay_ms) for delay_ms
    lcd_i2c.o(i.LCD_Cmd_Write) refers to lcd_i2c.o(i.LCD_Write_Byte) for LCD_Write_Byte
    lcd_i2c.o(i.LCD_Data_Write) refers to lcd_i2c.o(i.LCD_Write_Byte) for LCD_Write_Byte
    lcd_i2c.o(i.LCD_Gotoxy) refers to lcd_i2c.o(i.LCD_Cmd_Write) for LCD_Cmd_Write
    lcd_i2c.o(i.LCD_I2C_Configuration) refers to stm32f10x_rcc.o(i.RCC_APB1PeriphClockCmd) for RCC_APB1PeriphClockCmd
    lcd_i2c.o(i.LCD_I2C_Configuration) refers to stm32f10x_rcc.o(i.RCC_APB2PeriphClockCmd) for RCC_APB2PeriphClockCmd
    lcd_i2c.o(i.LCD_I2C_Configuration) refers to stm32f10x_gpio.o(i.GPIO_Init) for GPIO_Init
    lcd_i2c.o(i.LCD_I2C_Configuration) refers to stm32f10x_i2c.o(i.I2C_Init) for I2C_Init
    lcd_i2c.o(i.LCD_I2C_Configuration) refers to stm32f10x_i2c.o(i.I2C_Cmd) for I2C_Cmd
    lcd_i2c.o(i.LCD_Init) refers to lcd_i2c.o(i.LCD_Cmd_Write) for LCD_Cmd_Write
    lcd_i2c.o(i.LCD_Init) refers to delay.o(i.delay_ms) for delay_ms
    lcd_i2c.o(i.LCD_Printf) refers to printfa.o(i.__0vsprintf) for vsprintf
    lcd_i2c.o(i.LCD_Printf) refers to lcd_i2c.o(i.LCD_Data_Write) for LCD_Data_Write
    lcd_i2c.o(i.LCD_Printf) refers to strlen.o(.text) for strlen
    lcd_i2c.o(i.LCD_Send_String) refers to lcd_i2c.o(i.LCD_Data_Write) for LCD_Data_Write
    lcd_i2c.o(i.LCD_Write_Byte) refers to stm32f10x_i2c.o(i.I2C_GenerateSTART) for I2C_GenerateSTART
    lcd_i2c.o(i.LCD_Write_Byte) refers to stm32f10x_i2c.o(i.I2C_CheckEvent) for I2C_CheckEvent
    lcd_i2c.o(i.LCD_Write_Byte) refers to stm32f10x_i2c.o(i.I2C_Send7bitAddress) for I2C_Send7bitAddress
    lcd_i2c.o(i.LCD_Write_Byte) refers to stm32f10x_i2c.o(i.I2C_SendData) for I2C_SendData
    lcd_i2c.o(i.LCD_Write_Byte) refers to stm32f10x_i2c.o(i.I2C_GenerateSTOP) for I2C_GenerateSTOP
    entry.o(.ARM.Collect$$$$00000000) refers (Special) to entry10a.o(.ARM.Collect$$$$0000000D) for __rt_final_cpp
    entry.o(.ARM.Collect$$$$00000000) refers (Special) to entry11a.o(.ARM.Collect$$$$0000000F) for __rt_final_exit
    entry.o(.ARM.Collect$$$$00000000) refers (Special) to entry7b.o(.ARM.Collect$$$$00000008) for _main_clock
    entry.o(.ARM.Collect$$$$00000000) refers (Special) to entry8b.o(.ARM.Collect$$$$0000000A) for _main_cpp_init
    entry.o(.ARM.Collect$$$$00000000) refers (Special) to entry9a.o(.ARM.Collect$$$$0000000B) for _main_init
    entry.o(.ARM.Collect$$$$00000000) refers (Special) to entry5.o(.ARM.Collect$$$$00000004) for _main_scatterload
    entry.o(.ARM.Collect$$$$00000000) refers (Special) to entry2.o(.ARM.Collect$$$$00000001) for _main_stk
    uldiv.o(.text) refers to llushr.o(.text) for __aeabi_llsr
    uldiv.o(.text) refers to llshl.o(.text) for __aeabi_llsl
    printfa.o(i.__0fprintf) refers (Special) to iusefp.o(.text) for __I$use$fp
    printfa.o(i.__0fprintf) refers to printfa.o(i._printf_core) for _printf_core
    printfa.o(i.__0fprintf) refers to fputc.o(i.fputc) for fputc
    printfa.o(i.__0printf) refers (Special) to iusefp.o(.text) for __I$use$fp
    printfa.o(i.__0printf) refers to printfa.o(i._printf_core) for _printf_core
    printfa.o(i.__0printf) refers to fputc.o(i.fputc) for fputc
    printfa.o(i.__0printf) refers to stdout.o(.data) for __stdout
    printfa.o(i.__0snprintf) refers (Special) to iusefp.o(.text) for __I$use$fp
    printfa.o(i.__0snprintf) refers to printfa.o(i._printf_core) for _printf_core
    printfa.o(i.__0snprintf) refers to printfa.o(i._snputc) for _snputc
    printfa.o(i.__0sprintf) refers (Special) to iusefp.o(.text) for __I$use$fp
    printfa.o(i.__0sprintf) refers to printfa.o(i._printf_core) for _printf_core
    printfa.o(i.__0sprintf) refers to printfa.o(i._sputc) for _sputc
    printfa.o(i.__0vfprintf) refers (Special) to iusefp.o(.text) for __I$use$fp
    printfa.o(i.__0vfprintf) refers to printfa.o(i._printf_core) for _printf_core
    printfa.o(i.__0vfprintf) refers to fputc.o(i.fputc) for fputc
    printfa.o(i.__0vprintf) refers (Special) to iusefp.o(.text) for __I$use$fp
    printfa.o(i.__0vprintf) refers to printfa.o(i._printf_core) for _printf_core
    printfa.o(i.__0vprintf) refers to fputc.o(i.fputc) for fputc
    printfa.o(i.__0vprintf) refers to stdout.o(.data) for __stdout
    printfa.o(i.__0vsnprintf) refers (Special) to iusefp.o(.text) for __I$use$fp
    printfa.o(i.__0vsnprintf) refers to printfa.o(i._printf_core) for _printf_core
    printfa.o(i.__0vsnprintf) refers to printfa.o(i._snputc) for _snputc
    printfa.o(i.__0vsprintf) refers (Special) to iusefp.o(.text) for __I$use$fp
    printfa.o(i.__0vsprintf) refers to printfa.o(i._printf_core) for _printf_core
    printfa.o(i.__0vsprintf) refers to printfa.o(i._sputc) for _sputc
    printfa.o(i._fp_digits) refers (Special) to iusefp.o(.text) for __I$use$fp
    printfa.o(i._fp_digits) refers to dmul.o(.text) for __aeabi_dmul
    printfa.o(i._fp_digits) refers to ddiv.o(.text) for __aeabi_ddiv
    printfa.o(i._fp_digits) refers to cdrcmple.o(.text) for __aeabi_cdrcmple
    printfa.o(i._fp_digits) refers to dadd.o(.text) for __aeabi_dadd
    printfa.o(i._fp_digits) refers to dfixul.o(.text) for __aeabi_d2ulz
    printfa.o(i._fp_digits) refers to uldiv.o(.text) for __aeabi_uldivmod
    printfa.o(i._printf_core) refers (Special) to iusefp.o(.text) for __I$use$fp
    printfa.o(i._printf_core) refers to printfa.o(i._printf_pre_padding) for _printf_pre_padding
    printfa.o(i._printf_core) refers to uldiv.o(.text) for __aeabi_uldivmod
    printfa.o(i._printf_core) refers to printfa.o(i._printf_post_padding) for _printf_post_padding
    printfa.o(i._printf_core) refers to printfa.o(i._fp_digits) for _fp_digits
    printfa.o(i._printf_core) refers to uidiv.o(.text) for __aeabi_uidivmod
    printfa.o(i._printf_post_padding) refers (Special) to iusefp.o(.text) for __I$use$fp
    printfa.o(i._printf_pre_padding) refers (Special) to iusefp.o(.text) for __I$use$fp
    printfa.o(i._snputc) refers (Special) to iusefp.o(.text) for __I$use$fp
    printfa.o(i._sputc) refers (Special) to iusefp.o(.text) for __I$use$fp
    dadd.o(.text) refers (Special) to iusefp.o(.text) for __I$use$fp
    dadd.o(.text) refers to llshl.o(.text) for __aeabi_llsl
    dadd.o(.text) refers to llsshr.o(.text) for __aeabi_lasr
    dadd.o(.text) refers to depilogue.o(.text) for _double_epilogue
    dmul.o(.text) refers (Special) to iusefp.o(.text) for __I$use$fp
    dmul.o(.text) refers to depilogue.o(.text) for _double_epilogue
    ddiv.o(.text) refers (Special) to iusefp.o(.text) for __I$use$fp
    ddiv.o(.text) refers to depilogue.o(.text) for _double_round
    dflti.o(.text) refers (Special) to iusefp.o(.text) for __I$use$fp
    dflti.o(.text) refers to depilogue.o(.text) for _double_epilogue
    ffixui.o(.text) refers (Special) to iusefp.o(.text) for __I$use$fp
    f2d.o(.text) refers (Special) to iusefp.o(.text) for __I$use$fp
    d2f.o(.text) refers (Special) to iusefp.o(.text) for __I$use$fp
    d2f.o(.text) refers to fepilogue.o(.text) for _float_round
    cfrcmple.o(.text) refers (Special) to iusefp.o(.text) for __I$use$fp
    entry2.o(.ARM.Collect$$$$00000001) refers to entry2.o(.ARM.Collect$$$$00002712) for __lit__00000000
    entry2.o(.ARM.Collect$$$$00002712) refers to startup_stm32f10x_md.o(STACK) for __initial_sp
    entry2.o(__vectab_stack_and_reset_area) refers to startup_stm32f10x_md.o(STACK) for __initial_sp
    entry2.o(__vectab_stack_and_reset_area) refers to entry.o(.ARM.Collect$$$$00000000) for __main
    entry5.o(.ARM.Collect$$$$00000004) refers to init.o(.text) for __scatterload
    entry9a.o(.ARM.Collect$$$$0000000B) refers to main.o(i.main) for main
    entry9b.o(.ARM.Collect$$$$0000000C) refers to main.o(i.main) for main
    fputc.o(i.fputc) refers (Special) to iusesemip.o(.text) for __I$use$semihosting$fputc
    fputc.o(i.fputc) refers (Special) to semi.o(.text) for __semihosting_library_function
    depilogue.o(.text) refers to llshl.o(.text) for __aeabi_llsl
    depilogue.o(.text) refers to llushr.o(.text) for __aeabi_llsr
    dfixul.o(.text) refers to llushr.o(.text) for __aeabi_llsr
    dfixul.o(.text) refers to llshl.o(.text) for __aeabi_llsl
    init.o(.text) refers to entry5.o(.ARM.Collect$$$$00000004) for __main_after_scatterload


==============================================================================

Removing Unused input sections from the image.

    Removing core_cm3.o(.emb_text), (32 bytes).
    Removing startup_stm32f10x_md.o(HEAP), (512 bytes).
    Removing misc.o(i.NVIC_SetVectorTable), (20 bytes).
    Removing misc.o(i.NVIC_SystemLPConfig), (32 bytes).
    Removing misc.o(i.SysTick_CLKSourceConfig), (40 bytes).
    Removing stm32f10x_adc.o(i.ADC_AnalogWatchdogCmd), (20 bytes).
    Removing stm32f10x_adc.o(i.ADC_AnalogWatchdogSingleChannelConfig), (16 bytes).
    Removing stm32f10x_adc.o(i.ADC_AnalogWatchdogThresholdsConfig), (6 bytes).
    Removing stm32f10x_adc.o(i.ADC_AutoInjectedConvCmd), (22 bytes).
    Removing stm32f10x_adc.o(i.ADC_ClearFlag), (6 bytes).
    Removing stm32f10x_adc.o(i.ADC_ClearITPendingBit), (10 bytes).
    Removing stm32f10x_adc.o(i.ADC_DeInit), (92 bytes).
    Removing stm32f10x_adc.o(i.ADC_DiscModeChannelCountConfig), (24 bytes).
    Removing stm32f10x_adc.o(i.ADC_DiscModeCmd), (22 bytes).
    Removing stm32f10x_adc.o(i.ADC_ExternalTrigConvCmd), (22 bytes).
    Removing stm32f10x_adc.o(i.ADC_ExternalTrigInjectedConvCmd), (22 bytes).
    Removing stm32f10x_adc.o(i.ADC_ExternalTrigInjectedConvConfig), (16 bytes).
    Removing stm32f10x_adc.o(i.ADC_GetConversionValue), (8 bytes).
    Removing stm32f10x_adc.o(i.ADC_GetDualModeConversionValue), (12 bytes).
    Removing stm32f10x_adc.o(i.ADC_GetFlagStatus), (18 bytes).
    Removing stm32f10x_adc.o(i.ADC_GetITStatus), (36 bytes).
    Removing stm32f10x_adc.o(i.ADC_GetInjectedConversionValue), (28 bytes).
    Removing stm32f10x_adc.o(i.ADC_GetSoftwareStartConvStatus), (20 bytes).
    Removing stm32f10x_adc.o(i.ADC_GetSoftwareStartInjectedConvCmdStatus), (20 bytes).
    Removing stm32f10x_adc.o(i.ADC_ITConfig), (24 bytes).
    Removing stm32f10x_adc.o(i.ADC_InjectedChannelConfig), (130 bytes).
    Removing stm32f10x_adc.o(i.ADC_InjectedDiscModeCmd), (22 bytes).
    Removing stm32f10x_adc.o(i.ADC_InjectedSequencerLengthConfig), (24 bytes).
    Removing stm32f10x_adc.o(i.ADC_SetInjectedOffset), (20 bytes).
    Removing stm32f10x_adc.o(i.ADC_SoftwareStartInjectedConvCmd), (22 bytes).
    Removing stm32f10x_adc.o(i.ADC_StructInit), (18 bytes).
    Removing stm32f10x_adc.o(i.ADC_TempSensorVrefintCmd), (36 bytes).
    Removing stm32f10x_gpio.o(i.GPIO_AFIODeInit), (20 bytes).
    Removing stm32f10x_gpio.o(i.GPIO_DeInit), (200 bytes).
    Removing stm32f10x_gpio.o(i.GPIO_ETH_MediaInterfaceConfig), (12 bytes).
    Removing stm32f10x_gpio.o(i.GPIO_EXTILineConfig), (64 bytes).
    Removing stm32f10x_gpio.o(i.GPIO_EventOutputCmd), (12 bytes).
    Removing stm32f10x_gpio.o(i.GPIO_EventOutputConfig), (32 bytes).
    Removing stm32f10x_gpio.o(i.GPIO_PinLockConfig), (18 bytes).
    Removing stm32f10x_gpio.o(i.GPIO_PinRemapConfig), (144 bytes).
    Removing stm32f10x_gpio.o(i.GPIO_ReadInputData), (8 bytes).
    Removing stm32f10x_gpio.o(i.GPIO_ReadOutputData), (8 bytes).
    Removing stm32f10x_gpio.o(i.GPIO_ReadOutputDataBit), (18 bytes).
    Removing stm32f10x_gpio.o(i.GPIO_ResetBits), (4 bytes).
    Removing stm32f10x_gpio.o(i.GPIO_SetBits), (4 bytes).
    Removing stm32f10x_gpio.o(i.GPIO_StructInit), (16 bytes).
    Removing stm32f10x_gpio.o(i.GPIO_Write), (4 bytes).
    Removing stm32f10x_rcc.o(i.RCC_ADCCLKConfig), (24 bytes).
    Removing stm32f10x_rcc.o(i.RCC_APB1PeriphResetCmd), (32 bytes).
    Removing stm32f10x_rcc.o(i.RCC_APB2PeriphResetCmd), (32 bytes).
    Removing stm32f10x_rcc.o(i.RCC_AdjustHSICalibrationValue), (24 bytes).
    Removing stm32f10x_rcc.o(i.RCC_BackupResetCmd), (12 bytes).
    Removing stm32f10x_rcc.o(i.RCC_ClearFlag), (20 bytes).
    Removing stm32f10x_rcc.o(i.RCC_ClearITPendingBit), (12 bytes).
    Removing stm32f10x_rcc.o(i.RCC_ClockSecuritySystemCmd), (12 bytes).
    Removing stm32f10x_rcc.o(i.RCC_DeInit), (76 bytes).
    Removing stm32f10x_rcc.o(i.RCC_GetFlagStatus), (60 bytes).
    Removing stm32f10x_rcc.o(i.RCC_GetITStatus), (24 bytes).
    Removing stm32f10x_rcc.o(i.RCC_GetSYSCLKSource), (16 bytes).
    Removing stm32f10x_rcc.o(i.RCC_HCLKConfig), (24 bytes).
    Removing stm32f10x_rcc.o(i.RCC_HSEConfig), (76 bytes).
    Removing stm32f10x_rcc.o(i.RCC_HSICmd), (12 bytes).
    Removing stm32f10x_rcc.o(i.RCC_ITConfig), (32 bytes).
    Removing stm32f10x_rcc.o(i.RCC_LSEConfig), (52 bytes).
    Removing stm32f10x_rcc.o(i.RCC_LSICmd), (12 bytes).
    Removing stm32f10x_rcc.o(i.RCC_MCOConfig), (12 bytes).
    Removing stm32f10x_rcc.o(i.RCC_PCLK1Config), (24 bytes).
    Removing stm32f10x_rcc.o(i.RCC_PCLK2Config), (24 bytes).
    Removing stm32f10x_rcc.o(i.RCC_PLLCmd), (12 bytes).
    Removing stm32f10x_rcc.o(i.RCC_PLLConfig), (28 bytes).
    Removing stm32f10x_rcc.o(i.RCC_RTCCLKCmd), (12 bytes).
    Removing stm32f10x_rcc.o(i.RCC_RTCCLKConfig), (16 bytes).
    Removing stm32f10x_rcc.o(i.RCC_SYSCLKConfig), (24 bytes).
    Removing stm32f10x_rcc.o(i.RCC_USBCLKConfig), (12 bytes).
    Removing stm32f10x_rcc.o(i.RCC_WaitForHSEStartUp), (56 bytes).
    Removing stm32f10x_usart.o(i.USART_ClearFlag), (18 bytes).
    Removing stm32f10x_usart.o(i.USART_ClearITPendingBit), (30 bytes).
    Removing stm32f10x_usart.o(i.USART_ClockInit), (34 bytes).
    Removing stm32f10x_usart.o(i.USART_ClockStructInit), (12 bytes).
    Removing stm32f10x_usart.o(i.USART_DMACmd), (18 bytes).
    Removing stm32f10x_usart.o(i.USART_DeInit), (156 bytes).
    Removing stm32f10x_usart.o(i.USART_GetITStatus), (84 bytes).
    Removing stm32f10x_usart.o(i.USART_HalfDuplexCmd), (24 bytes).
    Removing stm32f10x_usart.o(i.USART_IrDACmd), (24 bytes).
    Removing stm32f10x_usart.o(i.USART_IrDAConfig), (18 bytes).
    Removing stm32f10x_usart.o(i.USART_LINBreakDetectLengthConfig), (18 bytes).
    Removing stm32f10x_usart.o(i.USART_LINCmd), (24 bytes).
    Removing stm32f10x_usart.o(i.USART_OneBitMethodCmd), (24 bytes).
    Removing stm32f10x_usart.o(i.USART_OverSampling8Cmd), (22 bytes).
    Removing stm32f10x_usart.o(i.USART_ReceiveData), (10 bytes).
    Removing stm32f10x_usart.o(i.USART_ReceiverWakeUpCmd), (24 bytes).
    Removing stm32f10x_usart.o(i.USART_SendBreak), (10 bytes).
    Removing stm32f10x_usart.o(i.USART_SetAddress), (18 bytes).
    Removing stm32f10x_usart.o(i.USART_SetGuardTime), (16 bytes).
    Removing stm32f10x_usart.o(i.USART_SetPrescaler), (16 bytes).
    Removing stm32f10x_usart.o(i.USART_SmartCardCmd), (24 bytes).
    Removing stm32f10x_usart.o(i.USART_SmartCardNACKCmd), (24 bytes).
    Removing stm32f10x_usart.o(i.USART_StructInit), (24 bytes).
    Removing stm32f10x_usart.o(i.USART_WakeUpConfig), (18 bytes).
    Removing stm32f10x_flash.o(i.FLASH_ClearFlag), (12 bytes).
    Removing stm32f10x_flash.o(i.FLASH_EnableWriteProtection), (196 bytes).
    Removing stm32f10x_flash.o(i.FLASH_EraseAllBank1Pages), (72 bytes).
    Removing stm32f10x_flash.o(i.FLASH_EraseAllPages), (72 bytes).
    Removing stm32f10x_flash.o(i.FLASH_EraseOptionBytes), (168 bytes).
    Removing stm32f10x_flash.o(i.FLASH_ErasePage), (76 bytes).
    Removing stm32f10x_flash.o(i.FLASH_GetBank1Status), (52 bytes).
    Removing stm32f10x_flash.o(i.FLASH_GetFlagStatus), (48 bytes).
    Removing stm32f10x_flash.o(i.FLASH_GetPrefetchBufferStatus), (24 bytes).
    Removing stm32f10x_flash.o(i.FLASH_GetReadOutProtectionStatus), (24 bytes).
    Removing stm32f10x_flash.o(i.FLASH_GetStatus), (52 bytes).
    Removing stm32f10x_flash.o(i.FLASH_GetUserOptionByte), (12 bytes).
    Removing stm32f10x_flash.o(i.FLASH_GetWriteProtectionOptionByte), (12 bytes).
    Removing stm32f10x_flash.o(i.FLASH_HalfCycleAccessCmd), (28 bytes).
    Removing stm32f10x_flash.o(i.FLASH_ITConfig), (32 bytes).
    Removing stm32f10x_flash.o(i.FLASH_Lock), (20 bytes).
    Removing stm32f10x_flash.o(i.FLASH_LockBank1), (20 bytes).
    Removing stm32f10x_flash.o(i.FLASH_PrefetchBufferCmd), (28 bytes).
    Removing stm32f10x_flash.o(i.FLASH_ProgramHalfWord), (64 bytes).
    Removing stm32f10x_flash.o(i.FLASH_ProgramOptionByteData), (84 bytes).
    Removing stm32f10x_flash.o(i.FLASH_ProgramWord), (108 bytes).
    Removing stm32f10x_flash.o(i.FLASH_ReadOutProtection), (172 bytes).
    Removing stm32f10x_flash.o(i.FLASH_SetLatency), (24 bytes).
    Removing stm32f10x_flash.o(i.FLASH_Unlock), (24 bytes).
    Removing stm32f10x_flash.o(i.FLASH_UnlockBank1), (24 bytes).
    Removing stm32f10x_flash.o(i.FLASH_UserOptionByteConfig), (104 bytes).
    Removing stm32f10x_flash.o(i.FLASH_WaitForLastBank1Operation), (38 bytes).
    Removing stm32f10x_flash.o(i.FLASH_WaitForLastOperation), (38 bytes).
    Removing stm32f10x_dma.o(i.DMA_ClearFlag), (28 bytes).
    Removing stm32f10x_dma.o(i.DMA_ClearITPendingBit), (28 bytes).
    Removing stm32f10x_dma.o(i.DMA_GetCurrDataCounter), (8 bytes).
    Removing stm32f10x_dma.o(i.DMA_GetFlagStatus), (44 bytes).
    Removing stm32f10x_dma.o(i.DMA_GetITStatus), (44 bytes).
    Removing stm32f10x_dma.o(i.DMA_ITConfig), (18 bytes).
    Removing stm32f10x_dma.o(i.DMA_SetCurrDataCounter), (4 bytes).
    Removing stm32f10x_dma.o(i.DMA_StructInit), (26 bytes).
    Removing stm32f10x_exti.o(i.EXTI_ClearFlag), (12 bytes).
    Removing stm32f10x_exti.o(i.EXTI_ClearITPendingBit), (12 bytes).
    Removing stm32f10x_exti.o(i.EXTI_DeInit), (36 bytes).
    Removing stm32f10x_exti.o(i.EXTI_GenerateSWInterrupt), (16 bytes).
    Removing stm32f10x_exti.o(i.EXTI_GetFlagStatus), (24 bytes).
    Removing stm32f10x_exti.o(i.EXTI_GetITStatus), (40 bytes).
    Removing stm32f10x_exti.o(i.EXTI_Init), (148 bytes).
    Removing stm32f10x_exti.o(i.EXTI_StructInit), (16 bytes).
    Removing stm32f10x_tim.o(i.TI1_Config), (128 bytes).
    Removing stm32f10x_tim.o(i.TI2_Config), (152 bytes).
    Removing stm32f10x_tim.o(i.TI3_Config), (144 bytes).
    Removing stm32f10x_tim.o(i.TI4_Config), (152 bytes).
    Removing stm32f10x_tim.o(i.TIM_ARRPreloadConfig), (24 bytes).
    Removing stm32f10x_tim.o(i.TIM_BDTRConfig), (32 bytes).
    Removing stm32f10x_tim.o(i.TIM_BDTRStructInit), (18 bytes).
    Removing stm32f10x_tim.o(i.TIM_CCPreloadControl), (24 bytes).
    Removing stm32f10x_tim.o(i.TIM_CCxCmd), (30 bytes).
    Removing stm32f10x_tim.o(i.TIM_CCxNCmd), (30 bytes).
    Removing stm32f10x_tim.o(i.TIM_ClearFlag), (6 bytes).
    Removing stm32f10x_tim.o(i.TIM_ClearITPendingBit), (6 bytes).
    Removing stm32f10x_tim.o(i.TIM_ClearOC1Ref), (18 bytes).
    Removing stm32f10x_tim.o(i.TIM_ClearOC2Ref), (24 bytes).
    Removing stm32f10x_tim.o(i.TIM_ClearOC3Ref), (18 bytes).
    Removing stm32f10x_tim.o(i.TIM_ClearOC4Ref), (24 bytes).
    Removing stm32f10x_tim.o(i.TIM_Cmd), (24 bytes).
    Removing stm32f10x_tim.o(i.TIM_CounterModeConfig), (18 bytes).
    Removing stm32f10x_tim.o(i.TIM_CtrlPWMOutputs), (30 bytes).
    Removing stm32f10x_tim.o(i.TIM_DMACmd), (18 bytes).
    Removing stm32f10x_tim.o(i.TIM_DMAConfig), (10 bytes).
    Removing stm32f10x_tim.o(i.TIM_DeInit), (488 bytes).
    Removing stm32f10x_tim.o(i.TIM_ETRClockMode1Config), (54 bytes).
    Removing stm32f10x_tim.o(i.TIM_ETRClockMode2Config), (32 bytes).
    Removing stm32f10x_tim.o(i.TIM_ETRConfig), (28 bytes).
    Removing stm32f10x_tim.o(i.TIM_EncoderInterfaceConfig), (66 bytes).
    Removing stm32f10x_tim.o(i.TIM_ForcedOC1Config), (18 bytes).
    Removing stm32f10x_tim.o(i.TIM_ForcedOC2Config), (26 bytes).
    Removing stm32f10x_tim.o(i.TIM_ForcedOC3Config), (18 bytes).
    Removing stm32f10x_tim.o(i.TIM_ForcedOC4Config), (26 bytes).
    Removing stm32f10x_tim.o(i.TIM_GenerateEvent), (4 bytes).
    Removing stm32f10x_tim.o(i.TIM_GetCapture1), (6 bytes).
    Removing stm32f10x_tim.o(i.TIM_GetCapture2), (6 bytes).
    Removing stm32f10x_tim.o(i.TIM_GetCapture3), (6 bytes).
    Removing stm32f10x_tim.o(i.TIM_GetCapture4), (8 bytes).
    Removing stm32f10x_tim.o(i.TIM_GetCounter), (6 bytes).
    Removing stm32f10x_tim.o(i.TIM_GetFlagStatus), (18 bytes).
    Removing stm32f10x_tim.o(i.TIM_GetITStatus), (34 bytes).
    Removing stm32f10x_tim.o(i.TIM_GetPrescaler), (6 bytes).
    Removing stm32f10x_tim.o(i.TIM_ICInit), (172 bytes).
    Removing stm32f10x_tim.o(i.TIM_ICStructInit), (18 bytes).
    Removing stm32f10x_tim.o(i.TIM_ITConfig), (18 bytes).
    Removing stm32f10x_tim.o(i.TIM_ITRxExternalClockConfig), (24 bytes).
    Removing stm32f10x_tim.o(i.TIM_InternalClockConfig), (12 bytes).
    Removing stm32f10x_tim.o(i.TIM_OC1FastConfig), (18 bytes).
    Removing stm32f10x_tim.o(i.TIM_OC1Init), (152 bytes).
    Removing stm32f10x_tim.o(i.TIM_OC1NPolarityConfig), (18 bytes).
    Removing stm32f10x_tim.o(i.TIM_OC1PolarityConfig), (18 bytes).
    Removing stm32f10x_tim.o(i.TIM_OC1PreloadConfig), (18 bytes).
    Removing stm32f10x_tim.o(i.TIM_OC2FastConfig), (26 bytes).
    Removing stm32f10x_tim.o(i.TIM_OC2Init), (164 bytes).
    Removing stm32f10x_tim.o(i.TIM_OC2NPolarityConfig), (26 bytes).
    Removing stm32f10x_tim.o(i.TIM_OC2PolarityConfig), (26 bytes).
    Removing stm32f10x_tim.o(i.TIM_OC2PreloadConfig), (26 bytes).
    Removing stm32f10x_tim.o(i.TIM_OC3FastConfig), (18 bytes).
    Removing stm32f10x_tim.o(i.TIM_OC3Init), (160 bytes).
    Removing stm32f10x_tim.o(i.TIM_OC3NPolarityConfig), (26 bytes).
    Removing stm32f10x_tim.o(i.TIM_OC3PolarityConfig), (26 bytes).
    Removing stm32f10x_tim.o(i.TIM_OC3PreloadConfig), (18 bytes).
    Removing stm32f10x_tim.o(i.TIM_OC4FastConfig), (26 bytes).
    Removing stm32f10x_tim.o(i.TIM_OC4Init), (124 bytes).
    Removing stm32f10x_tim.o(i.TIM_OC4PolarityConfig), (26 bytes).
    Removing stm32f10x_tim.o(i.TIM_OC4PreloadConfig), (26 bytes).
    Removing stm32f10x_tim.o(i.TIM_OCStructInit), (20 bytes).
    Removing stm32f10x_tim.o(i.TIM_PWMIConfig), (124 bytes).
    Removing stm32f10x_tim.o(i.TIM_PrescalerConfig), (6 bytes).
    Removing stm32f10x_tim.o(i.TIM_SelectCCDMA), (24 bytes).
    Removing stm32f10x_tim.o(i.TIM_SelectCOM), (24 bytes).
    Removing stm32f10x_tim.o(i.TIM_SelectHallSensor), (24 bytes).
    Removing stm32f10x_tim.o(i.TIM_SelectInputTrigger), (18 bytes).
    Removing stm32f10x_tim.o(i.TIM_SelectMasterSlaveMode), (18 bytes).
    Removing stm32f10x_tim.o(i.TIM_SelectOCxM), (82 bytes).
    Removing stm32f10x_tim.o(i.TIM_SelectOnePulseMode), (18 bytes).
    Removing stm32f10x_tim.o(i.TIM_SelectOutputTrigger), (18 bytes).
    Removing stm32f10x_tim.o(i.TIM_SelectSlaveMode), (18 bytes).
    Removing stm32f10x_tim.o(i.TIM_SetAutoreload), (4 bytes).
    Removing stm32f10x_tim.o(i.TIM_SetClockDivision), (18 bytes).
    Removing stm32f10x_tim.o(i.TIM_SetCompare1), (4 bytes).
    Removing stm32f10x_tim.o(i.TIM_SetCompare2), (4 bytes).
    Removing stm32f10x_tim.o(i.TIM_SetCompare3), (4 bytes).
    Removing stm32f10x_tim.o(i.TIM_SetCompare4), (6 bytes).
    Removing stm32f10x_tim.o(i.TIM_SetCounter), (4 bytes).
    Removing stm32f10x_tim.o(i.TIM_SetIC1Prescaler), (18 bytes).
    Removing stm32f10x_tim.o(i.TIM_SetIC2Prescaler), (26 bytes).
    Removing stm32f10x_tim.o(i.TIM_SetIC3Prescaler), (18 bytes).
    Removing stm32f10x_tim.o(i.TIM_SetIC4Prescaler), (26 bytes).
    Removing stm32f10x_tim.o(i.TIM_TIxExternalClockConfig), (62 bytes).
    Removing stm32f10x_tim.o(i.TIM_TimeBaseInit), (164 bytes).
    Removing stm32f10x_tim.o(i.TIM_TimeBaseStructInit), (18 bytes).
    Removing stm32f10x_tim.o(i.TIM_UpdateDisableConfig), (24 bytes).
    Removing stm32f10x_tim.o(i.TIM_UpdateRequestConfig), (24 bytes).
    Removing stm32f10x_i2c.o(i.I2C_ARPCmd), (24 bytes).
    Removing stm32f10x_i2c.o(i.I2C_AcknowledgeConfig), (24 bytes).
    Removing stm32f10x_i2c.o(i.I2C_CalculatePEC), (24 bytes).
    Removing stm32f10x_i2c.o(i.I2C_ClearFlag), (12 bytes).
    Removing stm32f10x_i2c.o(i.I2C_ClearITPendingBit), (12 bytes).
    Removing stm32f10x_i2c.o(i.I2C_DMACmd), (24 bytes).
    Removing stm32f10x_i2c.o(i.I2C_DMALastTransferCmd), (24 bytes).
    Removing stm32f10x_i2c.o(i.I2C_DeInit), (56 bytes).
    Removing stm32f10x_i2c.o(i.I2C_DualAddressCmd), (24 bytes).
    Removing stm32f10x_i2c.o(i.I2C_FastModeDutyCycleConfig), (28 bytes).
    Removing stm32f10x_i2c.o(i.I2C_GeneralCallCmd), (24 bytes).
    Removing stm32f10x_i2c.o(i.I2C_GetFlagStatus), (58 bytes).
    Removing stm32f10x_i2c.o(i.I2C_GetITStatus), (38 bytes).
    Removing stm32f10x_i2c.o(i.I2C_GetLastEvent), (26 bytes).
    Removing stm32f10x_i2c.o(i.I2C_GetPEC), (8 bytes).
    Removing stm32f10x_i2c.o(i.I2C_ITConfig), (18 bytes).
    Removing stm32f10x_i2c.o(i.I2C_NACKPositionConfig), (28 bytes).
    Removing stm32f10x_i2c.o(i.I2C_OwnAddress2Config), (22 bytes).
    Removing stm32f10x_i2c.o(i.I2C_PECPositionConfig), (28 bytes).
    Removing stm32f10x_i2c.o(i.I2C_ReadRegister), (22 bytes).
    Removing stm32f10x_i2c.o(i.I2C_ReceiveData), (8 bytes).
    Removing stm32f10x_i2c.o(i.I2C_SMBusAlertConfig), (28 bytes).
    Removing stm32f10x_i2c.o(i.I2C_SoftwareResetCmd), (22 bytes).
    Removing stm32f10x_i2c.o(i.I2C_StretchClockCmd), (24 bytes).
    Removing stm32f10x_i2c.o(i.I2C_StructInit), (30 bytes).
    Removing stm32f10x_i2c.o(i.I2C_TransmitPEC), (24 bytes).
    Removing main.o(i.Flash_WriteData), (42 bytes).
    Removing main.o(i.Flash_WriteDataArray), (64 bytes).
    Removing main.o(i.Lcd_Display), (108 bytes).
    Removing main.o(i.TurnOn_AllDevices), (72 bytes).
    Removing system_stm32f10x.o(i.SystemCoreClockUpdate), (164 bytes).
    Removing system_stm32f10x.o(.data), (20 bytes).
    Removing delay.o(i.SysTick24), (10 bytes).
    Removing delay.o(i.SysTick_Micros), (18 bytes).
    Removing button.o(i.Button_SetHoldTime), (4 bytes).
    Removing lcd_i2c.o(i.LCD_Clear), (16 bytes).
    Removing lcd_i2c.o(i.LCD_Send_String), (22 bytes).

271 unused section(s) (total 10494 bytes) removed from the image.

==============================================================================

Image Symbol Table

    Local Symbols

    Symbol Name                              Value     Ov Type        Size  Object(Section)

    ../clib/microlib/division.c              0x00000000   Number         0  uidiv.o ABSOLUTE
    ../clib/microlib/division.c              0x00000000   Number         0  uldiv.o ABSOLUTE
    ../clib/microlib/init/entry.s            0x00000000   Number         0  entry8a.o ABSOLUTE
    ../clib/microlib/init/entry.s            0x00000000   Number         0  entry7b.o ABSOLUTE
    ../clib/microlib/init/entry.s            0x00000000   Number         0  entry7a.o ABSOLUTE
    ../clib/microlib/init/entry.s            0x00000000   Number         0  entry11a.o ABSOLUTE
    ../clib/microlib/init/entry.s            0x00000000   Number         0  entry2.o ABSOLUTE
    ../clib/microlib/init/entry.s            0x00000000   Number         0  entry8b.o ABSOLUTE
    ../clib/microlib/init/entry.s            0x00000000   Number         0  entry10b.o ABSOLUTE
    ../clib/microlib/init/entry.s            0x00000000   Number         0  entry9a.o ABSOLUTE
    ../clib/microlib/init/entry.s            0x00000000   Number         0  entry9b.o ABSOLUTE
    ../clib/microlib/init/entry.s            0x00000000   Number         0  entry10a.o ABSOLUTE
    ../clib/microlib/init/entry.s            0x00000000   Number         0  entry.o ABSOLUTE
    ../clib/microlib/init/entry.s            0x00000000   Number         0  entry11b.o ABSOLUTE
    ../clib/microlib/init/entry.s            0x00000000   Number         0  entry5.o ABSOLUTE
    ../clib/microlib/longlong.c              0x00000000   Number         0  llushr.o ABSOLUTE
    ../clib/microlib/longlong.c              0x00000000   Number         0  llsshr.o ABSOLUTE
    ../clib/microlib/longlong.c              0x00000000   Number         0  llshl.o ABSOLUTE
    ../clib/microlib/printf/printf.c         0x00000000   Number         0  printfa.o ABSOLUTE
    ../clib/microlib/stdio/fputc.c           0x00000000   Number         0  fputc.o ABSOLUTE
    ../clib/microlib/stdio/semi.s            0x00000000   Number         0  semi.o ABSOLUTE
    ../clib/microlib/stdio/streams.c         0x00000000   Number         0  stdout.o ABSOLUTE
    ../clib/microlib/string/strlen.c         0x00000000   Number         0  strlen.o ABSOLUTE
    ../clib/microlib/stubs.s                 0x00000000   Number         0  iusefp.o ABSOLUTE
    ../clib/microlib/stubs.s                 0x00000000   Number         0  iusesemip.o ABSOLUTE
    ../fplib/microlib/d2f.c                  0x00000000   Number         0  d2f.o ABSOLUTE
    ../fplib/microlib/f2d.c                  0x00000000   Number         0  f2d.o ABSOLUTE
    ../fplib/microlib/fpadd.c                0x00000000   Number         0  dadd.o ABSOLUTE
    ../fplib/microlib/fpdiv.c                0x00000000   Number         0  ddiv.o ABSOLUTE
    ../fplib/microlib/fpepilogue.c           0x00000000   Number         0  fepilogue.o ABSOLUTE
    ../fplib/microlib/fpepilogue.c           0x00000000   Number         0  depilogue.o ABSOLUTE
    ../fplib/microlib/fpfix.c                0x00000000   Number         0  dfixul.o ABSOLUTE
    ../fplib/microlib/fpfix.c                0x00000000   Number         0  ffixui.o ABSOLUTE
    ../fplib/microlib/fpflt.c                0x00000000   Number         0  dflti.o ABSOLUTE
    ../fplib/microlib/fpmul.c                0x00000000   Number         0  dmul.o ABSOLUTE
    ..\..\lib\CMSIS\CM3\CoreSupport\core_cm3.c 0x00000000   Number         0  core_cm3.o ABSOLUTE
    ..\..\lib\CMSIS\CM3\DeviceSupport\ST\STM32F10x\startup\arm\startup_stm32f10x_md.s 0x00000000   Number         0  startup_stm32f10x_md.o ABSOLUTE
    ..\..\lib\STM32F10x_StdPeriph_Driver\src\misc.c 0x00000000   Number         0  misc.o ABSOLUTE
    ..\..\lib\STM32F10x_StdPeriph_Driver\src\stm32f10x_adc.c 0x00000000   Number         0  stm32f10x_adc.o ABSOLUTE
    ..\..\lib\STM32F10x_StdPeriph_Driver\src\stm32f10x_dma.c 0x00000000   Number         0  stm32f10x_dma.o ABSOLUTE
    ..\..\lib\STM32F10x_StdPeriph_Driver\src\stm32f10x_exti.c 0x00000000   Number         0  stm32f10x_exti.o ABSOLUTE
    ..\..\lib\STM32F10x_StdPeriph_Driver\src\stm32f10x_flash.c 0x00000000   Number         0  stm32f10x_flash.o ABSOLUTE
    ..\..\lib\STM32F10x_StdPeriph_Driver\src\stm32f10x_gpio.c 0x00000000   Number         0  stm32f10x_gpio.o ABSOLUTE
    ..\..\lib\STM32F10x_StdPeriph_Driver\src\stm32f10x_i2c.c 0x00000000   Number         0  stm32f10x_i2c.o ABSOLUTE
    ..\..\lib\STM32F10x_StdPeriph_Driver\src\stm32f10x_rcc.c 0x00000000   Number         0  stm32f10x_rcc.o ABSOLUTE
    ..\..\lib\STM32F10x_StdPeriph_Driver\src\stm32f10x_tim.c 0x00000000   Number         0  stm32f10x_tim.o ABSOLUTE
    ..\..\lib\STM32F10x_StdPeriph_Driver\src\stm32f10x_usart.c 0x00000000   Number         0  stm32f10x_usart.o ABSOLUTE
    ..\..\myLibrary\Button.c                 0x00000000   Number         0  button.o ABSOLUTE
    ..\..\myLibrary\DMA.c                    0x00000000   Number         0  dma.o ABSOLUTE
    ..\..\myLibrary\Delay.c                  0x00000000   Number         0  delay.o ABSOLUTE
    ..\..\myLibrary\LCD_I2C.c                0x00000000   Number         0  lcd_i2c.o ABSOLUTE
    ..\..\myLibrary\RingBuffer.c             0x00000000   Number         0  ringbuffer.o ABSOLUTE
    ..\..\myLibrary\Serial.c                 0x00000000   Number         0  serial.o ABSOLUTE
    ..\\..\\lib\\CMSIS\\CM3\\CoreSupport\\core_cm3.c 0x00000000   Number         0  core_cm3.o ABSOLUTE
    ..\main.c                                0x00000000   Number         0  main.o ABSOLUTE
    ..\stm32f10x_it.c                        0x00000000   Number         0  stm32f10x_it.o ABSOLUTE
    ..\system_stm32f10x.c                    0x00000000   Number         0  system_stm32f10x.o ABSOLUTE
    cdrcmple.s                               0x00000000   Number         0  cdrcmple.o ABSOLUTE
    cfrcmple.s                               0x00000000   Number         0  cfrcmple.o ABSOLUTE
    dc.s                                     0x00000000   Number         0  dc.o ABSOLUTE
    handlers.s                               0x00000000   Number         0  handlers.o ABSOLUTE
    init.s                                   0x00000000   Number         0  init.o ABSOLUTE
    RESET                                    0x08000000   Section      236  startup_stm32f10x_md.o(RESET)
    .ARM.Collect$$$$00000000                 0x080000ec   Section        0  entry.o(.ARM.Collect$$$$00000000)
    .ARM.Collect$$$$00000001                 0x080000ec   Section        4  entry2.o(.ARM.Collect$$$$00000001)
    .ARM.Collect$$$$00000004                 0x080000f0   Section        4  entry5.o(.ARM.Collect$$$$00000004)
    .ARM.Collect$$$$00000008                 0x080000f4   Section        0  entry7b.o(.ARM.Collect$$$$00000008)
    .ARM.Collect$$$$0000000A                 0x080000f4   Section        0  entry8b.o(.ARM.Collect$$$$0000000A)
    .ARM.Collect$$$$0000000B                 0x080000f4   Section        8  entry9a.o(.ARM.Collect$$$$0000000B)
    .ARM.Collect$$$$0000000D                 0x080000fc   Section        0  entry10a.o(.ARM.Collect$$$$0000000D)
    .ARM.Collect$$$$0000000F                 0x080000fc   Section        0  entry11a.o(.ARM.Collect$$$$0000000F)
    .ARM.Collect$$$$00002712                 0x080000fc   Section        4  entry2.o(.ARM.Collect$$$$00002712)
    __lit__00000000                          0x080000fc   Data           4  entry2.o(.ARM.Collect$$$$00002712)
    .text                                    0x08000100   Section       36  startup_stm32f10x_md.o(.text)
    .text                                    0x08000124   Section        0  uldiv.o(.text)
    .text                                    0x08000186   Section        0  strlen.o(.text)
    .text                                    0x08000194   Section        0  dadd.o(.text)
    .text                                    0x080002e2   Section        0  dmul.o(.text)
    .text                                    0x080003c6   Section        0  ddiv.o(.text)
    .text                                    0x080004a4   Section        0  dflti.o(.text)
    .text                                    0x080004c6   Section        0  ffixui.o(.text)
    .text                                    0x080004ee   Section        0  f2d.o(.text)
    .text                                    0x08000514   Section        0  d2f.o(.text)
    .text                                    0x0800054c   Section       20  cfrcmple.o(.text)
    .text                                    0x08000560   Section        0  uidiv.o(.text)
    .text                                    0x0800058c   Section        0  llshl.o(.text)
    .text                                    0x080005aa   Section        0  llushr.o(.text)
    .text                                    0x080005ca   Section        0  llsshr.o(.text)
    .text                                    0x080005ee   Section        0  fepilogue.o(.text)
    .text                                    0x080005ee   Section        0  iusefp.o(.text)
    .text                                    0x0800065c   Section        0  depilogue.o(.text)
    .text                                    0x08000716   Section        0  dfixul.o(.text)
    .text                                    0x08000748   Section       48  cdrcmple.o(.text)
    .text                                    0x08000778   Section       36  init.o(.text)
    i.ADC_Cmd                                0x0800079c   Section        0  stm32f10x_adc.o(i.ADC_Cmd)
    i.ADC_DMACmd                             0x080007b2   Section        0  stm32f10x_adc.o(i.ADC_DMACmd)
    i.ADC_GetCalibrationStatus               0x080007c8   Section        0  stm32f10x_adc.o(i.ADC_GetCalibrationStatus)
    i.ADC_GetResetCalibrationStatus          0x080007dc   Section        0  stm32f10x_adc.o(i.ADC_GetResetCalibrationStatus)
    i.ADC_Init                               0x080007f0   Section        0  stm32f10x_adc.o(i.ADC_Init)
    i.ADC_Multi_Channel_Config               0x08000840   Section        0  dma.o(i.ADC_Multi_Channel_Config)
    i.ADC_RegularChannelConfig               0x08000910   Section        0  stm32f10x_adc.o(i.ADC_RegularChannelConfig)
    i.ADC_ResetCalibration                   0x080009c8   Section        0  stm32f10x_adc.o(i.ADC_ResetCalibration)
    i.ADC_SoftwareStartConvCmd               0x080009d2   Section        0  stm32f10x_adc.o(i.ADC_SoftwareStartConvCmd)
    i.ADC_StartCalibration                   0x080009e8   Section        0  stm32f10x_adc.o(i.ADC_StartCalibration)
    i.BusFault_Handler                       0x080009f2   Section        0  stm32f10x_it.o(i.BusFault_Handler)
    i.Button_Config                          0x080009f8   Section        0  button.o(i.Button_Config)
    i.Button_OnHold                          0x08000a64   Section        0  button.o(i.Button_OnHold)
    i.Button_OnPress                         0x08000a8c   Section        0  button.o(i.Button_OnPress)
    i.Button_Update                          0x08000ab4   Section        0  button.o(i.Button_Update)
    i.DMA_Cmd                                0x08000b4c   Section        0  stm32f10x_dma.o(i.DMA_Cmd)
    i.DMA_DeInit                             0x08000b64   Section        0  stm32f10x_dma.o(i.DMA_DeInit)
    i.DMA_Init                               0x08000cb0   Section        0  stm32f10x_dma.o(i.DMA_Init)
    i.DMA_Multi_Channel_Config               0x08000cec   Section        0  dma.o(i.DMA_Multi_Channel_Config)
    i.DMA_Start                              0x08000d44   Section        0  dma.o(i.DMA_Start)
    i.DebugMon_Handler                       0x08000d54   Section        0  stm32f10x_it.o(i.DebugMon_Handler)
    i.Flash_ReadData                         0x08000d56   Section        0  main.o(i.Flash_ReadData)
    i.Flash_SendDataToArray                  0x08000d5c   Section        0  main.o(i.Flash_SendDataToArray)
    i.GPIO_Init                              0x08000d8c   Section        0  stm32f10x_gpio.o(i.GPIO_Init)
    i.GPIO_ReadInputDataBit                  0x08000ea2   Section        0  stm32f10x_gpio.o(i.GPIO_ReadInputDataBit)
    i.GPIO_WriteBit                          0x08000eb4   Section        0  stm32f10x_gpio.o(i.GPIO_WriteBit)
    i.Get_Amperage                           0x08000ec0   Section        0  main.o(i.Get_Amperage)
    i.Get_SystemMode                         0x08000f2c   Section        0  main.o(i.Get_SystemMode)
    i.Get_Voltage                            0x08000f98   Section        0  main.o(i.Get_Voltage)
    i.HardFault_Handler                      0x08001028   Section        0  stm32f10x_it.o(i.HardFault_Handler)
    i.I2C_CheckEvent                         0x0800102c   Section        0  stm32f10x_i2c.o(i.I2C_CheckEvent)
    i.I2C_Cmd                                0x08001056   Section        0  stm32f10x_i2c.o(i.I2C_Cmd)
    i.I2C_GenerateSTART                      0x0800106e   Section        0  stm32f10x_i2c.o(i.I2C_GenerateSTART)
    i.I2C_GenerateSTOP                       0x08001086   Section        0  stm32f10x_i2c.o(i.I2C_GenerateSTOP)
    i.I2C_Init                               0x080010a0   Section        0  stm32f10x_i2c.o(i.I2C_Init)
    i.I2C_Send7bitAddress                    0x0800118c   Section        0  stm32f10x_i2c.o(i.I2C_Send7bitAddress)
    i.I2C_SendData                           0x0800119e   Section        0  stm32f10x_i2c.o(i.I2C_SendData)
    i.LCD_Cmd_Write                          0x080011a2   Section        0  lcd_i2c.o(i.LCD_Cmd_Write)
    i.LCD_Data_Write                         0x080011e4   Section        0  lcd_i2c.o(i.LCD_Data_Write)
    i.LCD_Gotoxy                             0x0800122a   Section        0  lcd_i2c.o(i.LCD_Gotoxy)
    i.LCD_I2C_Configuration                  0x08001274   Section        0  lcd_i2c.o(i.LCD_I2C_Configuration)
    i.LCD_Init                               0x080012e8   Section        0  lcd_i2c.o(i.LCD_Init)
    i.LCD_Printf                             0x08001340   Section        0  lcd_i2c.o(i.LCD_Printf)
    i.LCD_Write_Byte                         0x08001380   Section        0  lcd_i2c.o(i.LCD_Write_Byte)
    i.MemManage_Handler                      0x080013e0   Section        0  stm32f10x_it.o(i.MemManage_Handler)
    i.NMI_Handler                            0x080013e4   Section        0  stm32f10x_it.o(i.NMI_Handler)
    i.NVIC_Init                              0x080013e8   Section        0  misc.o(i.NVIC_Init)
    i.NVIC_PriorityGroupConfig               0x08001458   Section        0  misc.o(i.NVIC_PriorityGroupConfig)
    i.PendSV_Handler                         0x0800146c   Section        0  stm32f10x_it.o(i.PendSV_Handler)
    i.RB_Available                           0x0800146e   Section        0  ringbuffer.o(i.RB_Available)
    i.RB_Init                                0x0800149c   Section        0  ringbuffer.o(i.RB_Init)
    i.RB_Pop                                 0x080014a8   Section        0  ringbuffer.o(i.RB_Pop)
    i.RB_Push                                0x080014de   Section        0  ringbuffer.o(i.RB_Push)
    i.RCC_AHBPeriphClockCmd                  0x08001510   Section        0  stm32f10x_rcc.o(i.RCC_AHBPeriphClockCmd)
    i.RCC_APB1PeriphClockCmd                 0x08001530   Section        0  stm32f10x_rcc.o(i.RCC_APB1PeriphClockCmd)
    i.RCC_APB2PeriphClockCmd                 0x08001550   Section        0  stm32f10x_rcc.o(i.RCC_APB2PeriphClockCmd)
    i.RCC_GetClocksFreq                      0x08001570   Section        0  stm32f10x_rcc.o(i.RCC_GetClocksFreq)
    i.Relay_Config                           0x08001644   Section        0  main.o(i.Relay_Config)
    i.SVC_Handler                            0x08001670   Section        0  stm32f10x_it.o(i.SVC_Handler)
    i.Serial_Available                       0x08001674   Section        0  serial.o(i.Serial_Available)
    i.Serial_Begin                           0x08001688   Section        0  serial.o(i.Serial_Begin)
    i.Serial_Printf                          0x08001770   Section        0  serial.o(i.Serial_Printf)
    i.Serial_Read                            0x0800179c   Section        0  serial.o(i.Serial_Read)
    i.SetSysClock                            0x080017b0   Section        0  system_stm32f10x.o(i.SetSysClock)
    SetSysClock                              0x080017b1   Thumb Code     8  system_stm32f10x.o(i.SetSysClock)
    i.SetSysClockTo72                        0x080017b8   Section        0  system_stm32f10x.o(i.SetSysClockTo72)
    SetSysClockTo72                          0x080017b9   Thumb Code   214  system_stm32f10x.o(i.SetSysClockTo72)
    i.SysTick32                              0x08001898   Section        0  delay.o(i.SysTick32)
    i.SysTick64                              0x080018ac   Section        0  delay.o(i.SysTick64)
    i.SysTick_Handler                        0x080018d0   Section        0  delay.o(i.SysTick_Handler)
    i.SysTick_Init                           0x080018e0   Section        0  delay.o(i.SysTick_Init)
    i.SysTick_Millis                         0x080018f0   Section        0  delay.o(i.SysTick_Millis)
    i.SystemInit                             0x08001908   Section        0  system_stm32f10x.o(i.SystemInit)
    i.TurnOff_AllDevices                     0x08001968   Section        0  main.o(i.TurnOff_AllDevices)
    i.TurnOff_ModeButton1                    0x080019ac   Section        0  main.o(i.TurnOff_ModeButton1)
    i.TurnOn_ModeButton1                     0x08001a18   Section        0  main.o(i.TurnOn_ModeButton1)
    i.UART_SendChar                          0x08001a80   Section        0  serial.o(i.UART_SendChar)
    i.UART_SendString                        0x08001aa2   Section        0  serial.o(i.UART_SendString)
    i.USART1_IRQHandler                      0x08001abc   Section        0  serial.o(i.USART1_IRQHandler)
    i.USART_Cmd                              0x08001ad8   Section        0  stm32f10x_usart.o(i.USART_Cmd)
    i.USART_GetChar                          0x08001af0   Section        0  serial.o(i.USART_GetChar)
    i.USART_GetFlagStatus                    0x08001b10   Section        0  stm32f10x_usart.o(i.USART_GetFlagStatus)
    i.USART_ITConfig                         0x08001b2a   Section        0  stm32f10x_usart.o(i.USART_ITConfig)
    i.USART_Init                             0x08001b74   Section        0  stm32f10x_usart.o(i.USART_Init)
    i.USART_SendData                         0x08001c4c   Section        0  stm32f10x_usart.o(i.USART_SendData)
    i.UsageFault_Handler                     0x08001c54   Section        0  stm32f10x_it.o(i.UsageFault_Handler)
    i.__0vsprintf                            0x08001c58   Section        0  printfa.o(i.__0vsprintf)
    i.__scatterload_copy                     0x08001c7c   Section       14  handlers.o(i.__scatterload_copy)
    i.__scatterload_null                     0x08001c8a   Section        2  handlers.o(i.__scatterload_null)
    i.__scatterload_zeroinit                 0x08001c8c   Section       14  handlers.o(i.__scatterload_zeroinit)
    i._fp_digits                             0x08001c9c   Section        0  printfa.o(i._fp_digits)
    _fp_digits                               0x08001c9d   Thumb Code   366  printfa.o(i._fp_digits)
    i._printf_core                           0x08001e20   Section        0  printfa.o(i._printf_core)
    _printf_core                             0x08001e21   Thumb Code  1744  printfa.o(i._printf_core)
    i._printf_post_padding                   0x080024fc   Section        0  printfa.o(i._printf_post_padding)
    _printf_post_padding                     0x080024fd   Thumb Code    36  printfa.o(i._printf_post_padding)
    i._printf_pre_padding                    0x08002520   Section        0  printfa.o(i._printf_pre_padding)
    _printf_pre_padding                      0x08002521   Thumb Code    46  printfa.o(i._printf_pre_padding)
    i._sputc                                 0x0800254e   Section        0  printfa.o(i._sputc)
    _sputc                                   0x0800254f   Thumb Code    10  printfa.o(i._sputc)
    i.delay_ms                               0x08002558   Section        0  delay.o(i.delay_ms)
    i.delay_us                               0x0800256e   Section        0  delay.o(i.delay_us)
    i.getButtonMode                          0x0800258c   Section        0  main.o(i.getButtonMode)
    i.main                                   0x080025f8   Section        0  main.o(i.main)
    .data                                    0x20000000   Section       20  stm32f10x_rcc.o(.data)
    APBAHBPrescTable                         0x20000000   Data          16  stm32f10x_rcc.o(.data)
    ADCPrescTable                            0x20000010   Data           4  stm32f10x_rcc.o(.data)
    .data                                    0x20000014   Section       14  main.o(.data)
    .data                                    0x20000024   Section        4  delay.o(.data)
    .data                                    0x20000028   Section        8  serial.o(.data)
    .bss                                     0x20000030   Section      120  main.o(.bss)
    .bss                                     0x200000a8   Section       64  serial.o(.bss)
    STACK                                    0x200000e8   Section     1024  startup_stm32f10x_md.o(STACK)

    Global Symbols

    Symbol Name                              Value     Ov Type        Size  Object(Section)

    BuildAttributes$$THM_ISAv4$P$D$K$B$S$PE$A:L22UL41UL21$X:L11$S22US41US21$IEEE1$IW$USESV6$~STKCKD$USESV7$~SHL$OTIME$ROPI$EBA8$MICROLIB$REQ8$PRES8$EABIv2 0x00000000   Number         0  anon$$obj.o ABSOLUTE
    __ARM_use_no_argv                        0x00000000   Number         0  main.o ABSOLUTE
    __cpp_initialize__aeabi_                  - Undefined Weak Reference
    __cxa_finalize                            - Undefined Weak Reference
    __decompress                              - Undefined Weak Reference
    _clock_init                               - Undefined Weak Reference
    _microlib_exit                            - Undefined Weak Reference
    __Vectors_Size                           0x000000ec   Number         0  startup_stm32f10x_md.o ABSOLUTE
    __Vectors                                0x08000000   Data           4  startup_stm32f10x_md.o(RESET)
    __Vectors_End                            0x080000ec   Data           0  startup_stm32f10x_md.o(RESET)
    __main                                   0x080000ed   Thumb Code     0  entry.o(.ARM.Collect$$$$00000000)
    _main_stk                                0x080000ed   Thumb Code     0  entry2.o(.ARM.Collect$$$$00000001)
    _main_scatterload                        0x080000f1   Thumb Code     0  entry5.o(.ARM.Collect$$$$00000004)
    __main_after_scatterload                 0x080000f5   Thumb Code     0  entry5.o(.ARM.Collect$$$$00000004)
    _main_clock                              0x080000f5   Thumb Code     0  entry7b.o(.ARM.Collect$$$$00000008)
    _main_cpp_init                           0x080000f5   Thumb Code     0  entry8b.o(.ARM.Collect$$$$0000000A)
    _main_init                               0x080000f5   Thumb Code     0  entry9a.o(.ARM.Collect$$$$0000000B)
    __rt_final_cpp                           0x080000fd   Thumb Code     0  entry10a.o(.ARM.Collect$$$$0000000D)
    __rt_final_exit                          0x080000fd   Thumb Code     0  entry11a.o(.ARM.Collect$$$$0000000F)
    Reset_Handler                            0x08000101   Thumb Code     8  startup_stm32f10x_md.o(.text)
    ADC1_2_IRQHandler                        0x0800011b   Thumb Code     0  startup_stm32f10x_md.o(.text)
    CAN1_RX1_IRQHandler                      0x0800011b   Thumb Code     0  startup_stm32f10x_md.o(.text)
    CAN1_SCE_IRQHandler                      0x0800011b   Thumb Code     0  startup_stm32f10x_md.o(.text)
    DMA1_Channel1_IRQHandler                 0x0800011b   Thumb Code     0  startup_stm32f10x_md.o(.text)
    DMA1_Channel2_IRQHandler                 0x0800011b   Thumb Code     0  startup_stm32f10x_md.o(.text)
    DMA1_Channel3_IRQHandler                 0x0800011b   Thumb Code     0  startup_stm32f10x_md.o(.text)
    DMA1_Channel4_IRQHandler                 0x0800011b   Thumb Code     0  startup_stm32f10x_md.o(.text)
    DMA1_Channel5_IRQHandler                 0x0800011b   Thumb Code     0  startup_stm32f10x_md.o(.text)
    DMA1_Channel6_IRQHandler                 0x0800011b   Thumb Code     0  startup_stm32f10x_md.o(.text)
    DMA1_Channel7_IRQHandler                 0x0800011b   Thumb Code     0  startup_stm32f10x_md.o(.text)
    EXTI0_IRQHandler                         0x0800011b   Thumb Code     0  startup_stm32f10x_md.o(.text)
    EXTI15_10_IRQHandler                     0x0800011b   Thumb Code     0  startup_stm32f10x_md.o(.text)
    EXTI1_IRQHandler                         0x0800011b   Thumb Code     0  startup_stm32f10x_md.o(.text)
    EXTI2_IRQHandler                         0x0800011b   Thumb Code     0  startup_stm32f10x_md.o(.text)
    EXTI3_IRQHandler                         0x0800011b   Thumb Code     0  startup_stm32f10x_md.o(.text)
    EXTI4_IRQHandler                         0x0800011b   Thumb Code     0  startup_stm32f10x_md.o(.text)
    EXTI9_5_IRQHandler                       0x0800011b   Thumb Code     0  startup_stm32f10x_md.o(.text)
    FLASH_IRQHandler                         0x0800011b   Thumb Code     0  startup_stm32f10x_md.o(.text)
    I2C1_ER_IRQHandler                       0x0800011b   Thumb Code     0  startup_stm32f10x_md.o(.text)
    I2C1_EV_IRQHandler                       0x0800011b   Thumb Code     0  startup_stm32f10x_md.o(.text)
    I2C2_ER_IRQHandler                       0x0800011b   Thumb Code     0  startup_stm32f10x_md.o(.text)
    I2C2_EV_IRQHandler                       0x0800011b   Thumb Code     0  startup_stm32f10x_md.o(.text)
    PVD_IRQHandler                           0x0800011b   Thumb Code     0  startup_stm32f10x_md.o(.text)
    RCC_IRQHandler                           0x0800011b   Thumb Code     0  startup_stm32f10x_md.o(.text)
    RTCAlarm_IRQHandler                      0x0800011b   Thumb Code     0  startup_stm32f10x_md.o(.text)
    RTC_IRQHandler                           0x0800011b   Thumb Code     0  startup_stm32f10x_md.o(.text)
    SPI1_IRQHandler                          0x0800011b   Thumb Code     0  startup_stm32f10x_md.o(.text)
    SPI2_IRQHandler                          0x0800011b   Thumb Code     0  startup_stm32f10x_md.o(.text)
    TAMPER_IRQHandler                        0x0800011b   Thumb Code     0  startup_stm32f10x_md.o(.text)
    TIM1_BRK_IRQHandler                      0x0800011b   Thumb Code     0  startup_stm32f10x_md.o(.text)
    TIM1_CC_IRQHandler                       0x0800011b   Thumb Code     0  startup_stm32f10x_md.o(.text)
    TIM1_TRG_COM_IRQHandler                  0x0800011b   Thumb Code     0  startup_stm32f10x_md.o(.text)
    TIM1_UP_IRQHandler                       0x0800011b   Thumb Code     0  startup_stm32f10x_md.o(.text)
    TIM2_IRQHandler                          0x0800011b   Thumb Code     0  startup_stm32f10x_md.o(.text)
    TIM3_IRQHandler                          0x0800011b   Thumb Code     0  startup_stm32f10x_md.o(.text)
    TIM4_IRQHandler                          0x0800011b   Thumb Code     0  startup_stm32f10x_md.o(.text)
    USART2_IRQHandler                        0x0800011b   Thumb Code     0  startup_stm32f10x_md.o(.text)
    USART3_IRQHandler                        0x0800011b   Thumb Code     0  startup_stm32f10x_md.o(.text)
    USBWakeUp_IRQHandler                     0x0800011b   Thumb Code     0  startup_stm32f10x_md.o(.text)
    USB_HP_CAN1_TX_IRQHandler                0x0800011b   Thumb Code     0  startup_stm32f10x_md.o(.text)
    USB_LP_CAN1_RX0_IRQHandler               0x0800011b   Thumb Code     0  startup_stm32f10x_md.o(.text)
    WWDG_IRQHandler                          0x0800011b   Thumb Code     0  startup_stm32f10x_md.o(.text)
    __aeabi_uldivmod                         0x08000125   Thumb Code    98  uldiv.o(.text)
    strlen                                   0x08000187   Thumb Code    14  strlen.o(.text)
    __aeabi_dadd                             0x08000195   Thumb Code   322  dadd.o(.text)
    __aeabi_dsub                             0x080002d7   Thumb Code     6  dadd.o(.text)
    __aeabi_drsub                            0x080002dd   Thumb Code     6  dadd.o(.text)
    __aeabi_dmul                             0x080002e3   Thumb Code   228  dmul.o(.text)
    __aeabi_ddiv                             0x080003c7   Thumb Code   222  ddiv.o(.text)
    __aeabi_i2d                              0x080004a5   Thumb Code    34  dflti.o(.text)
    __aeabi_f2uiz                            0x080004c7   Thumb Code    40  ffixui.o(.text)
    __aeabi_f2d                              0x080004ef   Thumb Code    38  f2d.o(.text)
    __aeabi_d2f                              0x08000515   Thumb Code    56  d2f.o(.text)
    __aeabi_cfrcmple                         0x0800054d   Thumb Code    20  cfrcmple.o(.text)
    __aeabi_uidiv                            0x08000561   Thumb Code     0  uidiv.o(.text)
    __aeabi_uidivmod                         0x08000561   Thumb Code    44  uidiv.o(.text)
    __aeabi_llsl                             0x0800058d   Thumb Code    30  llshl.o(.text)
    _ll_shift_l                              0x0800058d   Thumb Code     0  llshl.o(.text)
    __aeabi_llsr                             0x080005ab   Thumb Code    32  llushr.o(.text)
    _ll_ushift_r                             0x080005ab   Thumb Code     0  llushr.o(.text)
    __aeabi_lasr                             0x080005cb   Thumb Code    36  llsshr.o(.text)
    _ll_sshift_r                             0x080005cb   Thumb Code     0  llsshr.o(.text)
    __I$use$fp                               0x080005ef   Thumb Code     0  iusefp.o(.text)
    _float_round                             0x080005ef   Thumb Code    18  fepilogue.o(.text)
    _float_epilogue                          0x08000601   Thumb Code    92  fepilogue.o(.text)
    _double_round                            0x0800065d   Thumb Code    30  depilogue.o(.text)
    _double_epilogue                         0x0800067b   Thumb Code   156  depilogue.o(.text)
    __aeabi_d2ulz                            0x08000717   Thumb Code    48  dfixul.o(.text)
    __aeabi_cdrcmple                         0x08000749   Thumb Code    48  cdrcmple.o(.text)
    __scatterload                            0x08000779   Thumb Code    28  init.o(.text)
    __scatterload_rt2                        0x08000779   Thumb Code     0  init.o(.text)
    ADC_Cmd                                  0x0800079d   Thumb Code    22  stm32f10x_adc.o(i.ADC_Cmd)
    ADC_DMACmd                               0x080007b3   Thumb Code    22  stm32f10x_adc.o(i.ADC_DMACmd)
    ADC_GetCalibrationStatus                 0x080007c9   Thumb Code    20  stm32f10x_adc.o(i.ADC_GetCalibrationStatus)
    ADC_GetResetCalibrationStatus            0x080007dd   Thumb Code    20  stm32f10x_adc.o(i.ADC_GetResetCalibrationStatus)
    ADC_Init                                 0x080007f1   Thumb Code    70  stm32f10x_adc.o(i.ADC_Init)
    ADC_Multi_Channel_Config                 0x08000841   Thumb Code   198  dma.o(i.ADC_Multi_Channel_Config)
    ADC_RegularChannelConfig                 0x08000911   Thumb Code   184  stm32f10x_adc.o(i.ADC_RegularChannelConfig)
    ADC_ResetCalibration                     0x080009c9   Thumb Code    10  stm32f10x_adc.o(i.ADC_ResetCalibration)
    ADC_SoftwareStartConvCmd                 0x080009d3   Thumb Code    22  stm32f10x_adc.o(i.ADC_SoftwareStartConvCmd)
    ADC_StartCalibration                     0x080009e9   Thumb Code    10  stm32f10x_adc.o(i.ADC_StartCalibration)
    BusFault_Handler                         0x080009f3   Thumb Code     4  stm32f10x_it.o(i.BusFault_Handler)
    Button_Config                            0x080009f9   Thumb Code    96  button.o(i.Button_Config)
    Button_OnHold                            0x08000a65   Thumb Code    40  button.o(i.Button_OnHold)
    Button_OnPress                           0x08000a8d   Thumb Code    40  button.o(i.Button_OnPress)
    Button_Update                            0x08000ab5   Thumb Code   152  button.o(i.Button_Update)
    DMA_Cmd                                  0x08000b4d   Thumb Code    24  stm32f10x_dma.o(i.DMA_Cmd)
    DMA_DeInit                               0x08000b65   Thumb Code   324  stm32f10x_dma.o(i.DMA_DeInit)
    DMA_Init                                 0x08000cb1   Thumb Code    60  stm32f10x_dma.o(i.DMA_Init)
    DMA_Multi_Channel_Config                 0x08000ced   Thumb Code    80  dma.o(i.DMA_Multi_Channel_Config)
    DMA_Start                                0x08000d45   Thumb Code    12  dma.o(i.DMA_Start)
    DebugMon_Handler                         0x08000d55   Thumb Code     2  stm32f10x_it.o(i.DebugMon_Handler)
    Flash_ReadData                           0x08000d57   Thumb Code     6  main.o(i.Flash_ReadData)
    Flash_SendDataToArray                    0x08000d5d   Thumb Code    40  main.o(i.Flash_SendDataToArray)
    GPIO_Init                                0x08000d8d   Thumb Code   278  stm32f10x_gpio.o(i.GPIO_Init)
    GPIO_ReadInputDataBit                    0x08000ea3   Thumb Code    18  stm32f10x_gpio.o(i.GPIO_ReadInputDataBit)
    GPIO_WriteBit                            0x08000eb5   Thumb Code    10  stm32f10x_gpio.o(i.GPIO_WriteBit)
    Get_Amperage                             0x08000ec1   Thumb Code    86  main.o(i.Get_Amperage)
    Get_SystemMode                           0x08000f2d   Thumb Code    98  main.o(i.Get_SystemMode)
    Get_Voltage                              0x08000f99   Thumb Code   114  main.o(i.Get_Voltage)
    HardFault_Handler                        0x08001029   Thumb Code     4  stm32f10x_it.o(i.HardFault_Handler)
    I2C_CheckEvent                           0x0800102d   Thumb Code    42  stm32f10x_i2c.o(i.I2C_CheckEvent)
    I2C_Cmd                                  0x08001057   Thumb Code    24  stm32f10x_i2c.o(i.I2C_Cmd)
    I2C_GenerateSTART                        0x0800106f   Thumb Code    24  stm32f10x_i2c.o(i.I2C_GenerateSTART)
    I2C_GenerateSTOP                         0x08001087   Thumb Code    24  stm32f10x_i2c.o(i.I2C_GenerateSTOP)
    I2C_Init                                 0x080010a1   Thumb Code   222  stm32f10x_i2c.o(i.I2C_Init)
    I2C_Send7bitAddress                      0x0800118d   Thumb Code    18  stm32f10x_i2c.o(i.I2C_Send7bitAddress)
    I2C_SendData                             0x0800119f   Thumb Code     4  stm32f10x_i2c.o(i.I2C_SendData)
    LCD_Cmd_Write                            0x080011a3   Thumb Code    66  lcd_i2c.o(i.LCD_Cmd_Write)
    LCD_Data_Write                           0x080011e5   Thumb Code    70  lcd_i2c.o(i.LCD_Data_Write)
    LCD_Gotoxy                               0x0800122b   Thumb Code    74  lcd_i2c.o(i.LCD_Gotoxy)
    LCD_I2C_Configuration                    0x08001275   Thumb Code   104  lcd_i2c.o(i.LCD_I2C_Configuration)
    LCD_Init                                 0x080012e9   Thumb Code    88  lcd_i2c.o(i.LCD_Init)
    LCD_Printf                               0x08001341   Thumb Code    62  lcd_i2c.o(i.LCD_Printf)
    LCD_Write_Byte                           0x08001381   Thumb Code    84  lcd_i2c.o(i.LCD_Write_Byte)
    MemManage_Handler                        0x080013e1   Thumb Code     4  stm32f10x_it.o(i.MemManage_Handler)
    NMI_Handler                              0x080013e5   Thumb Code     2  stm32f10x_it.o(i.NMI_Handler)
    NVIC_Init                                0x080013e9   Thumb Code   100  misc.o(i.NVIC_Init)
    NVIC_PriorityGroupConfig                 0x08001459   Thumb Code    10  misc.o(i.NVIC_PriorityGroupConfig)
    PendSV_Handler                           0x0800146d   Thumb Code     2  stm32f10x_it.o(i.PendSV_Handler)
    RB_Available                             0x0800146f   Thumb Code    46  ringbuffer.o(i.RB_Available)
    RB_Init                                  0x0800149d   Thumb Code    12  ringbuffer.o(i.RB_Init)
    RB_Pop                                   0x080014a9   Thumb Code    54  ringbuffer.o(i.RB_Pop)
    RB_Push                                  0x080014df   Thumb Code    48  ringbuffer.o(i.RB_Push)
    RCC_AHBPeriphClockCmd                    0x08001511   Thumb Code    26  stm32f10x_rcc.o(i.RCC_AHBPeriphClockCmd)
    RCC_APB1PeriphClockCmd                   0x08001531   Thumb Code    26  stm32f10x_rcc.o(i.RCC_APB1PeriphClockCmd)
    RCC_APB2PeriphClockCmd                   0x08001551   Thumb Code    26  stm32f10x_rcc.o(i.RCC_APB2PeriphClockCmd)
    RCC_GetClocksFreq                        0x08001571   Thumb Code   192  stm32f10x_rcc.o(i.RCC_GetClocksFreq)
    Relay_Config                             0x08001645   Thumb Code    40  main.o(i.Relay_Config)
    SVC_Handler                              0x08001671   Thumb Code     2  stm32f10x_it.o(i.SVC_Handler)
    Serial_Available                         0x08001675   Thumb Code    14  serial.o(i.Serial_Available)
    Serial_Begin                             0x08001689   Thumb Code   206  serial.o(i.Serial_Begin)
    Serial_Printf                            0x08001771   Thumb Code    38  serial.o(i.Serial_Printf)
    Serial_Read                              0x0800179d   Thumb Code    16  serial.o(i.Serial_Read)
    SysTick32                                0x08001899   Thumb Code    16  delay.o(i.SysTick32)
    SysTick64                                0x080018ad   Thumb Code    30  delay.o(i.SysTick64)
    SysTick_Handler                          0x080018d1   Thumb Code    12  delay.o(i.SysTick_Handler)
    SysTick_Init                             0x080018e1   Thumb Code    16  delay.o(i.SysTick_Init)
    SysTick_Millis                           0x080018f1   Thumb Code    18  delay.o(i.SysTick_Millis)
    SystemInit                               0x08001909   Thumb Code    78  system_stm32f10x.o(i.SystemInit)
    TurnOff_AllDevices                       0x08001969   Thumb Code    64  main.o(i.TurnOff_AllDevices)
    TurnOff_ModeButton1                      0x080019ad   Thumb Code   104  main.o(i.TurnOff_ModeButton1)
    TurnOn_ModeButton1                       0x08001a19   Thumb Code   100  main.o(i.TurnOn_ModeButton1)
    UART_SendChar                            0x08001a81   Thumb Code    34  serial.o(i.UART_SendChar)
    UART_SendString                          0x08001aa3   Thumb Code    26  serial.o(i.UART_SendString)
    USART1_IRQHandler                        0x08001abd   Thumb Code    20  serial.o(i.USART1_IRQHandler)
    USART_Cmd                                0x08001ad9   Thumb Code    24  stm32f10x_usart.o(i.USART_Cmd)
    USART_GetChar                            0x08001af1   Thumb Code    28  serial.o(i.USART_GetChar)
    USART_GetFlagStatus                      0x08001b11   Thumb Code    26  stm32f10x_usart.o(i.USART_GetFlagStatus)
    USART_ITConfig                           0x08001b2b   Thumb Code    74  stm32f10x_usart.o(i.USART_ITConfig)
    USART_Init                               0x08001b75   Thumb Code   210  stm32f10x_usart.o(i.USART_Init)
    USART_SendData                           0x08001c4d   Thumb Code     8  stm32f10x_usart.o(i.USART_SendData)
    UsageFault_Handler                       0x08001c55   Thumb Code     4  stm32f10x_it.o(i.UsageFault_Handler)
    __0vsprintf                              0x08001c59   Thumb Code    30  printfa.o(i.__0vsprintf)
    __1vsprintf                              0x08001c59   Thumb Code     0  printfa.o(i.__0vsprintf)
    __2vsprintf                              0x08001c59   Thumb Code     0  printfa.o(i.__0vsprintf)
    __c89vsprintf                            0x08001c59   Thumb Code     0  printfa.o(i.__0vsprintf)
    vsprintf                                 0x08001c59   Thumb Code     0  printfa.o(i.__0vsprintf)
    __scatterload_copy                       0x08001c7d   Thumb Code    14  handlers.o(i.__scatterload_copy)
    __scatterload_null                       0x08001c8b   Thumb Code     2  handlers.o(i.__scatterload_null)
    __scatterload_zeroinit                   0x08001c8d   Thumb Code    14  handlers.o(i.__scatterload_zeroinit)
    delay_ms                                 0x08002559   Thumb Code    22  delay.o(i.delay_ms)
    delay_us                                 0x0800256f   Thumb Code    30  delay.o(i.delay_us)
    getButtonMode                            0x0800258d   Thumb Code    86  main.o(i.getButtonMode)
    main                                     0x080025f9   Thumb Code   450  main.o(i.main)
    Region$$Table$$Base                      0x08002824   Number         0  anon$$obj.o(Region$$Table)
    Region$$Table$$Limit                     0x08002844   Number         0  anon$$obj.o(Region$$Table)
    g_AdcValueArr                            0x20000014   Data           6  main.o(.data)
    g_TimeMs                                 0x2000001c   Data           4  main.o(.data)
    g_StatusButton1                          0x20000020   Data           1  main.o(.data)
    g_Read                                   0x20000021   Data           1  main.o(.data)
    SysTickCounter                           0x20000024   Data           4  delay.o(.data)
    ring_buffer                              0x20000028   Data           8  serial.o(.data)
    g_SetTimeModeArr                         0x20000030   Data          24  main.o(.bss)
    button1                                  0x20000048   Data          24  main.o(.bss)
    button2                                  0x20000060   Data          24  main.o(.bss)
    button3                                  0x20000078   Data          24  main.o(.bss)
    button4                                  0x20000090   Data          24  main.o(.bss)
    Rx_BufArr                                0x200000a8   Data          64  serial.o(.bss)
    __initial_sp                             0x200004e8   Data           0  startup_stm32f10x_md.o(STACK)



==============================================================================

Memory Map of the image

  Image Entry point : 0x080000ed

  Load Region LR_IROM1 (Base: 0x08000000, Size: 0x00002874, Max: 0x00010000, ABSOLUTE)

    Execution Region ER_IROM1 (Exec base: 0x08000000, Load base: 0x08000000, Size: 0x00002844, Max: 0x00010000, ABSOLUTE)

    Exec Addr    Load Addr    Size         Type   Attr      Idx    E Section Name        Object

    0x08000000   0x08000000   0x000000ec   Data   RO           19    RESET               startup_stm32f10x_md.o
    0x080000ec   0x080000ec   0x00000000   Code   RO         2419  * .ARM.Collect$$$$00000000  mc_w.l(entry.o)
    0x080000ec   0x080000ec   0x00000004   Code   RO         2470    .ARM.Collect$$$$00000001  mc_w.l(entry2.o)
    0x080000f0   0x080000f0   0x00000004   Code   RO         2473    .ARM.Collect$$$$00000004  mc_w.l(entry5.o)
    0x080000f4   0x080000f4   0x00000000   Code   RO         2475    .ARM.Collect$$$$00000008  mc_w.l(entry7b.o)
    0x080000f4   0x080000f4   0x00000000   Code   RO         2477    .ARM.Collect$$$$0000000A  mc_w.l(entry8b.o)
    0x080000f4   0x080000f4   0x00000008   Code   RO         2478    .ARM.Collect$$$$0000000B  mc_w.l(entry9a.o)
    0x080000fc   0x080000fc   0x00000000   Code   RO         2480    .ARM.Collect$$$$0000000D  mc_w.l(entry10a.o)
    0x080000fc   0x080000fc   0x00000000   Code   RO         2482    .ARM.Collect$$$$0000000F  mc_w.l(entry11a.o)
    0x080000fc   0x080000fc   0x00000004   Code   RO         2471    .ARM.Collect$$$$00002712  mc_w.l(entry2.o)
    0x08000100   0x08000100   0x00000024   Code   RO           20    .text               startup_stm32f10x_md.o
    0x08000124   0x08000124   0x00000062   Code   RO         2422    .text               mc_w.l(uldiv.o)
    0x08000186   0x08000186   0x0000000e   Code   RO         2424    .text               mc_w.l(strlen.o)
    0x08000194   0x08000194   0x0000014e   Code   RO         2454    .text               mf_w.l(dadd.o)
    0x080002e2   0x080002e2   0x000000e4   Code   RO         2456    .text               mf_w.l(dmul.o)
    0x080003c6   0x080003c6   0x000000de   Code   RO         2458    .text               mf_w.l(ddiv.o)
    0x080004a4   0x080004a4   0x00000022   Code   RO         2460    .text               mf_w.l(dflti.o)
    0x080004c6   0x080004c6   0x00000028   Code   RO         2462    .text               mf_w.l(ffixui.o)
    0x080004ee   0x080004ee   0x00000026   Code   RO         2464    .text               mf_w.l(f2d.o)
    0x08000514   0x08000514   0x00000038   Code   RO         2466    .text               mf_w.l(d2f.o)
    0x0800054c   0x0800054c   0x00000014   Code   RO         2468    .text               mf_w.l(cfrcmple.o)
    0x08000560   0x08000560   0x0000002c   Code   RO         2487    .text               mc_w.l(uidiv.o)
    0x0800058c   0x0800058c   0x0000001e   Code   RO         2489    .text               mc_w.l(llshl.o)
    0x080005aa   0x080005aa   0x00000020   Code   RO         2491    .text               mc_w.l(llushr.o)
    0x080005ca   0x080005ca   0x00000024   Code   RO         2493    .text               mc_w.l(llsshr.o)
    0x080005ee   0x080005ee   0x00000000   Code   RO         2495    .text               mc_w.l(iusefp.o)
    0x080005ee   0x080005ee   0x0000006e   Code   RO         2496    .text               mf_w.l(fepilogue.o)
    0x0800065c   0x0800065c   0x000000ba   Code   RO         2498    .text               mf_w.l(depilogue.o)
    0x08000716   0x08000716   0x00000030   Code   RO         2500    .text               mf_w.l(dfixul.o)
    0x08000746   0x08000746   0x00000002   PAD
    0x08000748   0x08000748   0x00000030   Code   RO         2502    .text               mf_w.l(cdrcmple.o)
    0x08000778   0x08000778   0x00000024   Code   RO         2504    .text               mc_w.l(init.o)
    0x0800079c   0x0800079c   0x00000016   Code   RO          149    i.ADC_Cmd           stm32f10x_adc.o
    0x080007b2   0x080007b2   0x00000016   Code   RO          150    i.ADC_DMACmd        stm32f10x_adc.o
    0x080007c8   0x080007c8   0x00000014   Code   RO          157    i.ADC_GetCalibrationStatus  stm32f10x_adc.o
    0x080007dc   0x080007dc   0x00000014   Code   RO          163    i.ADC_GetResetCalibrationStatus  stm32f10x_adc.o
    0x080007f0   0x080007f0   0x00000050   Code   RO          167    i.ADC_Init          stm32f10x_adc.o
    0x08000840   0x08000840   0x000000d0   Code   RO         2331    i.ADC_Multi_Channel_Config  dma.o
    0x08000910   0x08000910   0x000000b8   Code   RO          171    i.ADC_RegularChannelConfig  stm32f10x_adc.o
    0x080009c8   0x080009c8   0x0000000a   Code   RO          172    i.ADC_ResetCalibration  stm32f10x_adc.o
    0x080009d2   0x080009d2   0x00000016   Code   RO          174    i.ADC_SoftwareStartConvCmd  stm32f10x_adc.o
    0x080009e8   0x080009e8   0x0000000a   Code   RO          176    i.ADC_StartCalibration  stm32f10x_adc.o
    0x080009f2   0x080009f2   0x00000004   Code   RO         2042    i.BusFault_Handler  stm32f10x_it.o
    0x080009f6   0x080009f6   0x00000002   PAD
    0x080009f8   0x080009f8   0x0000006c   Code   RO         2196    i.Button_Config     button.o
    0x08000a64   0x08000a64   0x00000028   Code   RO         2197    i.Button_OnHold     button.o
    0x08000a8c   0x08000a8c   0x00000028   Code   RO         2198    i.Button_OnPress    button.o
    0x08000ab4   0x08000ab4   0x00000098   Code   RO         2200    i.Button_Update     button.o
    0x08000b4c   0x08000b4c   0x00000018   Code   RO         1035    i.DMA_Cmd           stm32f10x_dma.o
    0x08000b64   0x08000b64   0x0000014c   Code   RO         1036    i.DMA_DeInit        stm32f10x_dma.o
    0x08000cb0   0x08000cb0   0x0000003c   Code   RO         1041    i.DMA_Init          stm32f10x_dma.o
    0x08000cec   0x08000cec   0x00000058   Code   RO         2332    i.DMA_Multi_Channel_Config  dma.o
    0x08000d44   0x08000d44   0x00000010   Code   RO         2333    i.DMA_Start         dma.o
    0x08000d54   0x08000d54   0x00000002   Code   RO         2043    i.DebugMon_Handler  stm32f10x_it.o
    0x08000d56   0x08000d56   0x00000006   Code   RO         1911    i.Flash_ReadData    main.o
    0x08000d5c   0x08000d5c   0x00000030   Code   RO         1912    i.Flash_SendDataToArray  main.o
    0x08000d8c   0x08000d8c   0x00000116   Code   RO          371    i.GPIO_Init         stm32f10x_gpio.o
    0x08000ea2   0x08000ea2   0x00000012   Code   RO          375    i.GPIO_ReadInputDataBit  stm32f10x_gpio.o
    0x08000eb4   0x08000eb4   0x0000000a   Code   RO          382    i.GPIO_WriteBit     stm32f10x_gpio.o
    0x08000ebe   0x08000ebe   0x00000002   PAD
    0x08000ec0   0x08000ec0   0x0000006c   Code   RO         1915    i.Get_Amperage      main.o
    0x08000f2c   0x08000f2c   0x0000006c   Code   RO         1916    i.Get_SystemMode    main.o
    0x08000f98   0x08000f98   0x00000090   Code   RO         1917    i.Get_Voltage       main.o
    0x08001028   0x08001028   0x00000004   Code   RO         2044    i.HardFault_Handler  stm32f10x_it.o
    0x0800102c   0x0800102c   0x0000002a   Code   RO         1710    i.I2C_CheckEvent    stm32f10x_i2c.o
    0x08001056   0x08001056   0x00000018   Code   RO         1713    i.I2C_Cmd           stm32f10x_i2c.o
    0x0800106e   0x0800106e   0x00000018   Code   RO         1720    i.I2C_GenerateSTART  stm32f10x_i2c.o
    0x08001086   0x08001086   0x00000018   Code   RO         1721    i.I2C_GenerateSTOP  stm32f10x_i2c.o
    0x0800109e   0x0800109e   0x00000002   PAD
    0x080010a0   0x080010a0   0x000000ec   Code   RO         1727    i.I2C_Init          stm32f10x_i2c.o
    0x0800118c   0x0800118c   0x00000012   Code   RO         1734    i.I2C_Send7bitAddress  stm32f10x_i2c.o
    0x0800119e   0x0800119e   0x00000004   Code   RO         1735    i.I2C_SendData      stm32f10x_i2c.o
    0x080011a2   0x080011a2   0x00000042   Code   RO         2356    i.LCD_Cmd_Write     lcd_i2c.o
    0x080011e4   0x080011e4   0x00000046   Code   RO         2357    i.LCD_Data_Write    lcd_i2c.o
    0x0800122a   0x0800122a   0x0000004a   Code   RO         2358    i.LCD_Gotoxy        lcd_i2c.o
    0x08001274   0x08001274   0x00000074   Code   RO         2359    i.LCD_I2C_Configuration  lcd_i2c.o
    0x080012e8   0x080012e8   0x00000058   Code   RO         2360    i.LCD_Init          lcd_i2c.o
    0x08001340   0x08001340   0x0000003e   Code   RO         2361    i.LCD_Printf        lcd_i2c.o
    0x0800137e   0x0800137e   0x00000002   PAD
    0x08001380   0x08001380   0x00000060   Code   RO         2363    i.LCD_Write_Byte    lcd_i2c.o
    0x080013e0   0x080013e0   0x00000004   Code   RO         2045    i.MemManage_Handler  stm32f10x_it.o
    0x080013e4   0x080013e4   0x00000002   Code   RO         2046    i.NMI_Handler       stm32f10x_it.o
    0x080013e6   0x080013e6   0x00000002   PAD
    0x080013e8   0x080013e8   0x00000070   Code   RO           24    i.NVIC_Init         misc.o
    0x08001458   0x08001458   0x00000014   Code   RO           25    i.NVIC_PriorityGroupConfig  misc.o
    0x0800146c   0x0800146c   0x00000002   Code   RO         2047    i.PendSV_Handler    stm32f10x_it.o
    0x0800146e   0x0800146e   0x0000002e   Code   RO         2236    i.RB_Available      ringbuffer.o
    0x0800149c   0x0800149c   0x0000000c   Code   RO         2237    i.RB_Init           ringbuffer.o
    0x080014a8   0x080014a8   0x00000036   Code   RO         2238    i.RB_Pop            ringbuffer.o
    0x080014de   0x080014de   0x00000030   Code   RO         2239    i.RB_Push           ringbuffer.o
    0x0800150e   0x0800150e   0x00000002   PAD
    0x08001510   0x08001510   0x00000020   Code   RO          480    i.RCC_AHBPeriphClockCmd  stm32f10x_rcc.o
    0x08001530   0x08001530   0x00000020   Code   RO          481    i.RCC_APB1PeriphClockCmd  stm32f10x_rcc.o
    0x08001550   0x08001550   0x00000020   Code   RO          483    i.RCC_APB2PeriphClockCmd  stm32f10x_rcc.o
    0x08001570   0x08001570   0x000000d4   Code   RO          491    i.RCC_GetClocksFreq  stm32f10x_rcc.o
    0x08001644   0x08001644   0x0000002c   Code   RO         1919    i.Relay_Config      main.o
    0x08001670   0x08001670   0x00000002   Code   RO         2048    i.SVC_Handler       stm32f10x_it.o
    0x08001672   0x08001672   0x00000002   PAD
    0x08001674   0x08001674   0x00000014   Code   RO         2266    i.Serial_Available  serial.o
    0x08001688   0x08001688   0x000000e8   Code   RO         2267    i.Serial_Begin      serial.o
    0x08001770   0x08001770   0x0000002c   Code   RO         2268    i.Serial_Printf     serial.o
    0x0800179c   0x0800179c   0x00000014   Code   RO         2269    i.Serial_Read       serial.o
    0x080017b0   0x080017b0   0x00000008   Code   RO         2099    i.SetSysClock       system_stm32f10x.o
    0x080017b8   0x080017b8   0x000000e0   Code   RO         2100    i.SetSysClockTo72   system_stm32f10x.o
    0x08001898   0x08001898   0x00000014   Code   RO         2134    i.SysTick32         delay.o
    0x080018ac   0x080018ac   0x00000024   Code   RO         2135    i.SysTick64         delay.o
    0x080018d0   0x080018d0   0x00000010   Code   RO         2136    i.SysTick_Handler   delay.o
    0x080018e0   0x080018e0   0x00000010   Code   RO         2137    i.SysTick_Init      delay.o
    0x080018f0   0x080018f0   0x00000018   Code   RO         2139    i.SysTick_Millis    delay.o
    0x08001908   0x08001908   0x00000060   Code   RO         2102    i.SystemInit        system_stm32f10x.o
    0x08001968   0x08001968   0x00000044   Code   RO         1920    i.TurnOff_AllDevices  main.o
    0x080019ac   0x080019ac   0x0000006c   Code   RO         1921    i.TurnOff_ModeButton1  main.o
    0x08001a18   0x08001a18   0x00000068   Code   RO         1923    i.TurnOn_ModeButton1  main.o
    0x08001a80   0x08001a80   0x00000022   Code   RO         2270    i.UART_SendChar     serial.o
    0x08001aa2   0x08001aa2   0x0000001a   Code   RO         2271    i.UART_SendString   serial.o
    0x08001abc   0x08001abc   0x0000001c   Code   RO         2272    i.USART1_IRQHandler  serial.o
    0x08001ad8   0x08001ad8   0x00000018   Code   RO          683    i.USART_Cmd         stm32f10x_usart.o
    0x08001af0   0x08001af0   0x00000020   Code   RO         2273    i.USART_GetChar     serial.o
    0x08001b10   0x08001b10   0x0000001a   Code   RO          686    i.USART_GetFlagStatus  stm32f10x_usart.o
    0x08001b2a   0x08001b2a   0x0000004a   Code   RO          689    i.USART_ITConfig    stm32f10x_usart.o
    0x08001b74   0x08001b74   0x000000d8   Code   RO          690    i.USART_Init        stm32f10x_usart.o
    0x08001c4c   0x08001c4c   0x00000008   Code   RO          700    i.USART_SendData    stm32f10x_usart.o
    0x08001c54   0x08001c54   0x00000004   Code   RO         2049    i.UsageFault_Handler  stm32f10x_it.o
    0x08001c58   0x08001c58   0x00000024   Code   RO         2433    i.__0vsprintf       mc_w.l(printfa.o)
    0x08001c7c   0x08001c7c   0x0000000e   Code   RO         2510    i.__scatterload_copy  mc_w.l(handlers.o)
    0x08001c8a   0x08001c8a   0x00000002   Code   RO         2511    i.__scatterload_null  mc_w.l(handlers.o)
    0x08001c8c   0x08001c8c   0x0000000e   Code   RO         2512    i.__scatterload_zeroinit  mc_w.l(handlers.o)
    0x08001c9a   0x08001c9a   0x00000002   PAD
    0x08001c9c   0x08001c9c   0x00000184   Code   RO         2434    i._fp_digits        mc_w.l(printfa.o)
    0x08001e20   0x08001e20   0x000006dc   Code   RO         2435    i._printf_core      mc_w.l(printfa.o)
    0x080024fc   0x080024fc   0x00000024   Code   RO         2436    i._printf_post_padding  mc_w.l(printfa.o)
    0x08002520   0x08002520   0x0000002e   Code   RO         2437    i._printf_pre_padding  mc_w.l(printfa.o)
    0x0800254e   0x0800254e   0x0000000a   Code   RO         2439    i._sputc            mc_w.l(printfa.o)
    0x08002558   0x08002558   0x00000016   Code   RO         2140    i.delay_ms          delay.o
    0x0800256e   0x0800256e   0x0000001e   Code   RO         2141    i.delay_us          delay.o
    0x0800258c   0x0800258c   0x0000006c   Code   RO         1924    i.getButtonMode     main.o
    0x080025f8   0x080025f8   0x0000022c   Code   RO         1925    i.main              main.o
    0x08002824   0x08002824   0x00000020   Data   RO         2508    Region$$Table       anon$$obj.o


    Execution Region RW_IRAM1 (Exec base: 0x20000000, Load base: 0x08002844, Size: 0x000004e8, Max: 0x00005000, ABSOLUTE)

    Exec Addr    Load Addr    Size         Type   Attr      Idx    E Section Name        Object

    0x20000000   0x08002844   0x00000014   Data   RW          511    .data               stm32f10x_rcc.o
    0x20000014   0x08002858   0x0000000e   Data   RW         1927    .data               main.o
    0x20000022   0x08002866   0x00000002   PAD
    0x20000024   0x08002868   0x00000004   Data   RW         2142    .data               delay.o
    0x20000028   0x0800286c   0x00000008   Data   RW         2275    .data               serial.o
    0x20000030        -       0x00000078   Zero   RW         1926    .bss                main.o
    0x200000a8        -       0x00000040   Zero   RW         2274    .bss                serial.o
    0x200000e8        -       0x00000400   Zero   RW           17    STACK               startup_stm32f10x_md.o


==============================================================================

Image component sizes


      Code (inc. data)   RO Data    RW Data    ZI Data      Debug   Object Name

       340         12          0          0          0       3029   button.o
         0          0          0          0          0       4540   core_cm3.o
       164         20          0          4          0       3789   delay.o
       312         22          0          0          0       2338   dma.o
       572         24          0          0          0       4103   lcd_i2c.o
      1402        214          0         14        120       8630   main.o
       132         22          0          0          0     255819   misc.o
       160          0          0          0          0       2648   ringbuffer.o
       436         54          0          8         64      20849   serial.o
        36          8        236          0       1024        892   startup_stm32f10x_md.o
       390         10          0          0          0       7685   stm32f10x_adc.o
       416          8          0          0          0       3538   stm32f10x_dma.o
       306          0          0          0          0       3288   stm32f10x_gpio.o
       372         14          0          0          0       6126   stm32f10x_i2c.o
        24          0          0          0          0       3280   stm32f10x_it.o
       308         38          0         20          0       5162   stm32f10x_rcc.o
       348          6          0          0          0       5029   stm32f10x_usart.o
       328         28          0          0          0       1861   system_stm32f10x.o

    ----------------------------------------------------------------------
      6060        480        268         48       1208     342606   Object Totals
         0          0         32          0          0          0   (incl. Generated)
        14          0          0          2          0          0   (incl. Padding)

    ----------------------------------------------------------------------

      Code (inc. data)   RO Data    RW Data    ZI Data      Debug   Library Member Name

         0          0          0          0          0          0   entry.o
         0          0          0          0          0          0   entry10a.o
         0          0          0          0          0          0   entry11a.o
         8          4          0          0          0          0   entry2.o
         4          0          0          0          0          0   entry5.o
         0          0          0          0          0          0   entry7b.o
         0          0          0          0          0          0   entry8b.o
         8          4          0          0          0          0   entry9a.o
        30          0          0          0          0          0   handlers.o
        36          8          0          0          0         68   init.o
         0          0          0          0          0          0   iusefp.o
        30          0          0          0          0         68   llshl.o
        36          0          0          0          0         68   llsshr.o
        32          0          0          0          0         68   llushr.o
      2272         86          0          0          0        516   printfa.o
        14          0          0          0          0         68   strlen.o
        44          0          0          0          0         80   uidiv.o
        98          0          0          0          0         92   uldiv.o
        48          0          0          0          0         68   cdrcmple.o
        20          0          0          0          0         68   cfrcmple.o
        56          0          0          0          0         88   d2f.o
       334          0          0          0          0        148   dadd.o
       222          0          0          0          0        100   ddiv.o
       186          0          0          0          0        176   depilogue.o
        48          0          0          0          0         68   dfixul.o
        34          0          0          0          0         76   dflti.o
       228          0          0          0          0         96   dmul.o
        38          0          0          0          0         68   f2d.o
       110          0          0          0          0        168   fepilogue.o
        40          0          0          0          0         68   ffixui.o

    ----------------------------------------------------------------------
      3980        102          0          0          0       2220   Library Totals
         4          0          0          0          0          0   (incl. Padding)

    ----------------------------------------------------------------------

      Code (inc. data)   RO Data    RW Data    ZI Data      Debug   Library Name

      2612        102          0          0          0       1028   mc_w.l
      1364          0          0          0          0       1192   mf_w.l

    ----------------------------------------------------------------------
      3980        102          0          0          0       2220   Library Totals

    ----------------------------------------------------------------------

==============================================================================


      Code (inc. data)   RO Data    RW Data    ZI Data      Debug   

     10040        582        268         48       1208     339414   Grand Totals
     10040        582        268         48       1208     339414   ELF Image Totals
     10040        582        268         48          0          0   ROM Totals

==============================================================================

    Total RO  Size (Code + RO Data)                10308 (  10.07kB)
    Total RW  Size (RW Data + ZI Data)              1256 (   1.23kB)
    Total ROM Size (Code + RO Data + RW Data)      10356 (  10.11kB)

==============================================================================

