<!doctype html public "-//w3c//dtd html 4.0 transitional//en">
<html><head>
<title>Static Call Graph - [.\Objects\ADC.axf]</title></head>
<body><HR>
<H1>Static Call Graph for image .\Objects\ADC.axf</H1><HR>
<BR><P>#&#060CALLGRAPH&#062# ARM Linker, 5060750: Last Updated: Fri Dec 02 22:15:33 2022
<BR><P>
<H3>Maximum Stack Usage =        176 bytes + Unknown(Cycles, Untraceable Function Pointers)</H3><H3>
Call chain for Maximum Stack Depth:</H3>
TIM3_IRQHandler &rArr; Serial_Printf &rArr; UART_SendString &rArr; UART_SendChar
<P>
<H3>
Mutually Recursive functions
</H3> <LI><a href="#[1c]">ADC1_2_IRQHandler</a>&nbsp;&nbsp;&nbsp;&rArr;&nbsp;&nbsp;&nbsp;<a href="#[1c]">ADC1_2_IRQHandler</a><BR>
</UL>
<P>
<H3>
Function Pointers
</H3><UL>
 <LI><a href="#[1c]">ADC1_2_IRQHandler</a> from startup_stm32f10x_md.o(.text) referenced from startup_stm32f10x_md.o(RESET)
 <LI><a href="#[4]">BusFault_Handler</a> from stm32f10x_it.o(i.BusFault_Handler) referenced from startup_stm32f10x_md.o(RESET)
 <LI><a href="#[1f]">CAN1_RX1_IRQHandler</a> from startup_stm32f10x_md.o(.text) referenced from startup_stm32f10x_md.o(RESET)
 <LI><a href="#[20]">CAN1_SCE_IRQHandler</a> from startup_stm32f10x_md.o(.text) referenced from startup_stm32f10x_md.o(RESET)
 <LI><a href="#[15]">DMA1_Channel1_IRQHandler</a> from startup_stm32f10x_md.o(.text) referenced from startup_stm32f10x_md.o(RESET)
 <LI><a href="#[16]">DMA1_Channel2_IRQHandler</a> from startup_stm32f10x_md.o(.text) referenced from startup_stm32f10x_md.o(RESET)
 <LI><a href="#[17]">DMA1_Channel3_IRQHandler</a> from startup_stm32f10x_md.o(.text) referenced from startup_stm32f10x_md.o(RESET)
 <LI><a href="#[18]">DMA1_Channel4_IRQHandler</a> from startup_stm32f10x_md.o(.text) referenced from startup_stm32f10x_md.o(RESET)
 <LI><a href="#[19]">DMA1_Channel5_IRQHandler</a> from startup_stm32f10x_md.o(.text) referenced from startup_stm32f10x_md.o(RESET)
 <LI><a href="#[1a]">DMA1_Channel6_IRQHandler</a> from startup_stm32f10x_md.o(.text) referenced from startup_stm32f10x_md.o(RESET)
 <LI><a href="#[1b]">DMA1_Channel7_IRQHandler</a> from startup_stm32f10x_md.o(.text) referenced from startup_stm32f10x_md.o(RESET)
 <LI><a href="#[7]">DebugMon_Handler</a> from stm32f10x_it.o(i.DebugMon_Handler) referenced from startup_stm32f10x_md.o(RESET)
 <LI><a href="#[10]">EXTI0_IRQHandler</a> from startup_stm32f10x_md.o(.text) referenced from startup_stm32f10x_md.o(RESET)
 <LI><a href="#[32]">EXTI15_10_IRQHandler</a> from startup_stm32f10x_md.o(.text) referenced from startup_stm32f10x_md.o(RESET)
 <LI><a href="#[11]">EXTI1_IRQHandler</a> from startup_stm32f10x_md.o(.text) referenced from startup_stm32f10x_md.o(RESET)
 <LI><a href="#[12]">EXTI2_IRQHandler</a> from startup_stm32f10x_md.o(.text) referenced from startup_stm32f10x_md.o(RESET)
 <LI><a href="#[13]">EXTI3_IRQHandler</a> from startup_stm32f10x_md.o(.text) referenced from startup_stm32f10x_md.o(RESET)
 <LI><a href="#[14]">EXTI4_IRQHandler</a> from startup_stm32f10x_md.o(.text) referenced from startup_stm32f10x_md.o(RESET)
 <LI><a href="#[21]">EXTI9_5_IRQHandler</a> from startup_stm32f10x_md.o(.text) referenced from startup_stm32f10x_md.o(RESET)
 <LI><a href="#[e]">FLASH_IRQHandler</a> from startup_stm32f10x_md.o(.text) referenced from startup_stm32f10x_md.o(RESET)
 <LI><a href="#[2]">HardFault_Handler</a> from stm32f10x_it.o(i.HardFault_Handler) referenced from startup_stm32f10x_md.o(RESET)
 <LI><a href="#[2a]">I2C1_ER_IRQHandler</a> from startup_stm32f10x_md.o(.text) referenced from startup_stm32f10x_md.o(RESET)
 <LI><a href="#[29]">I2C1_EV_IRQHandler</a> from startup_stm32f10x_md.o(.text) referenced from startup_stm32f10x_md.o(RESET)
 <LI><a href="#[2c]">I2C2_ER_IRQHandler</a> from startup_stm32f10x_md.o(.text) referenced from startup_stm32f10x_md.o(RESET)
 <LI><a href="#[2b]">I2C2_EV_IRQHandler</a> from startup_stm32f10x_md.o(.text) referenced from startup_stm32f10x_md.o(RESET)
 <LI><a href="#[3]">MemManage_Handler</a> from stm32f10x_it.o(i.MemManage_Handler) referenced from startup_stm32f10x_md.o(RESET)
 <LI><a href="#[1]">NMI_Handler</a> from stm32f10x_it.o(i.NMI_Handler) referenced from startup_stm32f10x_md.o(RESET)
 <LI><a href="#[b]">PVD_IRQHandler</a> from startup_stm32f10x_md.o(.text) referenced from startup_stm32f10x_md.o(RESET)
 <LI><a href="#[8]">PendSV_Handler</a> from stm32f10x_it.o(i.PendSV_Handler) referenced from startup_stm32f10x_md.o(RESET)
 <LI><a href="#[f]">RCC_IRQHandler</a> from startup_stm32f10x_md.o(.text) referenced from startup_stm32f10x_md.o(RESET)
 <LI><a href="#[33]">RTCAlarm_IRQHandler</a> from startup_stm32f10x_md.o(.text) referenced from startup_stm32f10x_md.o(RESET)
 <LI><a href="#[d]">RTC_IRQHandler</a> from startup_stm32f10x_md.o(.text) referenced from startup_stm32f10x_md.o(RESET)
 <LI><a href="#[0]">Reset_Handler</a> from startup_stm32f10x_md.o(.text) referenced from startup_stm32f10x_md.o(RESET)
 <LI><a href="#[2d]">SPI1_IRQHandler</a> from startup_stm32f10x_md.o(.text) referenced from startup_stm32f10x_md.o(RESET)
 <LI><a href="#[2e]">SPI2_IRQHandler</a> from startup_stm32f10x_md.o(.text) referenced from startup_stm32f10x_md.o(RESET)
 <LI><a href="#[6]">SVC_Handler</a> from stm32f10x_it.o(i.SVC_Handler) referenced from startup_stm32f10x_md.o(RESET)
 <LI><a href="#[9]">SysTick_Handler</a> from delay.o(i.SysTick_Handler) referenced from startup_stm32f10x_md.o(RESET)
 <LI><a href="#[36]">SystemInit</a> from system_stm32f10x.o(i.SystemInit) referenced from startup_stm32f10x_md.o(.text)
 <LI><a href="#[c]">TAMPER_IRQHandler</a> from startup_stm32f10x_md.o(.text) referenced from startup_stm32f10x_md.o(RESET)
 <LI><a href="#[22]">TIM1_BRK_IRQHandler</a> from startup_stm32f10x_md.o(.text) referenced from startup_stm32f10x_md.o(RESET)
 <LI><a href="#[25]">TIM1_CC_IRQHandler</a> from startup_stm32f10x_md.o(.text) referenced from startup_stm32f10x_md.o(RESET)
 <LI><a href="#[24]">TIM1_TRG_COM_IRQHandler</a> from startup_stm32f10x_md.o(.text) referenced from startup_stm32f10x_md.o(RESET)
 <LI><a href="#[23]">TIM1_UP_IRQHandler</a> from startup_stm32f10x_md.o(.text) referenced from startup_stm32f10x_md.o(RESET)
 <LI><a href="#[26]">TIM2_IRQHandler</a> from startup_stm32f10x_md.o(.text) referenced from startup_stm32f10x_md.o(RESET)
 <LI><a href="#[27]">TIM3_IRQHandler</a> from main.o(i.TIM3_IRQHandler) referenced from startup_stm32f10x_md.o(RESET)
 <LI><a href="#[28]">TIM4_IRQHandler</a> from startup_stm32f10x_md.o(.text) referenced from startup_stm32f10x_md.o(RESET)
 <LI><a href="#[2f]">USART1_IRQHandler</a> from serial.o(i.USART1_IRQHandler) referenced from startup_stm32f10x_md.o(RESET)
 <LI><a href="#[30]">USART2_IRQHandler</a> from startup_stm32f10x_md.o(.text) referenced from startup_stm32f10x_md.o(RESET)
 <LI><a href="#[31]">USART3_IRQHandler</a> from startup_stm32f10x_md.o(.text) referenced from startup_stm32f10x_md.o(RESET)
 <LI><a href="#[34]">USBWakeUp_IRQHandler</a> from startup_stm32f10x_md.o(.text) referenced from startup_stm32f10x_md.o(RESET)
 <LI><a href="#[1d]">USB_HP_CAN1_TX_IRQHandler</a> from startup_stm32f10x_md.o(.text) referenced from startup_stm32f10x_md.o(RESET)
 <LI><a href="#[1e]">USB_LP_CAN1_RX0_IRQHandler</a> from startup_stm32f10x_md.o(.text) referenced from startup_stm32f10x_md.o(RESET)
 <LI><a href="#[5]">UsageFault_Handler</a> from stm32f10x_it.o(i.UsageFault_Handler) referenced from startup_stm32f10x_md.o(RESET)
 <LI><a href="#[a]">WWDG_IRQHandler</a> from startup_stm32f10x_md.o(.text) referenced from startup_stm32f10x_md.o(RESET)
 <LI><a href="#[37]">__main</a> from entry.o(.ARM.Collect$$$$00000000) referenced from startup_stm32f10x_md.o(.text)
 <LI><a href="#[38]">_sputc</a> from printfa.o(i._sputc) referenced from printfa.o(i.__0vsprintf)
 <LI><a href="#[35]">main</a> from main.o(i.main) referenced from entry9a.o(.ARM.Collect$$$$0000000B)
</UL>
<P>
<H3>
Global Symbols
</H3>
<P><STRONG><a name="[37]"></a>__main</STRONG> (Thumb, 0 bytes, Stack size unknown bytes, entry.o(.ARM.Collect$$$$00000000))
<BR>[Address Reference Count : 1]<UL><LI> startup_stm32f10x_md.o(.text)
</UL>
<P><STRONG><a name="[96]"></a>_main_stk</STRONG> (Thumb, 0 bytes, Stack size unknown bytes, entry2.o(.ARM.Collect$$$$00000001))

<P><STRONG><a name="[39]"></a>_main_scatterload</STRONG> (Thumb, 0 bytes, Stack size unknown bytes, entry5.o(.ARM.Collect$$$$00000004))
<BR><BR>[Calls]<UL><LI><a href="#[3a]">&gt;&gt;</a>&nbsp;&nbsp;&nbsp;__scatterload
</UL>

<P><STRONG><a name="[4b]"></a>__main_after_scatterload</STRONG> (Thumb, 0 bytes, Stack size unknown bytes, entry5.o(.ARM.Collect$$$$00000004))
<BR><BR>[Called By]<UL><LI><a href="#[3a]">&gt;&gt;</a>&nbsp;&nbsp;&nbsp;__scatterload
</UL>

<P><STRONG><a name="[97]"></a>_main_clock</STRONG> (Thumb, 0 bytes, Stack size unknown bytes, entry7b.o(.ARM.Collect$$$$00000008))

<P><STRONG><a name="[98]"></a>_main_cpp_init</STRONG> (Thumb, 0 bytes, Stack size unknown bytes, entry8b.o(.ARM.Collect$$$$0000000A))

<P><STRONG><a name="[99]"></a>_main_init</STRONG> (Thumb, 0 bytes, Stack size unknown bytes, entry9a.o(.ARM.Collect$$$$0000000B))

<P><STRONG><a name="[9a]"></a>__rt_final_cpp</STRONG> (Thumb, 0 bytes, Stack size unknown bytes, entry10a.o(.ARM.Collect$$$$0000000D))

<P><STRONG><a name="[9b]"></a>__rt_final_exit</STRONG> (Thumb, 0 bytes, Stack size unknown bytes, entry11a.o(.ARM.Collect$$$$0000000F))

<P><STRONG><a name="[0]"></a>Reset_Handler</STRONG> (Thumb, 8 bytes, Stack size 0 bytes, startup_stm32f10x_md.o(.text))
<BR>[Address Reference Count : 1]<UL><LI> startup_stm32f10x_md.o(RESET)
</UL>
<P><STRONG><a name="[1c]"></a>ADC1_2_IRQHandler</STRONG> (Thumb, 0 bytes, Stack size 0 bytes, startup_stm32f10x_md.o(.text))
<BR><BR>[Calls]<UL><LI><a href="#[1c]">&gt;&gt;</a>&nbsp;&nbsp;&nbsp;ADC1_2_IRQHandler
</UL>
<BR>[Called By]<UL><LI><a href="#[1c]">&gt;&gt;</a>&nbsp;&nbsp;&nbsp;ADC1_2_IRQHandler
</UL>
<BR>[Address Reference Count : 1]<UL><LI> startup_stm32f10x_md.o(RESET)
</UL>
<P><STRONG><a name="[1f]"></a>CAN1_RX1_IRQHandler</STRONG> (Thumb, 0 bytes, Stack size 0 bytes, startup_stm32f10x_md.o(.text))
<BR>[Address Reference Count : 1]<UL><LI> startup_stm32f10x_md.o(RESET)
</UL>
<P><STRONG><a name="[20]"></a>CAN1_SCE_IRQHandler</STRONG> (Thumb, 0 bytes, Stack size 0 bytes, startup_stm32f10x_md.o(.text))
<BR>[Address Reference Count : 1]<UL><LI> startup_stm32f10x_md.o(RESET)
</UL>
<P><STRONG><a name="[15]"></a>DMA1_Channel1_IRQHandler</STRONG> (Thumb, 0 bytes, Stack size 0 bytes, startup_stm32f10x_md.o(.text))
<BR>[Address Reference Count : 1]<UL><LI> startup_stm32f10x_md.o(RESET)
</UL>
<P><STRONG><a name="[16]"></a>DMA1_Channel2_IRQHandler</STRONG> (Thumb, 0 bytes, Stack size 0 bytes, startup_stm32f10x_md.o(.text))
<BR>[Address Reference Count : 1]<UL><LI> startup_stm32f10x_md.o(RESET)
</UL>
<P><STRONG><a name="[17]"></a>DMA1_Channel3_IRQHandler</STRONG> (Thumb, 0 bytes, Stack size 0 bytes, startup_stm32f10x_md.o(.text))
<BR>[Address Reference Count : 1]<UL><LI> startup_stm32f10x_md.o(RESET)
</UL>
<P><STRONG><a name="[18]"></a>DMA1_Channel4_IRQHandler</STRONG> (Thumb, 0 bytes, Stack size 0 bytes, startup_stm32f10x_md.o(.text))
<BR>[Address Reference Count : 1]<UL><LI> startup_stm32f10x_md.o(RESET)
</UL>
<P><STRONG><a name="[19]"></a>DMA1_Channel5_IRQHandler</STRONG> (Thumb, 0 bytes, Stack size 0 bytes, startup_stm32f10x_md.o(.text))
<BR>[Address Reference Count : 1]<UL><LI> startup_stm32f10x_md.o(RESET)
</UL>
<P><STRONG><a name="[1a]"></a>DMA1_Channel6_IRQHandler</STRONG> (Thumb, 0 bytes, Stack size 0 bytes, startup_stm32f10x_md.o(.text))
<BR>[Address Reference Count : 1]<UL><LI> startup_stm32f10x_md.o(RESET)
</UL>
<P><STRONG><a name="[1b]"></a>DMA1_Channel7_IRQHandler</STRONG> (Thumb, 0 bytes, Stack size 0 bytes, startup_stm32f10x_md.o(.text))
<BR>[Address Reference Count : 1]<UL><LI> startup_stm32f10x_md.o(RESET)
</UL>
<P><STRONG><a name="[10]"></a>EXTI0_IRQHandler</STRONG> (Thumb, 0 bytes, Stack size 0 bytes, startup_stm32f10x_md.o(.text))
<BR>[Address Reference Count : 1]<UL><LI> startup_stm32f10x_md.o(RESET)
</UL>
<P><STRONG><a name="[32]"></a>EXTI15_10_IRQHandler</STRONG> (Thumb, 0 bytes, Stack size 0 bytes, startup_stm32f10x_md.o(.text))
<BR>[Address Reference Count : 1]<UL><LI> startup_stm32f10x_md.o(RESET)
</UL>
<P><STRONG><a name="[11]"></a>EXTI1_IRQHandler</STRONG> (Thumb, 0 bytes, Stack size 0 bytes, startup_stm32f10x_md.o(.text))
<BR>[Address Reference Count : 1]<UL><LI> startup_stm32f10x_md.o(RESET)
</UL>
<P><STRONG><a name="[12]"></a>EXTI2_IRQHandler</STRONG> (Thumb, 0 bytes, Stack size 0 bytes, startup_stm32f10x_md.o(.text))
<BR>[Address Reference Count : 1]<UL><LI> startup_stm32f10x_md.o(RESET)
</UL>
<P><STRONG><a name="[13]"></a>EXTI3_IRQHandler</STRONG> (Thumb, 0 bytes, Stack size 0 bytes, startup_stm32f10x_md.o(.text))
<BR>[Address Reference Count : 1]<UL><LI> startup_stm32f10x_md.o(RESET)
</UL>
<P><STRONG><a name="[14]"></a>EXTI4_IRQHandler</STRONG> (Thumb, 0 bytes, Stack size 0 bytes, startup_stm32f10x_md.o(.text))
<BR>[Address Reference Count : 1]<UL><LI> startup_stm32f10x_md.o(RESET)
</UL>
<P><STRONG><a name="[21]"></a>EXTI9_5_IRQHandler</STRONG> (Thumb, 0 bytes, Stack size 0 bytes, startup_stm32f10x_md.o(.text))
<BR>[Address Reference Count : 1]<UL><LI> startup_stm32f10x_md.o(RESET)
</UL>
<P><STRONG><a name="[e]"></a>FLASH_IRQHandler</STRONG> (Thumb, 0 bytes, Stack size 0 bytes, startup_stm32f10x_md.o(.text))
<BR>[Address Reference Count : 1]<UL><LI> startup_stm32f10x_md.o(RESET)
</UL>
<P><STRONG><a name="[2a]"></a>I2C1_ER_IRQHandler</STRONG> (Thumb, 0 bytes, Stack size 0 bytes, startup_stm32f10x_md.o(.text))
<BR>[Address Reference Count : 1]<UL><LI> startup_stm32f10x_md.o(RESET)
</UL>
<P><STRONG><a name="[29]"></a>I2C1_EV_IRQHandler</STRONG> (Thumb, 0 bytes, Stack size 0 bytes, startup_stm32f10x_md.o(.text))
<BR>[Address Reference Count : 1]<UL><LI> startup_stm32f10x_md.o(RESET)
</UL>
<P><STRONG><a name="[2c]"></a>I2C2_ER_IRQHandler</STRONG> (Thumb, 0 bytes, Stack size 0 bytes, startup_stm32f10x_md.o(.text))
<BR>[Address Reference Count : 1]<UL><LI> startup_stm32f10x_md.o(RESET)
</UL>
<P><STRONG><a name="[2b]"></a>I2C2_EV_IRQHandler</STRONG> (Thumb, 0 bytes, Stack size 0 bytes, startup_stm32f10x_md.o(.text))
<BR>[Address Reference Count : 1]<UL><LI> startup_stm32f10x_md.o(RESET)
</UL>
<P><STRONG><a name="[b]"></a>PVD_IRQHandler</STRONG> (Thumb, 0 bytes, Stack size 0 bytes, startup_stm32f10x_md.o(.text))
<BR>[Address Reference Count : 1]<UL><LI> startup_stm32f10x_md.o(RESET)
</UL>
<P><STRONG><a name="[f]"></a>RCC_IRQHandler</STRONG> (Thumb, 0 bytes, Stack size 0 bytes, startup_stm32f10x_md.o(.text))
<BR>[Address Reference Count : 1]<UL><LI> startup_stm32f10x_md.o(RESET)
</UL>
<P><STRONG><a name="[33]"></a>RTCAlarm_IRQHandler</STRONG> (Thumb, 0 bytes, Stack size 0 bytes, startup_stm32f10x_md.o(.text))
<BR>[Address Reference Count : 1]<UL><LI> startup_stm32f10x_md.o(RESET)
</UL>
<P><STRONG><a name="[d]"></a>RTC_IRQHandler</STRONG> (Thumb, 0 bytes, Stack size 0 bytes, startup_stm32f10x_md.o(.text))
<BR>[Address Reference Count : 1]<UL><LI> startup_stm32f10x_md.o(RESET)
</UL>
<P><STRONG><a name="[2d]"></a>SPI1_IRQHandler</STRONG> (Thumb, 0 bytes, Stack size 0 bytes, startup_stm32f10x_md.o(.text))
<BR>[Address Reference Count : 1]<UL><LI> startup_stm32f10x_md.o(RESET)
</UL>
<P><STRONG><a name="[2e]"></a>SPI2_IRQHandler</STRONG> (Thumb, 0 bytes, Stack size 0 bytes, startup_stm32f10x_md.o(.text))
<BR>[Address Reference Count : 1]<UL><LI> startup_stm32f10x_md.o(RESET)
</UL>
<P><STRONG><a name="[c]"></a>TAMPER_IRQHandler</STRONG> (Thumb, 0 bytes, Stack size 0 bytes, startup_stm32f10x_md.o(.text))
<BR>[Address Reference Count : 1]<UL><LI> startup_stm32f10x_md.o(RESET)
</UL>
<P><STRONG><a name="[22]"></a>TIM1_BRK_IRQHandler</STRONG> (Thumb, 0 bytes, Stack size 0 bytes, startup_stm32f10x_md.o(.text))
<BR>[Address Reference Count : 1]<UL><LI> startup_stm32f10x_md.o(RESET)
</UL>
<P><STRONG><a name="[25]"></a>TIM1_CC_IRQHandler</STRONG> (Thumb, 0 bytes, Stack size 0 bytes, startup_stm32f10x_md.o(.text))
<BR>[Address Reference Count : 1]<UL><LI> startup_stm32f10x_md.o(RESET)
</UL>
<P><STRONG><a name="[24]"></a>TIM1_TRG_COM_IRQHandler</STRONG> (Thumb, 0 bytes, Stack size 0 bytes, startup_stm32f10x_md.o(.text))
<BR>[Address Reference Count : 1]<UL><LI> startup_stm32f10x_md.o(RESET)
</UL>
<P><STRONG><a name="[23]"></a>TIM1_UP_IRQHandler</STRONG> (Thumb, 0 bytes, Stack size 0 bytes, startup_stm32f10x_md.o(.text))
<BR>[Address Reference Count : 1]<UL><LI> startup_stm32f10x_md.o(RESET)
</UL>
<P><STRONG><a name="[26]"></a>TIM2_IRQHandler</STRONG> (Thumb, 0 bytes, Stack size 0 bytes, startup_stm32f10x_md.o(.text))
<BR>[Address Reference Count : 1]<UL><LI> startup_stm32f10x_md.o(RESET)
</UL>
<P><STRONG><a name="[28]"></a>TIM4_IRQHandler</STRONG> (Thumb, 0 bytes, Stack size 0 bytes, startup_stm32f10x_md.o(.text))
<BR>[Address Reference Count : 1]<UL><LI> startup_stm32f10x_md.o(RESET)
</UL>
<P><STRONG><a name="[30]"></a>USART2_IRQHandler</STRONG> (Thumb, 0 bytes, Stack size 0 bytes, startup_stm32f10x_md.o(.text))
<BR>[Address Reference Count : 1]<UL><LI> startup_stm32f10x_md.o(RESET)
</UL>
<P><STRONG><a name="[31]"></a>USART3_IRQHandler</STRONG> (Thumb, 0 bytes, Stack size 0 bytes, startup_stm32f10x_md.o(.text))
<BR>[Address Reference Count : 1]<UL><LI> startup_stm32f10x_md.o(RESET)
</UL>
<P><STRONG><a name="[34]"></a>USBWakeUp_IRQHandler</STRONG> (Thumb, 0 bytes, Stack size 0 bytes, startup_stm32f10x_md.o(.text))
<BR>[Address Reference Count : 1]<UL><LI> startup_stm32f10x_md.o(RESET)
</UL>
<P><STRONG><a name="[1d]"></a>USB_HP_CAN1_TX_IRQHandler</STRONG> (Thumb, 0 bytes, Stack size 0 bytes, startup_stm32f10x_md.o(.text))
<BR>[Address Reference Count : 1]<UL><LI> startup_stm32f10x_md.o(RESET)
</UL>
<P><STRONG><a name="[1e]"></a>USB_LP_CAN1_RX0_IRQHandler</STRONG> (Thumb, 0 bytes, Stack size 0 bytes, startup_stm32f10x_md.o(.text))
<BR>[Address Reference Count : 1]<UL><LI> startup_stm32f10x_md.o(RESET)
</UL>
<P><STRONG><a name="[a]"></a>WWDG_IRQHandler</STRONG> (Thumb, 0 bytes, Stack size 0 bytes, startup_stm32f10x_md.o(.text))
<BR>[Address Reference Count : 1]<UL><LI> startup_stm32f10x_md.o(RESET)
</UL>
<P><STRONG><a name="[3b]"></a>__aeabi_uldivmod</STRONG> (Thumb, 98 bytes, Stack size 40 bytes, uldiv.o(.text))
<BR><BR>[Stack]<UL><LI>Max Depth = 40<LI>Call Chain = __aeabi_uldivmod
</UL>
<BR>[Calls]<UL><LI><a href="#[3c]">&gt;&gt;</a>&nbsp;&nbsp;&nbsp;__aeabi_llsr
<LI><a href="#[3d]">&gt;&gt;</a>&nbsp;&nbsp;&nbsp;__aeabi_llsl
</UL>
<BR>[Called By]<UL><LI><a href="#[8c]">&gt;&gt;</a>&nbsp;&nbsp;&nbsp;_printf_core
<LI><a href="#[8d]">&gt;&gt;</a>&nbsp;&nbsp;&nbsp;_fp_digits
<LI><a href="#[5a]">&gt;&gt;</a>&nbsp;&nbsp;&nbsp;SysTick_Millis
</UL>

<P><STRONG><a name="[70]"></a>strlen</STRONG> (Thumb, 14 bytes, Stack size 0 bytes, strlen.o(.text))
<BR><BR>[Called By]<UL><LI><a href="#[6e]">&gt;&gt;</a>&nbsp;&nbsp;&nbsp;LCD_Printf
</UL>

<P><STRONG><a name="[3e]"></a>__aeabi_fdiv</STRONG> (Thumb, 124 bytes, Stack size 8 bytes, fdiv.o(.text))
<BR><BR>[Stack]<UL><LI>Max Depth = 8<LI>Call Chain = __aeabi_fdiv
</UL>
<BR>[Calls]<UL><LI><a href="#[3f]">&gt;&gt;</a>&nbsp;&nbsp;&nbsp;_float_round
</UL>
<BR>[Called By]<UL><LI><a href="#[27]">&gt;&gt;</a>&nbsp;&nbsp;&nbsp;TIM3_IRQHandler
</UL>

<P><STRONG><a name="[40]"></a>__aeabi_ui2f</STRONG> (Thumb, 10 bytes, Stack size 0 bytes, ffltui.o(.text))
<BR><BR>[Stack]<UL><LI>Max Depth = 4<LI>Call Chain = __aeabi_ui2f &rArr; _float_epilogue
</UL>
<BR>[Calls]<UL><LI><a href="#[41]">&gt;&gt;</a>&nbsp;&nbsp;&nbsp;_float_epilogue
</UL>
<BR>[Called By]<UL><LI><a href="#[27]">&gt;&gt;</a>&nbsp;&nbsp;&nbsp;TIM3_IRQHandler
</UL>

<P><STRONG><a name="[85]"></a>__aeabi_f2d</STRONG> (Thumb, 38 bytes, Stack size 0 bytes, f2d.o(.text))
<BR><BR>[Called By]<UL><LI><a href="#[27]">&gt;&gt;</a>&nbsp;&nbsp;&nbsp;TIM3_IRQHandler
</UL>

<P><STRONG><a name="[9c]"></a>__aeabi_uidiv</STRONG> (Thumb, 0 bytes, Stack size 12 bytes, uidiv.o(.text), UNUSED)

<P><STRONG><a name="[91]"></a>__aeabi_uidivmod</STRONG> (Thumb, 44 bytes, Stack size 12 bytes, uidiv.o(.text), UNUSED)
<BR><BR>[Called By]<UL><LI><a href="#[8c]">&gt;&gt;</a>&nbsp;&nbsp;&nbsp;_printf_core
</UL>

<P><STRONG><a name="[3d]"></a>__aeabi_llsl</STRONG> (Thumb, 30 bytes, Stack size 0 bytes, llshl.o(.text))
<BR><BR>[Called By]<UL><LI><a href="#[3b]">&gt;&gt;</a>&nbsp;&nbsp;&nbsp;__aeabi_uldivmod
<LI><a href="#[44]">&gt;&gt;</a>&nbsp;&nbsp;&nbsp;_double_epilogue
<LI><a href="#[42]">&gt;&gt;</a>&nbsp;&nbsp;&nbsp;__aeabi_dadd
<LI><a href="#[4a]">&gt;&gt;</a>&nbsp;&nbsp;&nbsp;__aeabi_d2ulz
</UL>

<P><STRONG><a name="[9d]"></a>_ll_shift_l</STRONG> (Thumb, 0 bytes, Stack size 0 bytes, llshl.o(.text), UNUSED)

<P><STRONG><a name="[3c]"></a>__aeabi_llsr</STRONG> (Thumb, 32 bytes, Stack size 0 bytes, llushr.o(.text))
<BR><BR>[Called By]<UL><LI><a href="#[3b]">&gt;&gt;</a>&nbsp;&nbsp;&nbsp;__aeabi_uldivmod
<LI><a href="#[44]">&gt;&gt;</a>&nbsp;&nbsp;&nbsp;_double_epilogue
<LI><a href="#[4a]">&gt;&gt;</a>&nbsp;&nbsp;&nbsp;__aeabi_d2ulz
</UL>

<P><STRONG><a name="[9e]"></a>_ll_ushift_r</STRONG> (Thumb, 0 bytes, Stack size 0 bytes, llushr.o(.text), UNUSED)

<P><STRONG><a name="[9f]"></a>__I$use$fp</STRONG> (Thumb, 0 bytes, Stack size 0 bytes, iusefp.o(.text), UNUSED)

<P><STRONG><a name="[3f]"></a>_float_round</STRONG> (Thumb, 18 bytes, Stack size 0 bytes, fepilogue.o(.text))
<BR><BR>[Called By]<UL><LI><a href="#[3e]">&gt;&gt;</a>&nbsp;&nbsp;&nbsp;__aeabi_fdiv
</UL>

<P><STRONG><a name="[41]"></a>_float_epilogue</STRONG> (Thumb, 92 bytes, Stack size 4 bytes, fepilogue.o(.text))
<BR><BR>[Stack]<UL><LI>Max Depth = 4<LI>Call Chain = _float_epilogue
</UL>
<BR>[Called By]<UL><LI><a href="#[40]">&gt;&gt;</a>&nbsp;&nbsp;&nbsp;__aeabi_ui2f
</UL>

<P><STRONG><a name="[42]"></a>__aeabi_dadd</STRONG> (Thumb, 322 bytes, Stack size 48 bytes, dadd.o(.text), UNUSED)
<BR><BR>[Calls]<UL><LI><a href="#[43]">&gt;&gt;</a>&nbsp;&nbsp;&nbsp;__aeabi_lasr
<LI><a href="#[45]">&gt;&gt;</a>&nbsp;&nbsp;&nbsp;_double_round
<LI><a href="#[44]">&gt;&gt;</a>&nbsp;&nbsp;&nbsp;_double_epilogue
<LI><a href="#[3d]">&gt;&gt;</a>&nbsp;&nbsp;&nbsp;__aeabi_llsl
</UL>
<BR>[Called By]<UL><LI><a href="#[8d]">&gt;&gt;</a>&nbsp;&nbsp;&nbsp;_fp_digits
<LI><a href="#[47]">&gt;&gt;</a>&nbsp;&nbsp;&nbsp;__aeabi_drsub
<LI><a href="#[46]">&gt;&gt;</a>&nbsp;&nbsp;&nbsp;__aeabi_dsub
</UL>

<P><STRONG><a name="[46]"></a>__aeabi_dsub</STRONG> (Thumb, 6 bytes, Stack size 0 bytes, dadd.o(.text), UNUSED)
<BR><BR>[Calls]<UL><LI><a href="#[42]">&gt;&gt;</a>&nbsp;&nbsp;&nbsp;__aeabi_dadd
</UL>

<P><STRONG><a name="[47]"></a>__aeabi_drsub</STRONG> (Thumb, 6 bytes, Stack size 0 bytes, dadd.o(.text), UNUSED)
<BR><BR>[Calls]<UL><LI><a href="#[42]">&gt;&gt;</a>&nbsp;&nbsp;&nbsp;__aeabi_dadd
</UL>

<P><STRONG><a name="[48]"></a>__aeabi_dmul</STRONG> (Thumb, 228 bytes, Stack size 48 bytes, dmul.o(.text), UNUSED)
<BR><BR>[Calls]<UL><LI><a href="#[44]">&gt;&gt;</a>&nbsp;&nbsp;&nbsp;_double_epilogue
</UL>
<BR>[Called By]<UL><LI><a href="#[8d]">&gt;&gt;</a>&nbsp;&nbsp;&nbsp;_fp_digits
</UL>

<P><STRONG><a name="[49]"></a>__aeabi_ddiv</STRONG> (Thumb, 222 bytes, Stack size 32 bytes, ddiv.o(.text), UNUSED)
<BR><BR>[Calls]<UL><LI><a href="#[45]">&gt;&gt;</a>&nbsp;&nbsp;&nbsp;_double_round
</UL>
<BR>[Called By]<UL><LI><a href="#[8d]">&gt;&gt;</a>&nbsp;&nbsp;&nbsp;_fp_digits
</UL>

<P><STRONG><a name="[4a]"></a>__aeabi_d2ulz</STRONG> (Thumb, 48 bytes, Stack size 0 bytes, dfixul.o(.text), UNUSED)
<BR><BR>[Calls]<UL><LI><a href="#[3c]">&gt;&gt;</a>&nbsp;&nbsp;&nbsp;__aeabi_llsr
<LI><a href="#[3d]">&gt;&gt;</a>&nbsp;&nbsp;&nbsp;__aeabi_llsl
</UL>
<BR>[Called By]<UL><LI><a href="#[8d]">&gt;&gt;</a>&nbsp;&nbsp;&nbsp;_fp_digits
</UL>

<P><STRONG><a name="[8e]"></a>__aeabi_cdrcmple</STRONG> (Thumb, 48 bytes, Stack size 0 bytes, cdrcmple.o(.text), UNUSED)
<BR><BR>[Called By]<UL><LI><a href="#[8d]">&gt;&gt;</a>&nbsp;&nbsp;&nbsp;_fp_digits
</UL>

<P><STRONG><a name="[3a]"></a>__scatterload</STRONG> (Thumb, 28 bytes, Stack size 0 bytes, init.o(.text))
<BR><BR>[Calls]<UL><LI><a href="#[4b]">&gt;&gt;</a>&nbsp;&nbsp;&nbsp;__main_after_scatterload
</UL>
<BR>[Called By]<UL><LI><a href="#[39]">&gt;&gt;</a>&nbsp;&nbsp;&nbsp;_main_scatterload
</UL>

<P><STRONG><a name="[a0]"></a>__scatterload_rt2</STRONG> (Thumb, 0 bytes, Stack size 0 bytes, init.o(.text), UNUSED)

<P><STRONG><a name="[43]"></a>__aeabi_lasr</STRONG> (Thumb, 36 bytes, Stack size 0 bytes, llsshr.o(.text), UNUSED)
<BR><BR>[Called By]<UL><LI><a href="#[42]">&gt;&gt;</a>&nbsp;&nbsp;&nbsp;__aeabi_dadd
</UL>

<P><STRONG><a name="[a1]"></a>_ll_sshift_r</STRONG> (Thumb, 0 bytes, Stack size 0 bytes, llsshr.o(.text), UNUSED)

<P><STRONG><a name="[45]"></a>_double_round</STRONG> (Thumb, 30 bytes, Stack size 8 bytes, depilogue.o(.text), UNUSED)
<BR><BR>[Called By]<UL><LI><a href="#[44]">&gt;&gt;</a>&nbsp;&nbsp;&nbsp;_double_epilogue
<LI><a href="#[49]">&gt;&gt;</a>&nbsp;&nbsp;&nbsp;__aeabi_ddiv
<LI><a href="#[42]">&gt;&gt;</a>&nbsp;&nbsp;&nbsp;__aeabi_dadd
</UL>

<P><STRONG><a name="[44]"></a>_double_epilogue</STRONG> (Thumb, 156 bytes, Stack size 32 bytes, depilogue.o(.text), UNUSED)
<BR><BR>[Calls]<UL><LI><a href="#[45]">&gt;&gt;</a>&nbsp;&nbsp;&nbsp;_double_round
<LI><a href="#[3c]">&gt;&gt;</a>&nbsp;&nbsp;&nbsp;__aeabi_llsr
<LI><a href="#[3d]">&gt;&gt;</a>&nbsp;&nbsp;&nbsp;__aeabi_llsl
</UL>
<BR>[Called By]<UL><LI><a href="#[48]">&gt;&gt;</a>&nbsp;&nbsp;&nbsp;__aeabi_dmul
<LI><a href="#[42]">&gt;&gt;</a>&nbsp;&nbsp;&nbsp;__aeabi_dadd
</UL>

<P><STRONG><a name="[51]"></a>ADC_Cmd</STRONG> (Thumb, 22 bytes, Stack size 0 bytes, stm32f10x_adc.o(i.ADC_Cmd))
<BR><BR>[Called By]<UL><LI><a href="#[4c]">&gt;&gt;</a>&nbsp;&nbsp;&nbsp;ADC_Multi_Channel_Config
</UL>

<P><STRONG><a name="[52]"></a>ADC_DMACmd</STRONG> (Thumb, 22 bytes, Stack size 0 bytes, stm32f10x_adc.o(i.ADC_DMACmd))
<BR><BR>[Called By]<UL><LI><a href="#[4c]">&gt;&gt;</a>&nbsp;&nbsp;&nbsp;ADC_Multi_Channel_Config
</UL>

<P><STRONG><a name="[56]"></a>ADC_GetCalibrationStatus</STRONG> (Thumb, 20 bytes, Stack size 0 bytes, stm32f10x_adc.o(i.ADC_GetCalibrationStatus))
<BR><BR>[Called By]<UL><LI><a href="#[4c]">&gt;&gt;</a>&nbsp;&nbsp;&nbsp;ADC_Multi_Channel_Config
</UL>

<P><STRONG><a name="[54]"></a>ADC_GetResetCalibrationStatus</STRONG> (Thumb, 20 bytes, Stack size 0 bytes, stm32f10x_adc.o(i.ADC_GetResetCalibrationStatus))
<BR><BR>[Called By]<UL><LI><a href="#[4c]">&gt;&gt;</a>&nbsp;&nbsp;&nbsp;ADC_Multi_Channel_Config
</UL>

<P><STRONG><a name="[4f]"></a>ADC_Init</STRONG> (Thumb, 70 bytes, Stack size 12 bytes, stm32f10x_adc.o(i.ADC_Init))
<BR><BR>[Stack]<UL><LI>Max Depth = 12<LI>Call Chain = ADC_Init
</UL>
<BR>[Called By]<UL><LI><a href="#[4c]">&gt;&gt;</a>&nbsp;&nbsp;&nbsp;ADC_Multi_Channel_Config
</UL>

<P><STRONG><a name="[4c]"></a>ADC_Multi_Channel_Config</STRONG> (Thumb, 198 bytes, Stack size 56 bytes, dma.o(i.ADC_Multi_Channel_Config))
<BR><BR>[Stack]<UL><LI>Max Depth = 80<LI>Call Chain = ADC_Multi_Channel_Config &rArr; GPIO_Init
</UL>
<BR>[Calls]<UL><LI><a href="#[4d]">&gt;&gt;</a>&nbsp;&nbsp;&nbsp;RCC_APB2PeriphClockCmd
<LI><a href="#[4e]">&gt;&gt;</a>&nbsp;&nbsp;&nbsp;GPIO_Init
<LI><a href="#[55]">&gt;&gt;</a>&nbsp;&nbsp;&nbsp;ADC_StartCalibration
<LI><a href="#[53]">&gt;&gt;</a>&nbsp;&nbsp;&nbsp;ADC_ResetCalibration
<LI><a href="#[50]">&gt;&gt;</a>&nbsp;&nbsp;&nbsp;ADC_RegularChannelConfig
<LI><a href="#[4f]">&gt;&gt;</a>&nbsp;&nbsp;&nbsp;ADC_Init
<LI><a href="#[54]">&gt;&gt;</a>&nbsp;&nbsp;&nbsp;ADC_GetResetCalibrationStatus
<LI><a href="#[56]">&gt;&gt;</a>&nbsp;&nbsp;&nbsp;ADC_GetCalibrationStatus
<LI><a href="#[52]">&gt;&gt;</a>&nbsp;&nbsp;&nbsp;ADC_DMACmd
<LI><a href="#[51]">&gt;&gt;</a>&nbsp;&nbsp;&nbsp;ADC_Cmd
</UL>
<BR>[Called By]<UL><LI><a href="#[35]">&gt;&gt;</a>&nbsp;&nbsp;&nbsp;main
</UL>

<P><STRONG><a name="[50]"></a>ADC_RegularChannelConfig</STRONG> (Thumb, 184 bytes, Stack size 20 bytes, stm32f10x_adc.o(i.ADC_RegularChannelConfig))
<BR><BR>[Stack]<UL><LI>Max Depth = 20<LI>Call Chain = ADC_RegularChannelConfig
</UL>
<BR>[Called By]<UL><LI><a href="#[4c]">&gt;&gt;</a>&nbsp;&nbsp;&nbsp;ADC_Multi_Channel_Config
</UL>

<P><STRONG><a name="[53]"></a>ADC_ResetCalibration</STRONG> (Thumb, 10 bytes, Stack size 0 bytes, stm32f10x_adc.o(i.ADC_ResetCalibration))
<BR><BR>[Called By]<UL><LI><a href="#[4c]">&gt;&gt;</a>&nbsp;&nbsp;&nbsp;ADC_Multi_Channel_Config
</UL>

<P><STRONG><a name="[62]"></a>ADC_SoftwareStartConvCmd</STRONG> (Thumb, 22 bytes, Stack size 0 bytes, stm32f10x_adc.o(i.ADC_SoftwareStartConvCmd))
<BR><BR>[Called By]<UL><LI><a href="#[61]">&gt;&gt;</a>&nbsp;&nbsp;&nbsp;DMA_Start
</UL>

<P><STRONG><a name="[55]"></a>ADC_StartCalibration</STRONG> (Thumb, 10 bytes, Stack size 0 bytes, stm32f10x_adc.o(i.ADC_StartCalibration))
<BR><BR>[Called By]<UL><LI><a href="#[4c]">&gt;&gt;</a>&nbsp;&nbsp;&nbsp;ADC_Multi_Channel_Config
</UL>

<P><STRONG><a name="[4]"></a>BusFault_Handler</STRONG> (Thumb, 4 bytes, Stack size 0 bytes, stm32f10x_it.o(i.BusFault_Handler))
<BR>[Address Reference Count : 1]<UL><LI> startup_stm32f10x_md.o(RESET)
</UL>
<P><STRONG><a name="[57]"></a>Button_Config</STRONG> (Thumb, 96 bytes, Stack size 24 bytes, button.o(i.Button_Config))
<BR><BR>[Stack]<UL><LI>Max Depth = 48<LI>Call Chain = Button_Config &rArr; GPIO_Init
</UL>
<BR>[Calls]<UL><LI><a href="#[4d]">&gt;&gt;</a>&nbsp;&nbsp;&nbsp;RCC_APB2PeriphClockCmd
<LI><a href="#[4e]">&gt;&gt;</a>&nbsp;&nbsp;&nbsp;GPIO_Init
</UL>
<BR>[Called By]<UL><LI><a href="#[35]">&gt;&gt;</a>&nbsp;&nbsp;&nbsp;main
</UL>

<P><STRONG><a name="[58]"></a>Button_OnPress</STRONG> (Thumb, 40 bytes, Stack size 24 bytes, button.o(i.Button_OnPress))
<BR><BR>[Stack]<UL><LI>Max Depth = 104<LI>Call Chain = Button_OnPress &rArr; Button_Update &rArr; SysTick_Millis &rArr; __aeabi_uldivmod
</UL>
<BR>[Calls]<UL><LI><a href="#[59]">&gt;&gt;</a>&nbsp;&nbsp;&nbsp;Button_Update
</UL>
<BR>[Called By]<UL><LI><a href="#[94]">&gt;&gt;</a>&nbsp;&nbsp;&nbsp;getButtonMode
</UL>

<P><STRONG><a name="[59]"></a>Button_Update</STRONG> (Thumb, 152 bytes, Stack size 24 bytes, button.o(i.Button_Update))
<BR><BR>[Stack]<UL><LI>Max Depth = 80<LI>Call Chain = Button_Update &rArr; SysTick_Millis &rArr; __aeabi_uldivmod
</UL>
<BR>[Calls]<UL><LI><a href="#[5b]">&gt;&gt;</a>&nbsp;&nbsp;&nbsp;GPIO_ReadInputDataBit
<LI><a href="#[5a]">&gt;&gt;</a>&nbsp;&nbsp;&nbsp;SysTick_Millis
</UL>
<BR>[Called By]<UL><LI><a href="#[58]">&gt;&gt;</a>&nbsp;&nbsp;&nbsp;Button_OnPress
</UL>

<P><STRONG><a name="[60]"></a>DMA_Cmd</STRONG> (Thumb, 24 bytes, Stack size 0 bytes, stm32f10x_dma.o(i.DMA_Cmd))
<BR><BR>[Called By]<UL><LI><a href="#[5c]">&gt;&gt;</a>&nbsp;&nbsp;&nbsp;DMA_Multi_Channel_Config
</UL>

<P><STRONG><a name="[5e]"></a>DMA_DeInit</STRONG> (Thumb, 324 bytes, Stack size 0 bytes, stm32f10x_dma.o(i.DMA_DeInit))
<BR><BR>[Called By]<UL><LI><a href="#[5c]">&gt;&gt;</a>&nbsp;&nbsp;&nbsp;DMA_Multi_Channel_Config
</UL>

<P><STRONG><a name="[5f]"></a>DMA_Init</STRONG> (Thumb, 60 bytes, Stack size 8 bytes, stm32f10x_dma.o(i.DMA_Init))
<BR><BR>[Stack]<UL><LI>Max Depth = 8<LI>Call Chain = DMA_Init
</UL>
<BR>[Called By]<UL><LI><a href="#[5c]">&gt;&gt;</a>&nbsp;&nbsp;&nbsp;DMA_Multi_Channel_Config
</UL>

<P><STRONG><a name="[5c]"></a>DMA_Multi_Channel_Config</STRONG> (Thumb, 80 bytes, Stack size 56 bytes, dma.o(i.DMA_Multi_Channel_Config))
<BR><BR>[Stack]<UL><LI>Max Depth = 64<LI>Call Chain = DMA_Multi_Channel_Config &rArr; DMA_Init
</UL>
<BR>[Calls]<UL><LI><a href="#[5d]">&gt;&gt;</a>&nbsp;&nbsp;&nbsp;RCC_AHBPeriphClockCmd
<LI><a href="#[5f]">&gt;&gt;</a>&nbsp;&nbsp;&nbsp;DMA_Init
<LI><a href="#[5e]">&gt;&gt;</a>&nbsp;&nbsp;&nbsp;DMA_DeInit
<LI><a href="#[60]">&gt;&gt;</a>&nbsp;&nbsp;&nbsp;DMA_Cmd
</UL>
<BR>[Called By]<UL><LI><a href="#[35]">&gt;&gt;</a>&nbsp;&nbsp;&nbsp;main
</UL>

<P><STRONG><a name="[61]"></a>DMA_Start</STRONG> (Thumb, 12 bytes, Stack size 8 bytes, dma.o(i.DMA_Start))
<BR><BR>[Stack]<UL><LI>Max Depth = 8<LI>Call Chain = DMA_Start
</UL>
<BR>[Calls]<UL><LI><a href="#[62]">&gt;&gt;</a>&nbsp;&nbsp;&nbsp;ADC_SoftwareStartConvCmd
</UL>
<BR>[Called By]<UL><LI><a href="#[35]">&gt;&gt;</a>&nbsp;&nbsp;&nbsp;main
</UL>

<P><STRONG><a name="[7]"></a>DebugMon_Handler</STRONG> (Thumb, 2 bytes, Stack size 0 bytes, stm32f10x_it.o(i.DebugMon_Handler))
<BR>[Address Reference Count : 1]<UL><LI> startup_stm32f10x_md.o(RESET)
</UL>
<P><STRONG><a name="[4e]"></a>GPIO_Init</STRONG> (Thumb, 278 bytes, Stack size 24 bytes, stm32f10x_gpio.o(i.GPIO_Init))
<BR><BR>[Stack]<UL><LI>Max Depth = 24<LI>Call Chain = GPIO_Init
</UL>
<BR>[Called By]<UL><LI><a href="#[76]">&gt;&gt;</a>&nbsp;&nbsp;&nbsp;Serial_Begin
<LI><a href="#[69]">&gt;&gt;</a>&nbsp;&nbsp;&nbsp;LCD_I2C_Configuration
<LI><a href="#[57]">&gt;&gt;</a>&nbsp;&nbsp;&nbsp;Button_Config
<LI><a href="#[4c]">&gt;&gt;</a>&nbsp;&nbsp;&nbsp;ADC_Multi_Channel_Config
</UL>

<P><STRONG><a name="[5b]"></a>GPIO_ReadInputDataBit</STRONG> (Thumb, 18 bytes, Stack size 0 bytes, stm32f10x_gpio.o(i.GPIO_ReadInputDataBit))
<BR><BR>[Called By]<UL><LI><a href="#[59]">&gt;&gt;</a>&nbsp;&nbsp;&nbsp;Button_Update
</UL>

<P><STRONG><a name="[2]"></a>HardFault_Handler</STRONG> (Thumb, 4 bytes, Stack size 0 bytes, stm32f10x_it.o(i.HardFault_Handler))
<BR>[Address Reference Count : 1]<UL><LI> startup_stm32f10x_md.o(RESET)
</UL>
<P><STRONG><a name="[72]"></a>I2C_CheckEvent</STRONG> (Thumb, 42 bytes, Stack size 16 bytes, stm32f10x_i2c.o(i.I2C_CheckEvent))
<BR><BR>[Stack]<UL><LI>Max Depth = 16<LI>Call Chain = I2C_CheckEvent
</UL>
<BR>[Called By]<UL><LI><a href="#[66]">&gt;&gt;</a>&nbsp;&nbsp;&nbsp;LCD_Write_Byte
</UL>

<P><STRONG><a name="[6b]"></a>I2C_Cmd</STRONG> (Thumb, 24 bytes, Stack size 0 bytes, stm32f10x_i2c.o(i.I2C_Cmd))
<BR><BR>[Called By]<UL><LI><a href="#[69]">&gt;&gt;</a>&nbsp;&nbsp;&nbsp;LCD_I2C_Configuration
</UL>

<P><STRONG><a name="[71]"></a>I2C_GenerateSTART</STRONG> (Thumb, 24 bytes, Stack size 0 bytes, stm32f10x_i2c.o(i.I2C_GenerateSTART))
<BR><BR>[Called By]<UL><LI><a href="#[66]">&gt;&gt;</a>&nbsp;&nbsp;&nbsp;LCD_Write_Byte
</UL>

<P><STRONG><a name="[75]"></a>I2C_GenerateSTOP</STRONG> (Thumb, 24 bytes, Stack size 0 bytes, stm32f10x_i2c.o(i.I2C_GenerateSTOP))
<BR><BR>[Called By]<UL><LI><a href="#[66]">&gt;&gt;</a>&nbsp;&nbsp;&nbsp;LCD_Write_Byte
</UL>

<P><STRONG><a name="[63]"></a>I2C_Init</STRONG> (Thumb, 222 bytes, Stack size 48 bytes, stm32f10x_i2c.o(i.I2C_Init))
<BR><BR>[Stack]<UL><LI>Max Depth = 60<LI>Call Chain = I2C_Init &rArr; RCC_GetClocksFreq
</UL>
<BR>[Calls]<UL><LI><a href="#[64]">&gt;&gt;</a>&nbsp;&nbsp;&nbsp;RCC_GetClocksFreq
</UL>
<BR>[Called By]<UL><LI><a href="#[69]">&gt;&gt;</a>&nbsp;&nbsp;&nbsp;LCD_I2C_Configuration
</UL>

<P><STRONG><a name="[73]"></a>I2C_Send7bitAddress</STRONG> (Thumb, 18 bytes, Stack size 0 bytes, stm32f10x_i2c.o(i.I2C_Send7bitAddress))
<BR><BR>[Called By]<UL><LI><a href="#[66]">&gt;&gt;</a>&nbsp;&nbsp;&nbsp;LCD_Write_Byte
</UL>

<P><STRONG><a name="[74]"></a>I2C_SendData</STRONG> (Thumb, 4 bytes, Stack size 0 bytes, stm32f10x_i2c.o(i.I2C_SendData))
<BR><BR>[Called By]<UL><LI><a href="#[66]">&gt;&gt;</a>&nbsp;&nbsp;&nbsp;LCD_Write_Byte
</UL>

<P><STRONG><a name="[65]"></a>LCD_Cmd_Write</STRONG> (Thumb, 66 bytes, Stack size 24 bytes, lcd_i2c.o(i.LCD_Cmd_Write))
<BR><BR>[Stack]<UL><LI>Max Depth = 48<LI>Call Chain = LCD_Cmd_Write &rArr; LCD_Write_Byte &rArr; I2C_CheckEvent
</UL>
<BR>[Calls]<UL><LI><a href="#[66]">&gt;&gt;</a>&nbsp;&nbsp;&nbsp;LCD_Write_Byte
</UL>
<BR>[Called By]<UL><LI><a href="#[6c]">&gt;&gt;</a>&nbsp;&nbsp;&nbsp;LCD_Init
<LI><a href="#[68]">&gt;&gt;</a>&nbsp;&nbsp;&nbsp;LCD_Gotoxy
</UL>

<P><STRONG><a name="[67]"></a>LCD_Data_Write</STRONG> (Thumb, 70 bytes, Stack size 24 bytes, lcd_i2c.o(i.LCD_Data_Write))
<BR><BR>[Stack]<UL><LI>Max Depth = 48<LI>Call Chain = LCD_Data_Write &rArr; LCD_Write_Byte &rArr; I2C_CheckEvent
</UL>
<BR>[Calls]<UL><LI><a href="#[66]">&gt;&gt;</a>&nbsp;&nbsp;&nbsp;LCD_Write_Byte
</UL>
<BR>[Called By]<UL><LI><a href="#[6e]">&gt;&gt;</a>&nbsp;&nbsp;&nbsp;LCD_Printf
</UL>

<P><STRONG><a name="[68]"></a>LCD_Gotoxy</STRONG> (Thumb, 74 bytes, Stack size 16 bytes, lcd_i2c.o(i.LCD_Gotoxy))
<BR><BR>[Stack]<UL><LI>Max Depth = 64<LI>Call Chain = LCD_Gotoxy &rArr; LCD_Cmd_Write &rArr; LCD_Write_Byte &rArr; I2C_CheckEvent
</UL>
<BR>[Calls]<UL><LI><a href="#[65]">&gt;&gt;</a>&nbsp;&nbsp;&nbsp;LCD_Cmd_Write
</UL>
<BR>[Called By]<UL><LI><a href="#[35]">&gt;&gt;</a>&nbsp;&nbsp;&nbsp;main
</UL>

<P><STRONG><a name="[69]"></a>LCD_I2C_Configuration</STRONG> (Thumb, 104 bytes, Stack size 24 bytes, lcd_i2c.o(i.LCD_I2C_Configuration))
<BR><BR>[Stack]<UL><LI>Max Depth = 84<LI>Call Chain = LCD_I2C_Configuration &rArr; I2C_Init &rArr; RCC_GetClocksFreq
</UL>
<BR>[Calls]<UL><LI><a href="#[4d]">&gt;&gt;</a>&nbsp;&nbsp;&nbsp;RCC_APB2PeriphClockCmd
<LI><a href="#[6a]">&gt;&gt;</a>&nbsp;&nbsp;&nbsp;RCC_APB1PeriphClockCmd
<LI><a href="#[4e]">&gt;&gt;</a>&nbsp;&nbsp;&nbsp;GPIO_Init
<LI><a href="#[63]">&gt;&gt;</a>&nbsp;&nbsp;&nbsp;I2C_Init
<LI><a href="#[6b]">&gt;&gt;</a>&nbsp;&nbsp;&nbsp;I2C_Cmd
</UL>
<BR>[Called By]<UL><LI><a href="#[35]">&gt;&gt;</a>&nbsp;&nbsp;&nbsp;main
</UL>

<P><STRONG><a name="[6c]"></a>LCD_Init</STRONG> (Thumb, 88 bytes, Stack size 8 bytes, lcd_i2c.o(i.LCD_Init))
<BR><BR>[Stack]<UL><LI>Max Depth = 56<LI>Call Chain = LCD_Init &rArr; LCD_Cmd_Write &rArr; LCD_Write_Byte &rArr; I2C_CheckEvent
</UL>
<BR>[Calls]<UL><LI><a href="#[65]">&gt;&gt;</a>&nbsp;&nbsp;&nbsp;LCD_Cmd_Write
<LI><a href="#[6d]">&gt;&gt;</a>&nbsp;&nbsp;&nbsp;delay_ms
</UL>
<BR>[Called By]<UL><LI><a href="#[35]">&gt;&gt;</a>&nbsp;&nbsp;&nbsp;main
</UL>

<P><STRONG><a name="[6e]"></a>LCD_Printf</STRONG> (Thumb, 62 bytes, Stack size 48 bytes, lcd_i2c.o(i.LCD_Printf))
<BR><BR>[Stack]<UL><LI>Max Depth = 96<LI>Call Chain = LCD_Printf &rArr; LCD_Data_Write &rArr; LCD_Write_Byte &rArr; I2C_CheckEvent
</UL>
<BR>[Calls]<UL><LI><a href="#[70]">&gt;&gt;</a>&nbsp;&nbsp;&nbsp;strlen
<LI><a href="#[67]">&gt;&gt;</a>&nbsp;&nbsp;&nbsp;LCD_Data_Write
<LI><a href="#[6f]">&gt;&gt;</a>&nbsp;&nbsp;&nbsp;vsprintf
</UL>
<BR>[Called By]<UL><LI><a href="#[35]">&gt;&gt;</a>&nbsp;&nbsp;&nbsp;main
</UL>

<P><STRONG><a name="[66]"></a>LCD_Write_Byte</STRONG> (Thumb, 84 bytes, Stack size 8 bytes, lcd_i2c.o(i.LCD_Write_Byte))
<BR><BR>[Stack]<UL><LI>Max Depth = 24<LI>Call Chain = LCD_Write_Byte &rArr; I2C_CheckEvent
</UL>
<BR>[Calls]<UL><LI><a href="#[74]">&gt;&gt;</a>&nbsp;&nbsp;&nbsp;I2C_SendData
<LI><a href="#[73]">&gt;&gt;</a>&nbsp;&nbsp;&nbsp;I2C_Send7bitAddress
<LI><a href="#[75]">&gt;&gt;</a>&nbsp;&nbsp;&nbsp;I2C_GenerateSTOP
<LI><a href="#[71]">&gt;&gt;</a>&nbsp;&nbsp;&nbsp;I2C_GenerateSTART
<LI><a href="#[72]">&gt;&gt;</a>&nbsp;&nbsp;&nbsp;I2C_CheckEvent
</UL>
<BR>[Called By]<UL><LI><a href="#[67]">&gt;&gt;</a>&nbsp;&nbsp;&nbsp;LCD_Data_Write
<LI><a href="#[65]">&gt;&gt;</a>&nbsp;&nbsp;&nbsp;LCD_Cmd_Write
</UL>

<P><STRONG><a name="[3]"></a>MemManage_Handler</STRONG> (Thumb, 4 bytes, Stack size 0 bytes, stm32f10x_it.o(i.MemManage_Handler))
<BR>[Address Reference Count : 1]<UL><LI> startup_stm32f10x_md.o(RESET)
</UL>
<P><STRONG><a name="[1]"></a>NMI_Handler</STRONG> (Thumb, 2 bytes, Stack size 0 bytes, stm32f10x_it.o(i.NMI_Handler))
<BR>[Address Reference Count : 1]<UL><LI> startup_stm32f10x_md.o(RESET)
</UL>
<P><STRONG><a name="[7c]"></a>NVIC_Init</STRONG> (Thumb, 100 bytes, Stack size 16 bytes, misc.o(i.NVIC_Init))
<BR><BR>[Stack]<UL><LI>Max Depth = 16<LI>Call Chain = NVIC_Init
</UL>
<BR>[Called By]<UL><LI><a href="#[76]">&gt;&gt;</a>&nbsp;&nbsp;&nbsp;Serial_Begin
</UL>

<P><STRONG><a name="[7b]"></a>NVIC_PriorityGroupConfig</STRONG> (Thumb, 10 bytes, Stack size 0 bytes, misc.o(i.NVIC_PriorityGroupConfig))
<BR><BR>[Called By]<UL><LI><a href="#[76]">&gt;&gt;</a>&nbsp;&nbsp;&nbsp;Serial_Begin
</UL>

<P><STRONG><a name="[8]"></a>PendSV_Handler</STRONG> (Thumb, 2 bytes, Stack size 0 bytes, stm32f10x_it.o(i.PendSV_Handler))
<BR>[Address Reference Count : 1]<UL><LI> startup_stm32f10x_md.o(RESET)
</UL>
<P><STRONG><a name="[77]"></a>RB_Init</STRONG> (Thumb, 12 bytes, Stack size 0 bytes, ringbuffer.o(i.RB_Init))
<BR><BR>[Called By]<UL><LI><a href="#[76]">&gt;&gt;</a>&nbsp;&nbsp;&nbsp;Serial_Begin
</UL>

<P><STRONG><a name="[8a]"></a>RB_Push</STRONG> (Thumb, 48 bytes, Stack size 8 bytes, ringbuffer.o(i.RB_Push))
<BR><BR>[Stack]<UL><LI>Max Depth = 8<LI>Call Chain = RB_Push
</UL>
<BR>[Called By]<UL><LI><a href="#[2f]">&gt;&gt;</a>&nbsp;&nbsp;&nbsp;USART1_IRQHandler
</UL>

<P><STRONG><a name="[5d]"></a>RCC_AHBPeriphClockCmd</STRONG> (Thumb, 26 bytes, Stack size 0 bytes, stm32f10x_rcc.o(i.RCC_AHBPeriphClockCmd))
<BR><BR>[Called By]<UL><LI><a href="#[5c]">&gt;&gt;</a>&nbsp;&nbsp;&nbsp;DMA_Multi_Channel_Config
</UL>

<P><STRONG><a name="[6a]"></a>RCC_APB1PeriphClockCmd</STRONG> (Thumb, 26 bytes, Stack size 0 bytes, stm32f10x_rcc.o(i.RCC_APB1PeriphClockCmd))
<BR><BR>[Called By]<UL><LI><a href="#[69]">&gt;&gt;</a>&nbsp;&nbsp;&nbsp;LCD_I2C_Configuration
</UL>

<P><STRONG><a name="[4d]"></a>RCC_APB2PeriphClockCmd</STRONG> (Thumb, 26 bytes, Stack size 0 bytes, stm32f10x_rcc.o(i.RCC_APB2PeriphClockCmd))
<BR><BR>[Called By]<UL><LI><a href="#[76]">&gt;&gt;</a>&nbsp;&nbsp;&nbsp;Serial_Begin
<LI><a href="#[69]">&gt;&gt;</a>&nbsp;&nbsp;&nbsp;LCD_I2C_Configuration
<LI><a href="#[57]">&gt;&gt;</a>&nbsp;&nbsp;&nbsp;Button_Config
<LI><a href="#[4c]">&gt;&gt;</a>&nbsp;&nbsp;&nbsp;ADC_Multi_Channel_Config
</UL>

<P><STRONG><a name="[64]"></a>RCC_GetClocksFreq</STRONG> (Thumb, 192 bytes, Stack size 12 bytes, stm32f10x_rcc.o(i.RCC_GetClocksFreq))
<BR><BR>[Stack]<UL><LI>Max Depth = 12<LI>Call Chain = RCC_GetClocksFreq
</UL>
<BR>[Called By]<UL><LI><a href="#[78]">&gt;&gt;</a>&nbsp;&nbsp;&nbsp;USART_Init
<LI><a href="#[63]">&gt;&gt;</a>&nbsp;&nbsp;&nbsp;I2C_Init
</UL>

<P><STRONG><a name="[6]"></a>SVC_Handler</STRONG> (Thumb, 2 bytes, Stack size 0 bytes, stm32f10x_it.o(i.SVC_Handler))
<BR>[Address Reference Count : 1]<UL><LI> startup_stm32f10x_md.o(RESET)
</UL>
<P><STRONG><a name="[76]"></a>Serial_Begin</STRONG> (Thumb, 206 bytes, Stack size 40 bytes, serial.o(i.Serial_Begin))
<BR><BR>[Stack]<UL><LI>Max Depth = 108<LI>Call Chain = Serial_Begin &rArr; USART_Init &rArr; RCC_GetClocksFreq
</UL>
<BR>[Calls]<UL><LI><a href="#[4d]">&gt;&gt;</a>&nbsp;&nbsp;&nbsp;RCC_APB2PeriphClockCmd
<LI><a href="#[4e]">&gt;&gt;</a>&nbsp;&nbsp;&nbsp;GPIO_Init
<LI><a href="#[7b]">&gt;&gt;</a>&nbsp;&nbsp;&nbsp;NVIC_PriorityGroupConfig
<LI><a href="#[7c]">&gt;&gt;</a>&nbsp;&nbsp;&nbsp;NVIC_Init
<LI><a href="#[78]">&gt;&gt;</a>&nbsp;&nbsp;&nbsp;USART_Init
<LI><a href="#[7a]">&gt;&gt;</a>&nbsp;&nbsp;&nbsp;USART_ITConfig
<LI><a href="#[79]">&gt;&gt;</a>&nbsp;&nbsp;&nbsp;USART_Cmd
<LI><a href="#[77]">&gt;&gt;</a>&nbsp;&nbsp;&nbsp;RB_Init
</UL>
<BR>[Called By]<UL><LI><a href="#[35]">&gt;&gt;</a>&nbsp;&nbsp;&nbsp;main
</UL>

<P><STRONG><a name="[7d]"></a>Serial_Printf</STRONG> (Thumb, 38 bytes, Stack size 128 bytes, serial.o(i.Serial_Printf))
<BR><BR>[Stack]<UL><LI>Max Depth = 160<LI>Call Chain = Serial_Printf &rArr; UART_SendString &rArr; UART_SendChar
</UL>
<BR>[Calls]<UL><LI><a href="#[7e]">&gt;&gt;</a>&nbsp;&nbsp;&nbsp;UART_SendString
<LI><a href="#[6f]">&gt;&gt;</a>&nbsp;&nbsp;&nbsp;vsprintf
</UL>
<BR>[Called By]<UL><LI><a href="#[27]">&gt;&gt;</a>&nbsp;&nbsp;&nbsp;TIM3_IRQHandler
</UL>

<P><STRONG><a name="[93]"></a>SysTick32</STRONG> (Thumb, 16 bytes, Stack size 0 bytes, delay.o(i.SysTick32))
<BR><BR>[Called By]<UL><LI><a href="#[92]">&gt;&gt;</a>&nbsp;&nbsp;&nbsp;delay_us
</UL>

<P><STRONG><a name="[81]"></a>SysTick64</STRONG> (Thumb, 30 bytes, Stack size 0 bytes, delay.o(i.SysTick64))
<BR><BR>[Called By]<UL><LI><a href="#[5a]">&gt;&gt;</a>&nbsp;&nbsp;&nbsp;SysTick_Millis
</UL>

<P><STRONG><a name="[9]"></a>SysTick_Handler</STRONG> (Thumb, 12 bytes, Stack size 0 bytes, delay.o(i.SysTick_Handler))
<BR>[Address Reference Count : 1]<UL><LI> startup_stm32f10x_md.o(RESET)
</UL>
<P><STRONG><a name="[95]"></a>SysTick_Init</STRONG> (Thumb, 16 bytes, Stack size 0 bytes, delay.o(i.SysTick_Init))
<BR><BR>[Called By]<UL><LI><a href="#[35]">&gt;&gt;</a>&nbsp;&nbsp;&nbsp;main
</UL>

<P><STRONG><a name="[5a]"></a>SysTick_Millis</STRONG> (Thumb, 18 bytes, Stack size 16 bytes, delay.o(i.SysTick_Millis))
<BR><BR>[Stack]<UL><LI>Max Depth = 56<LI>Call Chain = SysTick_Millis &rArr; __aeabi_uldivmod
</UL>
<BR>[Calls]<UL><LI><a href="#[3b]">&gt;&gt;</a>&nbsp;&nbsp;&nbsp;__aeabi_uldivmod
<LI><a href="#[81]">&gt;&gt;</a>&nbsp;&nbsp;&nbsp;SysTick64
</UL>
<BR>[Called By]<UL><LI><a href="#[59]">&gt;&gt;</a>&nbsp;&nbsp;&nbsp;Button_Update
</UL>

<P><STRONG><a name="[36]"></a>SystemInit</STRONG> (Thumb, 78 bytes, Stack size 8 bytes, system_stm32f10x.o(i.SystemInit))
<BR><BR>[Stack]<UL><LI>Max Depth = 28<LI>Call Chain = SystemInit &rArr; SetSysClock &rArr; SetSysClockTo72
</UL>
<BR>[Calls]<UL><LI><a href="#[7f]">&gt;&gt;</a>&nbsp;&nbsp;&nbsp;SetSysClock
</UL>
<BR>[Address Reference Count : 1]<UL><LI> startup_stm32f10x_md.o(.text)
</UL>
<P><STRONG><a name="[27]"></a>TIM3_IRQHandler</STRONG> (Thumb, 186 bytes, Stack size 16 bytes, main.o(i.TIM3_IRQHandler))
<BR><BR>[Stack]<UL><LI>Max Depth = 176<LI>Call Chain = TIM3_IRQHandler &rArr; Serial_Printf &rArr; UART_SendString &rArr; UART_SendChar
</UL>
<BR>[Calls]<UL><LI><a href="#[40]">&gt;&gt;</a>&nbsp;&nbsp;&nbsp;__aeabi_ui2f
<LI><a href="#[3e]">&gt;&gt;</a>&nbsp;&nbsp;&nbsp;__aeabi_fdiv
<LI><a href="#[85]">&gt;&gt;</a>&nbsp;&nbsp;&nbsp;__aeabi_f2d
<LI><a href="#[7d]">&gt;&gt;</a>&nbsp;&nbsp;&nbsp;Serial_Printf
<LI><a href="#[82]">&gt;&gt;</a>&nbsp;&nbsp;&nbsp;TIM_GetITStatus
<LI><a href="#[84]">&gt;&gt;</a>&nbsp;&nbsp;&nbsp;TIM_GetCapture2
<LI><a href="#[83]">&gt;&gt;</a>&nbsp;&nbsp;&nbsp;TIM_ClearITPendingBit
</UL>
<BR>[Address Reference Count : 1]<UL><LI> startup_stm32f10x_md.o(RESET)
</UL>
<P><STRONG><a name="[83]"></a>TIM_ClearITPendingBit</STRONG> (Thumb, 6 bytes, Stack size 0 bytes, stm32f10x_tim.o(i.TIM_ClearITPendingBit))
<BR><BR>[Called By]<UL><LI><a href="#[27]">&gt;&gt;</a>&nbsp;&nbsp;&nbsp;TIM3_IRQHandler
</UL>

<P><STRONG><a name="[84]"></a>TIM_GetCapture2</STRONG> (Thumb, 6 bytes, Stack size 0 bytes, stm32f10x_tim.o(i.TIM_GetCapture2))
<BR><BR>[Called By]<UL><LI><a href="#[27]">&gt;&gt;</a>&nbsp;&nbsp;&nbsp;TIM3_IRQHandler
</UL>

<P><STRONG><a name="[82]"></a>TIM_GetITStatus</STRONG> (Thumb, 34 bytes, Stack size 12 bytes, stm32f10x_tim.o(i.TIM_GetITStatus))
<BR><BR>[Stack]<UL><LI>Max Depth = 12<LI>Call Chain = TIM_GetITStatus
</UL>
<BR>[Called By]<UL><LI><a href="#[27]">&gt;&gt;</a>&nbsp;&nbsp;&nbsp;TIM3_IRQHandler
</UL>

<P><STRONG><a name="[86]"></a>UART_SendChar</STRONG> (Thumb, 34 bytes, Stack size 16 bytes, serial.o(i.UART_SendChar))
<BR><BR>[Stack]<UL><LI>Max Depth = 16<LI>Call Chain = UART_SendChar
</UL>
<BR>[Calls]<UL><LI><a href="#[87]">&gt;&gt;</a>&nbsp;&nbsp;&nbsp;USART_SendData
<LI><a href="#[88]">&gt;&gt;</a>&nbsp;&nbsp;&nbsp;USART_GetFlagStatus
</UL>
<BR>[Called By]<UL><LI><a href="#[7e]">&gt;&gt;</a>&nbsp;&nbsp;&nbsp;UART_SendString
</UL>

<P><STRONG><a name="[7e]"></a>UART_SendString</STRONG> (Thumb, 26 bytes, Stack size 16 bytes, serial.o(i.UART_SendString))
<BR><BR>[Stack]<UL><LI>Max Depth = 32<LI>Call Chain = UART_SendString &rArr; UART_SendChar
</UL>
<BR>[Calls]<UL><LI><a href="#[86]">&gt;&gt;</a>&nbsp;&nbsp;&nbsp;UART_SendChar
</UL>
<BR>[Called By]<UL><LI><a href="#[7d]">&gt;&gt;</a>&nbsp;&nbsp;&nbsp;Serial_Printf
</UL>

<P><STRONG><a name="[2f]"></a>USART1_IRQHandler</STRONG> (Thumb, 20 bytes, Stack size 8 bytes, serial.o(i.USART1_IRQHandler))
<BR><BR>[Stack]<UL><LI>Max Depth = 24<LI>Call Chain = USART1_IRQHandler &rArr; USART_GetChar
</UL>
<BR>[Calls]<UL><LI><a href="#[89]">&gt;&gt;</a>&nbsp;&nbsp;&nbsp;USART_GetChar
<LI><a href="#[8a]">&gt;&gt;</a>&nbsp;&nbsp;&nbsp;RB_Push
</UL>
<BR>[Address Reference Count : 1]<UL><LI> startup_stm32f10x_md.o(RESET)
</UL>
<P><STRONG><a name="[79]"></a>USART_Cmd</STRONG> (Thumb, 24 bytes, Stack size 0 bytes, stm32f10x_usart.o(i.USART_Cmd))
<BR><BR>[Called By]<UL><LI><a href="#[76]">&gt;&gt;</a>&nbsp;&nbsp;&nbsp;Serial_Begin
</UL>

<P><STRONG><a name="[89]"></a>USART_GetChar</STRONG> (Thumb, 28 bytes, Stack size 16 bytes, serial.o(i.USART_GetChar))
<BR><BR>[Stack]<UL><LI>Max Depth = 16<LI>Call Chain = USART_GetChar
</UL>
<BR>[Calls]<UL><LI><a href="#[88]">&gt;&gt;</a>&nbsp;&nbsp;&nbsp;USART_GetFlagStatus
</UL>
<BR>[Called By]<UL><LI><a href="#[2f]">&gt;&gt;</a>&nbsp;&nbsp;&nbsp;USART1_IRQHandler
</UL>

<P><STRONG><a name="[88]"></a>USART_GetFlagStatus</STRONG> (Thumb, 26 bytes, Stack size 0 bytes, stm32f10x_usart.o(i.USART_GetFlagStatus))
<BR><BR>[Called By]<UL><LI><a href="#[89]">&gt;&gt;</a>&nbsp;&nbsp;&nbsp;USART_GetChar
<LI><a href="#[86]">&gt;&gt;</a>&nbsp;&nbsp;&nbsp;UART_SendChar
</UL>

<P><STRONG><a name="[7a]"></a>USART_ITConfig</STRONG> (Thumb, 74 bytes, Stack size 20 bytes, stm32f10x_usart.o(i.USART_ITConfig))
<BR><BR>[Stack]<UL><LI>Max Depth = 20<LI>Call Chain = USART_ITConfig
</UL>
<BR>[Called By]<UL><LI><a href="#[76]">&gt;&gt;</a>&nbsp;&nbsp;&nbsp;Serial_Begin
</UL>

<P><STRONG><a name="[78]"></a>USART_Init</STRONG> (Thumb, 210 bytes, Stack size 56 bytes, stm32f10x_usart.o(i.USART_Init))
<BR><BR>[Stack]<UL><LI>Max Depth = 68<LI>Call Chain = USART_Init &rArr; RCC_GetClocksFreq
</UL>
<BR>[Calls]<UL><LI><a href="#[64]">&gt;&gt;</a>&nbsp;&nbsp;&nbsp;RCC_GetClocksFreq
</UL>
<BR>[Called By]<UL><LI><a href="#[76]">&gt;&gt;</a>&nbsp;&nbsp;&nbsp;Serial_Begin
</UL>

<P><STRONG><a name="[87]"></a>USART_SendData</STRONG> (Thumb, 8 bytes, Stack size 0 bytes, stm32f10x_usart.o(i.USART_SendData))
<BR><BR>[Called By]<UL><LI><a href="#[86]">&gt;&gt;</a>&nbsp;&nbsp;&nbsp;UART_SendChar
</UL>

<P><STRONG><a name="[5]"></a>UsageFault_Handler</STRONG> (Thumb, 4 bytes, Stack size 0 bytes, stm32f10x_it.o(i.UsageFault_Handler))
<BR>[Address Reference Count : 1]<UL><LI> startup_stm32f10x_md.o(RESET)
</UL>
<P><STRONG><a name="[8b]"></a>__0vsprintf</STRONG> (Thumb, 30 bytes, Stack size 24 bytes, printfa.o(i.__0vsprintf), UNUSED)
<BR><BR>[Calls]<UL><LI><a href="#[38]">&gt;&gt;</a>&nbsp;&nbsp;&nbsp;_sputc
<LI><a href="#[8c]">&gt;&gt;</a>&nbsp;&nbsp;&nbsp;_printf_core
</UL>

<P><STRONG><a name="[a2]"></a>__1vsprintf</STRONG> (Thumb, 0 bytes, Stack size 24 bytes, printfa.o(i.__0vsprintf), UNUSED)

<P><STRONG><a name="[a3]"></a>__2vsprintf</STRONG> (Thumb, 0 bytes, Stack size 24 bytes, printfa.o(i.__0vsprintf), UNUSED)

<P><STRONG><a name="[a4]"></a>__c89vsprintf</STRONG> (Thumb, 0 bytes, Stack size 24 bytes, printfa.o(i.__0vsprintf), UNUSED)

<P><STRONG><a name="[6f]"></a>vsprintf</STRONG> (Thumb, 0 bytes, Stack size 24 bytes, printfa.o(i.__0vsprintf))
<BR><BR>[Stack]<UL><LI>Max Depth = 24<LI>Call Chain = vsprintf
</UL>
<BR>[Called By]<UL><LI><a href="#[7d]">&gt;&gt;</a>&nbsp;&nbsp;&nbsp;Serial_Printf
<LI><a href="#[6e]">&gt;&gt;</a>&nbsp;&nbsp;&nbsp;LCD_Printf
</UL>

<P><STRONG><a name="[a5]"></a>__scatterload_copy</STRONG> (Thumb, 14 bytes, Stack size unknown bytes, handlers.o(i.__scatterload_copy), UNUSED)

<P><STRONG><a name="[a6]"></a>__scatterload_null</STRONG> (Thumb, 2 bytes, Stack size unknown bytes, handlers.o(i.__scatterload_null), UNUSED)

<P><STRONG><a name="[a7]"></a>__scatterload_zeroinit</STRONG> (Thumb, 14 bytes, Stack size unknown bytes, handlers.o(i.__scatterload_zeroinit), UNUSED)

<P><STRONG><a name="[6d]"></a>delay_ms</STRONG> (Thumb, 22 bytes, Stack size 8 bytes, delay.o(i.delay_ms))
<BR><BR>[Stack]<UL><LI>Max Depth = 12<LI>Call Chain = delay_ms &rArr; delay_us
</UL>
<BR>[Calls]<UL><LI><a href="#[92]">&gt;&gt;</a>&nbsp;&nbsp;&nbsp;delay_us
</UL>
<BR>[Called By]<UL><LI><a href="#[6c]">&gt;&gt;</a>&nbsp;&nbsp;&nbsp;LCD_Init
</UL>

<P><STRONG><a name="[92]"></a>delay_us</STRONG> (Thumb, 30 bytes, Stack size 4 bytes, delay.o(i.delay_us))
<BR><BR>[Stack]<UL><LI>Max Depth = 4<LI>Call Chain = delay_us
</UL>
<BR>[Calls]<UL><LI><a href="#[93]">&gt;&gt;</a>&nbsp;&nbsp;&nbsp;SysTick32
</UL>
<BR>[Called By]<UL><LI><a href="#[6d]">&gt;&gt;</a>&nbsp;&nbsp;&nbsp;delay_ms
</UL>

<P><STRONG><a name="[94]"></a>getButtonMode</STRONG> (Thumb, 72 bytes, Stack size 8 bytes, main.o(i.getButtonMode))
<BR><BR>[Stack]<UL><LI>Max Depth = 112<LI>Call Chain = getButtonMode &rArr; Button_OnPress &rArr; Button_Update &rArr; SysTick_Millis &rArr; __aeabi_uldivmod
</UL>
<BR>[Calls]<UL><LI><a href="#[58]">&gt;&gt;</a>&nbsp;&nbsp;&nbsp;Button_OnPress
</UL>
<BR>[Called By]<UL><LI><a href="#[35]">&gt;&gt;</a>&nbsp;&nbsp;&nbsp;main
</UL>

<P><STRONG><a name="[35]"></a>main</STRONG> (Thumb, 112 bytes, Stack size 0 bytes, main.o(i.main))
<BR><BR>[Stack]<UL><LI>Max Depth = 112<LI>Call Chain = main &rArr; getButtonMode &rArr; Button_OnPress &rArr; Button_Update &rArr; SysTick_Millis &rArr; __aeabi_uldivmod
</UL>
<BR>[Calls]<UL><LI><a href="#[95]">&gt;&gt;</a>&nbsp;&nbsp;&nbsp;SysTick_Init
<LI><a href="#[76]">&gt;&gt;</a>&nbsp;&nbsp;&nbsp;Serial_Begin
<LI><a href="#[6e]">&gt;&gt;</a>&nbsp;&nbsp;&nbsp;LCD_Printf
<LI><a href="#[6c]">&gt;&gt;</a>&nbsp;&nbsp;&nbsp;LCD_Init
<LI><a href="#[69]">&gt;&gt;</a>&nbsp;&nbsp;&nbsp;LCD_I2C_Configuration
<LI><a href="#[68]">&gt;&gt;</a>&nbsp;&nbsp;&nbsp;LCD_Gotoxy
<LI><a href="#[61]">&gt;&gt;</a>&nbsp;&nbsp;&nbsp;DMA_Start
<LI><a href="#[5c]">&gt;&gt;</a>&nbsp;&nbsp;&nbsp;DMA_Multi_Channel_Config
<LI><a href="#[57]">&gt;&gt;</a>&nbsp;&nbsp;&nbsp;Button_Config
<LI><a href="#[4c]">&gt;&gt;</a>&nbsp;&nbsp;&nbsp;ADC_Multi_Channel_Config
<LI><a href="#[94]">&gt;&gt;</a>&nbsp;&nbsp;&nbsp;getButtonMode
</UL>
<BR>[Address Reference Count : 1]<UL><LI> entry9a.o(.ARM.Collect$$$$0000000B)
</UL><P>
<H3>
Local Symbols
</H3>
<P><STRONG><a name="[7f]"></a>SetSysClock</STRONG> (Thumb, 8 bytes, Stack size 8 bytes, system_stm32f10x.o(i.SetSysClock))
<BR><BR>[Stack]<UL><LI>Max Depth = 20<LI>Call Chain = SetSysClock &rArr; SetSysClockTo72
</UL>
<BR>[Calls]<UL><LI><a href="#[80]">&gt;&gt;</a>&nbsp;&nbsp;&nbsp;SetSysClockTo72
</UL>
<BR>[Called By]<UL><LI><a href="#[36]">&gt;&gt;</a>&nbsp;&nbsp;&nbsp;SystemInit
</UL>

<P><STRONG><a name="[80]"></a>SetSysClockTo72</STRONG> (Thumb, 214 bytes, Stack size 12 bytes, system_stm32f10x.o(i.SetSysClockTo72))
<BR><BR>[Stack]<UL><LI>Max Depth = 12<LI>Call Chain = SetSysClockTo72
</UL>
<BR>[Called By]<UL><LI><a href="#[7f]">&gt;&gt;</a>&nbsp;&nbsp;&nbsp;SetSysClock
</UL>

<P><STRONG><a name="[8d]"></a>_fp_digits</STRONG> (Thumb, 366 bytes, Stack size 64 bytes, printfa.o(i._fp_digits), UNUSED)
<BR><BR>[Calls]<UL><LI><a href="#[3b]">&gt;&gt;</a>&nbsp;&nbsp;&nbsp;__aeabi_uldivmod
<LI><a href="#[48]">&gt;&gt;</a>&nbsp;&nbsp;&nbsp;__aeabi_dmul
<LI><a href="#[49]">&gt;&gt;</a>&nbsp;&nbsp;&nbsp;__aeabi_ddiv
<LI><a href="#[42]">&gt;&gt;</a>&nbsp;&nbsp;&nbsp;__aeabi_dadd
<LI><a href="#[4a]">&gt;&gt;</a>&nbsp;&nbsp;&nbsp;__aeabi_d2ulz
<LI><a href="#[8e]">&gt;&gt;</a>&nbsp;&nbsp;&nbsp;__aeabi_cdrcmple
</UL>
<BR>[Called By]<UL><LI><a href="#[8c]">&gt;&gt;</a>&nbsp;&nbsp;&nbsp;_printf_core
</UL>

<P><STRONG><a name="[8c]"></a>_printf_core</STRONG> (Thumb, 1744 bytes, Stack size 136 bytes, printfa.o(i._printf_core), UNUSED)
<BR><BR>[Calls]<UL><LI><a href="#[8f]">&gt;&gt;</a>&nbsp;&nbsp;&nbsp;_printf_pre_padding
<LI><a href="#[90]">&gt;&gt;</a>&nbsp;&nbsp;&nbsp;_printf_post_padding
<LI><a href="#[8d]">&gt;&gt;</a>&nbsp;&nbsp;&nbsp;_fp_digits
<LI><a href="#[3b]">&gt;&gt;</a>&nbsp;&nbsp;&nbsp;__aeabi_uldivmod
<LI><a href="#[91]">&gt;&gt;</a>&nbsp;&nbsp;&nbsp;__aeabi_uidivmod
</UL>
<BR>[Called By]<UL><LI><a href="#[8b]">&gt;&gt;</a>&nbsp;&nbsp;&nbsp;__0vsprintf
</UL>

<P><STRONG><a name="[90]"></a>_printf_post_padding</STRONG> (Thumb, 36 bytes, Stack size 24 bytes, printfa.o(i._printf_post_padding), UNUSED)
<BR><BR>[Called By]<UL><LI><a href="#[8c]">&gt;&gt;</a>&nbsp;&nbsp;&nbsp;_printf_core
</UL>

<P><STRONG><a name="[8f]"></a>_printf_pre_padding</STRONG> (Thumb, 46 bytes, Stack size 24 bytes, printfa.o(i._printf_pre_padding), UNUSED)
<BR><BR>[Called By]<UL><LI><a href="#[8c]">&gt;&gt;</a>&nbsp;&nbsp;&nbsp;_printf_core
</UL>

<P><STRONG><a name="[38]"></a>_sputc</STRONG> (Thumb, 10 bytes, Stack size 0 bytes, printfa.o(i._sputc))
<BR><BR>[Called By]<UL><LI><a href="#[8b]">&gt;&gt;</a>&nbsp;&nbsp;&nbsp;__0vsprintf
</UL>
<BR>[Address Reference Count : 1]<UL><LI> printfa.o(i.__0vsprintf)
</UL><P>
<H3>
Undefined Global Symbols
</H3><HR></body></html>
